MPLINK 4.38, Linker
Linker Map File - Created Sun May 22 14:33:59 2016

                                 Section Info
                  Section       Type    Address   Location Size(Bytes)
                ---------  ---------  ---------  ---------  ---------
                   .org_0       code   0x000000    program   0x000000
                   .org_1       code   0x000000    program   0x000002
                   .org_2       code   0x000004    program   0x000002
                   .org_3       code   0x000005    program   0x0000cc
.config_2007_STEPPERMOTORV4.O       code   0x002007    program   0x000002



                              Program Memory Usage 
                               Start         End      
                           ---------   ---------      
                            0x000000    0x000000      
                            0x000004    0x00006a      
                            0x002007    0x002007      
            105 out of 1030 program addresses used, program memory utilization is 10%



                              Symbols - Sorted by Name
                     Name    Address   Location    Storage File                     
                ---------  ---------  ---------  --------- ---------                
                    Clear   0x000069    program     static U:\_ME218cTeams\Team 10\ME218C\Stepper Code\StepperMotorV4.asm
                     Done   0x00006a    program     static U:\_ME218cTeams\Team 10\ME218C\Stepper Code\StepperMotorV4.asm
          EndDirectionSet   0x000059    program     static U:\_ME218cTeams\Team 10\ME218C\Stepper Code\StepperMotorV4.asm
                   EndTBL   0x00000a    program     static U:\_ME218cTeams\Team 10\ME218C\Stepper Code\StepperMotorV4.asm
        ExternalInterrupt   0x000043    program     static U:\_ME218cTeams\Team 10\ME218C\Stepper Code\StepperMotorV4.asm
                  Forward   0x000052    program     static U:\_ME218cTeams\Team 10\ME218C\Stepper Code\StepperMotorV4.asm
            FullStepDrive   0x000005    program     static U:\_ME218cTeams\Team 10\ME218C\Stepper Code\StepperMotorV4.asm
                      ISR   0x000031    program     static U:\_ME218cTeams\Team 10\ME218C\Stepper Code\StepperMotorV4.asm
                 ISR_BODY   0x000038    program     static U:\_ME218cTeams\Team 10\ME218C\Stepper Code\StepperMotorV4.asm
                      POP   0x000048    program     static U:\_ME218cTeams\Team 10\ME218C\Stepper Code\StepperMotorV4.asm
                     PUSH   0x000031    program     static U:\_ME218cTeams\Team 10\ME218C\Stepper Code\StepperMotorV4.asm
                  Reverse   0x000056    program     static U:\_ME218cTeams\Team 10\ME218C\Stepper Code\StepperMotorV4.asm
                     Step   0x000050    program     static U:\_ME218cTeams\Team 10\ME218C\Stepper Code\StepperMotorV4.asm
           TimerInterrupt   0x00003e    program     static U:\_ME218cTeams\Team 10\ME218C\Stepper Code\StepperMotorV4.asm
                   Toggle   0x000063    program     static U:\_ME218cTeams\Team 10\ME218C\Stepper Code\StepperMotorV4.asm
                     main   0x00000a    program     static U:\_ME218cTeams\Team 10\ME218C\Stepper Code\StepperMotorV4.asm



                              Symbols - Sorted by Address
                     Name    Address   Location    Storage File                     
                ---------  ---------  ---------  --------- ---------                
            FullStepDrive   0x000005    program     static U:\_ME218cTeams\Team 10\ME218C\Stepper Code\StepperMotorV4.asm
                   EndTBL   0x00000a    program     static U:\_ME218cTeams\Team 10\ME218C\Stepper Code\StepperMotorV4.asm
                     main   0x00000a    program     static U:\_ME218cTeams\Team 10\ME218C\Stepper Code\StepperMotorV4.asm
                      ISR   0x000031    program     static U:\_ME218cTeams\Team 10\ME218C\Stepper Code\StepperMotorV4.asm
                     PUSH   0x000031    program     static U:\_ME218cTeams\Team 10\ME218C\Stepper Code\StepperMotorV4.asm
                 ISR_BODY   0x000038    program     static U:\_ME218cTeams\Team 10\ME218C\Stepper Code\StepperMotorV4.asm
           TimerInterrupt   0x00003e    program     static U:\_ME218cTeams\Team 10\ME218C\Stepper Code\StepperMotorV4.asm
        ExternalInterrupt   0x000043    program     static U:\_ME218cTeams\Team 10\ME218C\Stepper Code\StepperMotorV4.asm
                      POP   0x000048    program     static U:\_ME218cTeams\Team 10\ME218C\Stepper Code\StepperMotorV4.asm
                     Step   0x000050    program     static U:\_ME218cTeams\Team 10\ME218C\Stepper Code\StepperMotorV4.asm
                  Forward   0x000052    program     static U:\_ME218cTeams\Team 10\ME218C\Stepper Code\StepperMotorV4.asm
                  Reverse   0x000056    program     static U:\_ME218cTeams\Team 10\ME218C\Stepper Code\StepperMotorV4.asm
          EndDirectionSet   0x000059    program     static U:\_ME218cTeams\Team 10\ME218C\Stepper Code\StepperMotorV4.asm
                   Toggle   0x000063    program     static U:\_ME218cTeams\Team 10\ME218C\Stepper Code\StepperMotorV4.asm
                    Clear   0x000069    program     static U:\_ME218cTeams\Team 10\ME218C\Stepper Code\StepperMotorV4.asm
                     Done   0x00006a    program     static U:\_ME218cTeams\Team 10\ME218C\Stepper Code\StepperMotorV4.asm


