MPLINK 4.38, Linker
Linker Map File - Created Sat May 21 23:37:46 2016

                                 Section Info
                  Section       Type    Address   Location Size(Bytes)
                ---------  ---------  ---------  ---------  ---------
                   .org_0       code   0x000000    program   0x000000
                   .org_1       code   0x000000    program   0x000002
                   .org_2       code   0x000004    program   0x000002
                   .org_3       code   0x000005    program   0x000314
.config_2007_DMC CONNOR.O       code   0x002007    program   0x000002



                              Program Memory Usage 
                               Start         End      
                           ---------   ---------      
                            0x000000    0x000000      
                            0x000004    0x00018e      
                            0x002007    0x002007      
            397 out of 1030 program addresses used, program memory utilization is 38%



                              Symbols - Sorted by Name
                     Name    Address   Location    Storage File                     
                ---------  ---------  ---------  --------- ---------                
            CONTINUE_LEDS   0x00013c    program     static U:\_ME218cTeams\Team 10\ME218C\DMC\DMC Connor.asm
           CONTINUE_RESET   0x000154    program     static U:\_ME218cTeams\Team 10\ME218C\DMC\DMC Connor.asm
                 DIM_LEDS   0x000138    program     static U:\_ME218cTeams\Team 10\ME218C\DMC\DMC Connor.asm
            DIM_LED_ARRAY   0x000005    program     static U:\_ME218cTeams\Team 10\ME218C\DMC\DMC Connor.asm
                      ISR   0x000075    program     static U:\_ME218cTeams\Team 10\ME218C\DMC\DMC Connor.asm
                 ISR_BODY   0x00007c    program     static U:\_ME218cTeams\Team 10\ME218C\DMC\DMC Connor.asm
            LAST_BIT_READ   0x0000c7    program     static U:\_ME218cTeams\Team 10\ME218C\DMC\DMC Connor.asm
               LED_ON_MAX   0x000158    program     static U:\_ME218cTeams\Team 10\ME218C\DMC\DMC Connor.asm
               LED_ON_MIN   0x00015d    program     static U:\_ME218cTeams\Team 10\ME218C\DMC\DMC Connor.asm
                     Main   0x000033    program     static U:\_ME218cTeams\Team 10\ME218C\DMC\DMC Connor.asm
                      POP   0x000187    program     static U:\_ME218cTeams\Team 10\ME218C\DMC\DMC Connor.asm
                     PUSH   0x000075    program     static U:\_ME218cTeams\Team 10\ME218C\DMC\DMC Connor.asm
                      PWM   0x000162    program     static U:\_ME218cTeams\Team 10\ME218C\DMC\DMC Connor.asm
                PWM_GO_HI   0x00016b    program     static U:\_ME218cTeams\Team 10\ME218C\DMC\DMC Connor.asm
                PWM_GO_LO   0x00017a    program     static U:\_ME218cTeams\Team 10\ME218C\DMC\DMC Connor.asm
                  RECEIVE   0x0000af    program     static U:\_ME218cTeams\Team 10\ME218C\DMC\DMC Connor.asm
               RESET_TIME   0x000150    program     static U:\_ME218cTeams\Team 10\ME218C\DMC\DMC Connor.asm
                START_BIT   0x00008f    program     static U:\_ME218cTeams\Team 10\ME218C\DMC\DMC Connor.asm
             START_MOVING   0x0000e5    program     static U:\_ME218cTeams\Team 10\ME218C\DMC\DMC Connor.asm
              STOP_MOVING   0x000110    program     static U:\_ME218cTeams\Team 10\ME218C\DMC\DMC Connor.asm
      T1_ENABLE_INTERRUPT   0x0000fc    program     static U:\_ME218cTeams\Team 10\ME218C\DMC\DMC Connor.asm
             TIMER1_CHECK   0x00008a    program     static U:\_ME218cTeams\Team 10\ME218C\DMC\DMC Connor.asm
   TIMER1_INTERRUPTSOURCE   0x000109    program     static U:\_ME218cTeams\Team 10\ME218C\DMC\DMC Connor.asm
             TIMER2_CHECK   0x00007c    program     static U:\_ME218cTeams\Team 10\ME218C\DMC\DMC Connor.asm
            TURN_LEDS_OFF   0x00013e    program     static U:\_ME218cTeams\Team 10\ME218C\DMC\DMC Connor.asm
             TURN_LEDS_ON   0x00011c    program     static U:\_ME218cTeams\Team 10\ME218C\DMC\DMC Connor.asm



                              Symbols - Sorted by Address
                     Name    Address   Location    Storage File                     
                ---------  ---------  ---------  --------- ---------                
            DIM_LED_ARRAY   0x000005    program     static U:\_ME218cTeams\Team 10\ME218C\DMC\DMC Connor.asm
                     Main   0x000033    program     static U:\_ME218cTeams\Team 10\ME218C\DMC\DMC Connor.asm
                      ISR   0x000075    program     static U:\_ME218cTeams\Team 10\ME218C\DMC\DMC Connor.asm
                     PUSH   0x000075    program     static U:\_ME218cTeams\Team 10\ME218C\DMC\DMC Connor.asm
             TIMER2_CHECK   0x00007c    program     static U:\_ME218cTeams\Team 10\ME218C\DMC\DMC Connor.asm
                 ISR_BODY   0x00007c    program     static U:\_ME218cTeams\Team 10\ME218C\DMC\DMC Connor.asm
             TIMER1_CHECK   0x00008a    program     static U:\_ME218cTeams\Team 10\ME218C\DMC\DMC Connor.asm
                START_BIT   0x00008f    program     static U:\_ME218cTeams\Team 10\ME218C\DMC\DMC Connor.asm
                  RECEIVE   0x0000af    program     static U:\_ME218cTeams\Team 10\ME218C\DMC\DMC Connor.asm
            LAST_BIT_READ   0x0000c7    program     static U:\_ME218cTeams\Team 10\ME218C\DMC\DMC Connor.asm
             START_MOVING   0x0000e5    program     static U:\_ME218cTeams\Team 10\ME218C\DMC\DMC Connor.asm
      T1_ENABLE_INTERRUPT   0x0000fc    program     static U:\_ME218cTeams\Team 10\ME218C\DMC\DMC Connor.asm
   TIMER1_INTERRUPTSOURCE   0x000109    program     static U:\_ME218cTeams\Team 10\ME218C\DMC\DMC Connor.asm
              STOP_MOVING   0x000110    program     static U:\_ME218cTeams\Team 10\ME218C\DMC\DMC Connor.asm
             TURN_LEDS_ON   0x00011c    program     static U:\_ME218cTeams\Team 10\ME218C\DMC\DMC Connor.asm
                 DIM_LEDS   0x000138    program     static U:\_ME218cTeams\Team 10\ME218C\DMC\DMC Connor.asm
            CONTINUE_LEDS   0x00013c    program     static U:\_ME218cTeams\Team 10\ME218C\DMC\DMC Connor.asm
            TURN_LEDS_OFF   0x00013e    program     static U:\_ME218cTeams\Team 10\ME218C\DMC\DMC Connor.asm
               RESET_TIME   0x000150    program     static U:\_ME218cTeams\Team 10\ME218C\DMC\DMC Connor.asm
           CONTINUE_RESET   0x000154    program     static U:\_ME218cTeams\Team 10\ME218C\DMC\DMC Connor.asm
               LED_ON_MAX   0x000158    program     static U:\_ME218cTeams\Team 10\ME218C\DMC\DMC Connor.asm
               LED_ON_MIN   0x00015d    program     static U:\_ME218cTeams\Team 10\ME218C\DMC\DMC Connor.asm
                      PWM   0x000162    program     static U:\_ME218cTeams\Team 10\ME218C\DMC\DMC Connor.asm
                PWM_GO_HI   0x00016b    program     static U:\_ME218cTeams\Team 10\ME218C\DMC\DMC Connor.asm
                PWM_GO_LO   0x00017a    program     static U:\_ME218cTeams\Team 10\ME218C\DMC\DMC Connor.asm
                      POP   0x000187    program     static U:\_ME218cTeams\Team 10\ME218C\DMC\DMC Connor.asm


