Component: ARM Compiler 5.05 update 1 (build 106) Tool: armlink [4d0efa]

==============================================================================

Section Cross References

    main.o(i.main) refers to _printf_percent.o(.ARM.Collect$$_printf_percent$$00000000) for _printf_percent
    main.o(i.main) refers to _printf_s.o(.ARM.Collect$$_printf_percent$$00000014) for _printf_s
    main.o(i.main) refers to _printf_str.o(.text) for _printf_str
    main.o(i.main) refers to sysctl.o(i.SysCtlClockSet) for SysCtlClockSet
    main.o(i.main) refers to termio.o(i.TERMIO_Init) for TERMIO_Init
    main.o(i.main) refers to noretval__2printf.o(.text) for __2printf
    main.o(i.main) refers to puts.o(.text) for puts
    main.o(i.main) refers to es_framework.o(i.ES_Initialize) for ES_Initialize
    main.o(i.main) refers to es_framework.o(i.ES_Run) for ES_Run
    eventcheckers.o(i.Check4ButtonPress) refers to button.o(i.PostButtonService) for PostButtonService
    eventcheckers.o(i.Check4ButtonPress) refers to eventcheckers.o(.data) for .data
    eventcheckers.o(i.Check4Keystroke) refers to termio.o(i.kbhit) for kbhit
    eventcheckers.o(i.Check4Keystroke) refers to getc.o(.text) for getc
    eventcheckers.o(i.Check4Keystroke) refers to testharnessservice0.o(i.PostTestHarnessService0) for PostTestHarnessService0
    eventcheckers.o(i.Check4Keystroke) refers to retarget.o(.data) for __stdin
    testharnessservice0.o(i.InitTestHarnessService0) refers to es_queue.o(i.ES_InitQueue) for ES_InitQueue
    testharnessservice0.o(i.InitTestHarnessService0) refers to es_shorttimer.o(i.ES_ShortTimerInit) for ES_ShortTimerInit
    testharnessservice0.o(i.InitTestHarnessService0) refers to sysctl.o(i.SysCtlPeripheralEnable) for SysCtlPeripheralEnable
    testharnessservice0.o(i.InitTestHarnessService0) refers to es_framework.o(i.ES_PostToService) for ES_PostToService
    testharnessservice0.o(i.InitTestHarnessService0) refers to testharnessservice0.o(.data) for .data
    testharnessservice0.o(i.InitTestHarnessService0) refers to testharnessservice0.o(.bss) for .bss
    testharnessservice0.o(i.PostTestHarnessService0) refers to es_framework.o(i.ES_PostToService) for ES_PostToService
    testharnessservice0.o(i.PostTestHarnessService0) refers to testharnessservice0.o(.data) for .data
    testharnessservice0.o(i.RunTestHarnessService0) refers to puts.o(.text) for puts
    testharnessservice0.o(i.RunTestHarnessService0) refers to pacsm.o(i.PostPACSM) for PostPACSM
    testharnessservice0.o(i.RunTestHarnessService0) refers to pacsm.o(i.ChangeStatus) for ChangeStatus
    testharnessservice0.o(i.RunTestHarnessService0) refers to noretval__2printf.o(.text) for __2printf
    testharnessservice0.o(i.RunTestHarnessService0) refers to testharnessservice0.o(.data) for .data
    templatefsm.o(i.InitTemplateFSM) refers to es_framework.o(i.ES_PostToService) for ES_PostToService
    templatefsm.o(i.InitTemplateFSM) refers to templatefsm.o(.data) for .data
    templatefsm.o(i.PostTemplateFSM) refers to es_framework.o(i.ES_PostToService) for ES_PostToService
    templatefsm.o(i.PostTemplateFSM) refers to templatefsm.o(.data) for .data
    templatefsm.o(i.QueryTemplateFSM) refers to templatefsm.o(.data) for .data
    templatefsm.o(i.RunTemplateFSM) refers to templatefsm.o(.data) for .data
    es_shorttimer.o(i.ES_ShortTimerInit) refers to sysctl.o(i.SysCtlPeripheralEnable) for SysCtlPeripheralEnable
    es_shorttimer.o(i.ES_ShortTimerInit) refers to timer.o(i.TimerConfigure) for TimerConfigure
    es_shorttimer.o(i.ES_ShortTimerInit) refers to timer.o(i.TimerPrescaleSet) for TimerPrescaleSet
    es_shorttimer.o(i.ES_ShortTimerInit) refers to es_shorttimer.o(.data) for .data
    es_shorttimer.o(i.ES_ShortTimerStart) refers to es_shorttimer.o(i.ShortTimerBHandler) for ShortTimerBHandler
    es_shorttimer.o(i.ES_ShortTimerStart) refers to timer.o(i.TimerLoadSet) for TimerLoadSet
    es_shorttimer.o(i.ES_ShortTimerStart) refers to timer.o(i.TimerIntEnable) for TimerIntEnable
    es_shorttimer.o(i.ES_ShortTimerStart) refers to interrupt.o(i.IntEnable) for IntEnable
    es_shorttimer.o(i.ES_ShortTimerStart) refers to timer.o(i.TimerEnable) for TimerEnable
    es_shorttimer.o(i.ES_ShortTimerStart) refers to es_shorttimer.o(i.ShortTimerAHandler) for ShortTimerAHandler
    es_shorttimer.o(i.ShortTimerAHandler) refers to timer.o(i.TimerIntClear) for TimerIntClear
    es_shorttimer.o(i.ShortTimerAHandler) refers to es_framework.o(i.ES_PostToService) for ES_PostToService
    es_shorttimer.o(i.ShortTimerAHandler) refers to es_shorttimer.o(.data) for .data
    es_shorttimer.o(i.ShortTimerBHandler) refers to timer.o(i.TimerIntClear) for TimerIntClear
    es_shorttimer.o(i.ShortTimerBHandler) refers to es_framework.o(i.ES_PostToService) for ES_PostToService
    es_shorttimer.o(i.ShortTimerBHandler) refers to es_shorttimer.o(.data) for .data
[...]
    rtexit.o(.ARM.Collect$$rtexit$$00000000) refers (Special) to rtexit2.o(.ARM.Collect$$rtexit$$00000002) for __rt_exit_prels_1
    rtexit.o(.ARM.exidx) refers (Special) to rtexit2.o(.ARM.Collect$$rtexit$$00000004) for __rt_exit_exit
    rtexit.o(.ARM.exidx) refers (Special) to rtexit2.o(.ARM.Collect$$rtexit$$00000003) for __rt_exit_ls
    rtexit.o(.ARM.exidx) refers (Special) to rtexit2.o(.ARM.Collect$$rtexit$$00000002) for __rt_exit_prels_1
    rtexit.o(.ARM.exidx) refers to rtexit.o(.ARM.Collect$$rtexit$$00000000) for .ARM.Collect$$rtexit$$00000000
    libinit2.o(.ARM.Collect$$libinit$$00000001) refers to fpinit.o(x$fpl$fpinit) for _fp_init
    libinit2.o(.ARM.Collect$$libinit$$00000010) refers to libinit2.o(.ARM.Collect$$libinit$$0000000F) for .ARM.Collect$$libinit$$0000000F
    libinit2.o(.ARM.Collect$$libinit$$00000012) refers to libinit2.o(.ARM.Collect$$libinit$$0000000F) for .ARM.Collect$$libinit$$0000000F
    libinit2.o(.ARM.Collect$$libinit$$00000014) refers to libinit2.o(.ARM.Collect$$libinit$$0000000F) for .ARM.Collect$$libinit$$0000000F
    libinit2.o(.ARM.Collect$$libinit$$00000016) refers to libinit2.o(.ARM.Collect$$libinit$$0000000F) for .ARM.Collect$$libinit$$0000000F
    libinit2.o(.ARM.Collect$$libinit$$00000018) refers to libinit2.o(.ARM.Collect$$libinit$$0000000F) for .ARM.Collect$$libinit$$0000000F
    libinit2.o(.ARM.Collect$$libinit$$00000026) refers to argv_veneer.o(.emb_text) for __ARM_argv_veneer
    libinit2.o(.ARM.Collect$$libinit$$00000027) refers to argv_veneer.o(.emb_text) for __ARM_argv_veneer
    rtexit2.o(.ARM.Collect$$rtexit$$00000003) refers to libshutdown.o(.ARM.Collect$$libshutdown$$00000000) for __rt_lib_shutdown
    rtexit2.o(.ARM.Collect$$rtexit$$00000004) refers to retarget.o(i._sys_exit) for _sys_exit
    rtexit2.o(.ARM.exidx) refers to rtexit2.o(.ARM.Collect$$rtexit$$00000001) for .ARM.Collect$$rtexit$$00000001
    rtexit2.o(.ARM.exidx) refers to rtexit2.o(.ARM.Collect$$rtexit$$00000003) for .ARM.Collect$$rtexit$$00000003
    rtexit2.o(.ARM.exidx) refers to rtexit2.o(.ARM.Collect$$rtexit$$00000004) for .ARM.Collect$$rtexit$$00000004
    argv_veneer.o(.emb_text) refers to no_argv.o(.text) for __ARM_get_argv
    _get_argv_nomalloc.o(.text) refers (Special) to hrguard.o(.text) for __heap_region$guard
    _get_argv_nomalloc.o(.text) refers to defsig_rtmem_outer.o(.text) for __rt_SIGRTMEM
    _get_argv_nomalloc.o(.text) refers to sys_command.o(.text) for _sys_command_string
    libshutdown.o(.ARM.Collect$$libshutdown$$00000000) refers (Special) to libshutdown2.o(.ARM.Collect$$libshutdown$$00000006) for __rt_lib_shutdown_fp_trap_1
    libshutdown.o(.ARM.Collect$$libshutdown$$00000000) refers (Special) to libshutdown2.o(.ARM.Collect$$libshutdown$$0000000E) for __rt_lib_shutdown_heap_1
    libshutdown.o(.ARM.Collect$$libshutdown$$00000000) refers (Special) to libshutdown2.o(.ARM.Collect$$libshutdown$$0000000F) for __rt_lib_shutdown_return
    libshutdown.o(.ARM.Collect$$libshutdown$$00000000) refers (Special) to libshutdown2.o(.ARM.Collect$$libshutdown$$00000009) for __rt_lib_shutdown_signal_1
    libshutdown.o(.ARM.Collect$$libshutdown$$00000000) refers (Special) to libshutdown2.o(.ARM.Collect$$libshutdown$$00000003) for __rt_lib_shutdown_stdio_1
    libshutdown.o(.ARM.Collect$$libshutdown$$00000000) refers (Special) to libshutdown2.o(.ARM.Collect$$libshutdown$$0000000B) for __rt_lib_shutdown_user_alloc_1
    sys_command.o(.text) refers (Special) to use_no_semi.o(.text) for __I$use$semihosting
    sys_command.o(.text) refers (Special) to indicate_semi.o(.text) for __semihosting_library_function
    defsig_rtmem_outer.o(.text) refers to defsig_rtmem_inner.o(.text) for __rt_SIGRTMEM_inner
    defsig_rtmem_outer.o(.text) refers to defsig_exit.o(.text) for __sig_exit
    defsig_rtmem_formal.o(.text) refers to rt_raise.o(.text) for __rt_raise
    rt_raise.o(.text) refers to __raise.o(.text) for __raise
    rt_raise.o(.text) refers to retarget.o(i._sys_exit) for _sys_exit
    defsig_exit.o(.text) refers to retarget.o(i._sys_exit) for _sys_exit
    defsig_rtmem_inner.o(.text) refers to defsig_general.o(.text) for __default_signal_display
    __raise.o(.text) refers to defsig.o(CL$$defsig) for __default_signal_handler
    defsig_general.o(.text) refers to retarget.o(i._ttywrch) for _ttywrch
    defsig.o(CL$$defsig) refers to defsig_rtmem_inner.o(.text) for __rt_SIGRTMEM_inner
    defsig_abrt_inner.o(.text) refers to defsig_general.o(.text) for __default_signal_display
    defsig_fpe_inner.o(.text) refers to defsig_general.o(.text) for __default_signal_display
    defsig_rtred_inner.o(.text) refers to defsig_general.o(.text) for __default_signal_display
    defsig_stak_inner.o(.text) refers to defsig_general.o(.text) for __default_signal_display
    defsig_pvfn_inner.o(.text) refers to defsig_general.o(.text) for __default_signal_display
    defsig_cppl_inner.o(.text) refers to defsig_general.o(.text) for __default_signal_display
    defsig_segv_inner.o(.text) refers to defsig_general.o(.text) for __default_signal_display
    defsig_other.o(.text) refers to defsig_general.o(.text) for __default_signal_display


==============================================================================

Removing Unused input sections from the image.

    Removing templatefsm.o(i.InitTemplateFSM), (32 bytes).
    Removing templatefsm.o(i.PostTemplateFSM), (16 bytes).
    Removing templatefsm.o(i.QueryTemplateFSM), (12 bytes).
    Removing templatefsm.o(i.RunTemplateFSM), (44 bytes).
    Removing templatefsm.o(.data), (2 bytes).
    Removing es_shorttimer.o(i.ES_ShortTimerStart), (96 bytes).
    Removing pwm_module.o(i.InitPWM), (168 bytes).
    Removing pwm_module.o(i.SetDuty), (52 bytes).
    Removing uart.o(i.LoadData), (12 bytes).
    Removing uart.o(i.SendTestMessage), (36 bytes).
    Removing xbee.o(i.ComputeChecksum), (26 bytes).
    Removing xbee.o(i.SetCommand), (26 bytes).
    Removing es_deferrecall.o(i.ES_RecallEvents), (44 bytes).
    Removing es_framework.o(i.ES_PostAll), (72 bytes).
    Removing es_framework.o(i.ES_PostToServiceLIFO), (56 bytes).
    Removing es_port.o(i.ConsoleInit), (80 bytes).
    Removing es_port.o(i._HW_GetTickCount), (12 bytes).
    Removing es_queue.o(i.ES_EnQueueLIFO), (72 bytes).
    Removing es_queue.o(i.ES_IsQueueEmpty), (12 bytes).
    Removing es_timers.o(i.ES_Timer_GetTime), (4 bytes).
    Removing es_timers.o(i.ES_Timer_SetTimer), (40 bytes).
    Removing es_timers.o(i.ES_Timer_StartTimer), (48 bytes).
    Removing es_timers.o(i.ES_Timer_StopTimer), (36 bytes).
    Removing retarget.o(i._ttywrch), (6 bytes).
    Removing uartstdio.o(i.UARTgets), (132 bytes).
    Removing uartstdio.o(i.UARTprintf), (18 bytes).
    Removing uartstdio.o(i.UARTvprintf), (436 bytes).
    Removing uartstdio.o(i.UARTwrite), (60 bytes).
    Removing gpio.o(i.GPIOADCTriggerDisable), (14 bytes).
    Removing gpio.o(i.GPIOADCTriggerEnable), (14 bytes).
    Removing gpio.o(i.GPIODMATriggerDisable), (14 bytes).
    Removing gpio.o(i.GPIODMATriggerEnable), (14 bytes).
    Removing gpio.o(i.GPIODirModeGet), (34 bytes).
    Removing gpio.o(i.GPIOIntClear), (6 bytes).
    Removing gpio.o(i.GPIOIntDisable), (14 bytes).
    Removing gpio.o(i.GPIOIntEnable), (14 bytes).
    Removing gpio.o(i.GPIOIntRegister), (88 bytes).
    Removing gpio.o(i.GPIOIntStatus), (14 bytes).
    Removing gpio.o(i.GPIOIntTypeGet), (68 bytes).
    Removing gpio.o(i.GPIOIntTypeSet), (80 bytes).
    Removing gpio.o(i.GPIOIntUnregister), (88 bytes).
    Removing gpio.o(i.GPIOPadConfigGet), (204 bytes).
    Removing gpio.o(i.GPIOPinRead), (6 bytes).
    Removing gpio.o(i.GPIOPinTypeADC), (28 bytes).
    Removing gpio.o(i.GPIOPinTypeCAN), (28 bytes).
    Removing gpio.o(i.GPIOPinTypeCIR), (28 bytes).
    Removing gpio.o(i.GPIOPinTypeComparator), (28 bytes).
    Removing gpio.o(i.GPIOPinTypeEPI), (28 bytes).
    Removing gpio.o(i.GPIOPinTypeEthernetLED), (28 bytes).
    Removing gpio.o(i.GPIOPinTypeEthernetMII), (28 bytes).
    Removing gpio.o(i.GPIOPinTypeGPIOInput), (28 bytes).
    Removing gpio.o(i.GPIOPinTypeGPIOOutput), (28 bytes).
    Removing gpio.o(i.GPIOPinTypeGPIOOutputOD), (28 bytes).
    Removing gpio.o(i.GPIOPinTypeI2C), (28 bytes).
    Removing gpio.o(i.GPIOPinTypeI2CSCL), (28 bytes).
    Removing gpio.o(i.GPIOPinTypeKBColumn), (28 bytes).
    Removing gpio.o(i.GPIOPinTypeKBRow), (28 bytes).
    Removing gpio.o(i.GPIOPinTypeLCD), (28 bytes).
    Removing gpio.o(i.GPIOPinTypeLEDSeq), (28 bytes).
    Removing gpio.o(i.GPIOPinTypeLPC), (28 bytes).
    Removing gpio.o(i.GPIOPinTypePECIRx), (28 bytes).
    Removing gpio.o(i.GPIOPinTypePECITx), (28 bytes).
    Removing gpio.o(i.GPIOPinTypePWM), (28 bytes).
    Removing gpio.o(i.GPIOPinTypeQEI), (28 bytes).
    Removing gpio.o(i.GPIOPinTypeSSI), (28 bytes).
    Removing gpio.o(i.GPIOPinTypeTimer), (28 bytes).
    Removing gpio.o(i.GPIOPinTypeUSBAnalog), (28 bytes).
    Removing gpio.o(i.GPIOPinTypeUSBDigital), (28 bytes).
    Removing gpio.o(i.GPIOPinTypeWakeHigh), (30 bytes).
    Removing gpio.o(i.GPIOPinTypeWakeLow), (30 bytes).
    Removing gpio.o(i.GPIOPinWakeStatus), (6 bytes).
    Removing gpio.o(i.GPIOPinWrite), (6 bytes).
    Removing interrupt.o(i.IntDisable), (100 bytes).
    Removing interrupt.o(i.IntEnable), (100 bytes).
    Removing interrupt.o(i.IntIsEnabled), (96 bytes).
    Removing interrupt.o(i.IntMasterDisable), (14 bytes).
    Removing interrupt.o(i.IntPendClear), (68 bytes).
    Removing interrupt.o(i.IntPendSet), (84 bytes).
    Removing interrupt.o(i.IntPriorityGet), (28 bytes).
    Removing interrupt.o(i.IntPriorityGroupingGet), (36 bytes).
    Removing interrupt.o(i.IntPriorityGroupingSet), (28 bytes).
    Removing interrupt.o(i.IntPriorityMaskGet), (4 bytes).
    Removing interrupt.o(i.IntPriorityMaskSet), (4 bytes).
    Removing interrupt.o(i.IntPrioritySet), (40 bytes).
    Removing interrupt.o(i.IntRegister), (52 bytes).
    Removing interrupt.o(i.IntTrigger), (12 bytes).
    Removing interrupt.o(i.IntUnregister), (20 bytes).
    Removing interrupt.o(i._IntDefaultHandler), (2 bytes).
    Removing interrupt.o(.constdata), (268 bytes).
    Removing interrupt.o(vtable), (620 bytes).
    Removing sysctl.o(i.SysCtlAltClkConfig), (12 bytes).
    Removing sysctl.o(i.SysCtlClockFreqSet), (712 bytes).
    Removing sysctl.o(i.SysCtlClockGet), (356 bytes).
    Removing sysctl.o(i.SysCtlClockOutConfig), (16 bytes).
    Removing sysctl.o(i.SysCtlDeepSleep), (32 bytes).
    Removing sysctl.o(i.SysCtlDeepSleepClockConfigSet), (112 bytes).
    Removing sysctl.o(i.SysCtlDeepSleepClockSet), (12 bytes).
    Removing sysctl.o(i.SysCtlDeepSleepPowerSet), (12 bytes).
    Removing sysctl.o(i.SysCtlFlashSectorSizeGet), (56 bytes).
    Removing sysctl.o(i.SysCtlFlashSizeGet), (56 bytes).
    Removing sysctl.o(i.SysCtlGPIOAHBDisable), (28 bytes).
    Removing sysctl.o(i.SysCtlGPIOAHBEnable), (24 bytes).
    Removing sysctl.o(i.SysCtlIntClear), (12 bytes).
    Removing sysctl.o(i.SysCtlIntDisable), (16 bytes).
    Removing sysctl.o(i.SysCtlIntEnable), (16 bytes).
    Removing sysctl.o(i.SysCtlIntRegister), (20 bytes).
    Removing sysctl.o(i.SysCtlIntStatus), (16 bytes).
    Removing sysctl.o(i.SysCtlIntUnregister), (18 bytes).
    Removing sysctl.o(i.SysCtlLDODeepSleepGet), (12 bytes).
    Removing sysctl.o(i.SysCtlLDODeepSleepSet), (12 bytes).
    Removing sysctl.o(i.SysCtlLDOSleepGet), (12 bytes).
    Removing sysctl.o(i.SysCtlLDOSleepSet), (12 bytes).
    Removing sysctl.o(i.SysCtlMOSCConfigSet), (12 bytes).
    Removing sysctl.o(i.SysCtlNMIClear), (16 bytes).
    Removing sysctl.o(i.SysCtlNMIStatus), (12 bytes).
    Removing sysctl.o(i.SysCtlPIOSCCalibrate), (76 bytes).
    Removing sysctl.o(i.SysCtlPWMClockGet), (24 bytes).
    Removing sysctl.o(i.SysCtlPWMClockSet), (20 bytes).
    Removing sysctl.o(i.SysCtlPeripheralClockGating), (68 bytes).
    Removing sysctl.o(i.SysCtlPeripheralDeepSleepDisable), (40 bytes).
    Removing sysctl.o(i.SysCtlPeripheralDeepSleepEnable), (40 bytes).
    Removing sysctl.o(i.SysCtlPeripheralDisable), (40 bytes).
    Removing sysctl.o(i.SysCtlPeripheralPowerOff), (40 bytes).
    Removing sysctl.o(i.SysCtlPeripheralPowerOn), (40 bytes).
    Removing sysctl.o(i.SysCtlPeripheralPresent), (44 bytes).
    Removing sysctl.o(i.SysCtlPeripheralReady), (44 bytes).
    Removing sysctl.o(i.SysCtlPeripheralReset), (60 bytes).
    Removing sysctl.o(i.SysCtlPeripheralSleepDisable), (40 bytes).
    Removing sysctl.o(i.SysCtlPeripheralSleepEnable), (40 bytes).
    Removing sysctl.o(i.SysCtlReset), (16 bytes).
    Removing sysctl.o(i.SysCtlResetBehaviorGet), (12 bytes).
    Removing sysctl.o(i.SysCtlResetBehaviorSet), (12 bytes).
    Removing sysctl.o(i.SysCtlResetCauseClear), (16 bytes).
    Removing sysctl.o(i.SysCtlResetCauseGet), (12 bytes).
    Removing sysctl.o(i.SysCtlSRAMSizeGet), (16 bytes).
    Removing sysctl.o(i.SysCtlSleep), (4 bytes).
    Removing sysctl.o(i.SysCtlSleepPowerSet), (12 bytes).
    Removing sysctl.o(i.SysCtlUSBPLLDisable), (16 bytes).
    Removing sysctl.o(i.SysCtlUSBPLLEnable), (16 bytes).
    Removing sysctl.o(i.SysCtlVoltageEventClear), (16 bytes).
    Removing sysctl.o(i.SysCtlVoltageEventConfig), (12 bytes).
    Removing sysctl.o(i.SysCtlVoltageEventStatus), (12 bytes).
    Removing sysctl.o(.constdata), (452 bytes).
    Removing systick.o(i.SysTickDisable), (14 bytes).
    Removing systick.o(i.SysTickIntDisable), (14 bytes).
    Removing systick.o(i.SysTickIntRegister), (24 bytes).
    Removing systick.o(i.SysTickIntUnregister), (18 bytes).
    Removing systick.o(i.SysTickPeriodGet), (10 bytes).
    Removing systick.o(i.SysTickValueGet), (8 bytes).
    Removing timer.o(i.TimerADCEventGet), (4 bytes).
    Removing timer.o(i.TimerADCEventSet), (4 bytes).
    Removing timer.o(i.TimerClockSourceGet), (6 bytes).
    Removing timer.o(i.TimerClockSourceSet), (6 bytes).
    Removing timer.o(i.TimerControlEvent), (18 bytes).
    Removing timer.o(i.TimerControlLevel), (22 bytes).
    Removing timer.o(i.TimerControlStall), (22 bytes).
    Removing timer.o(i.TimerControlTrigger), (76 bytes).
    Removing timer.o(i.TimerControlWaitOnTrigger), (48 bytes).
    Removing timer.o(i.TimerDMAEventGet), (4 bytes).
    Removing timer.o(i.TimerDMAEventSet), (4 bytes).
    Removing timer.o(i.TimerDisable), (16 bytes).
    Removing timer.o(i.TimerEnable), (14 bytes).
    Removing timer.o(i.TimerIntDisable), (10 bytes).
    Removing timer.o(i.TimerIntEnable), (8 bytes).
    Removing timer.o(i.TimerIntRegister), (104 bytes).
    Removing timer.o(i.TimerIntStatus), (10 bytes).
    Removing timer.o(i.TimerIntUnregister), (104 bytes).
    Removing timer.o(i.TimerLoadGet), (10 bytes).
    Removing timer.o(i.TimerLoadGet64), (14 bytes).
    Removing timer.o(i.TimerLoadSet), (18 bytes).
    Removing timer.o(i.TimerLoadSet64), (6 bytes).
    Removing timer.o(i.TimerMatchGet), (10 bytes).
    Removing timer.o(i.TimerMatchGet64), (14 bytes).
    Removing timer.o(i.TimerMatchSet), (18 bytes).
    Removing timer.o(i.TimerMatchSet64), (6 bytes).
    Removing timer.o(i.TimerPrescaleGet), (10 bytes).
    Removing timer.o(i.TimerPrescaleMatchGet), (10 bytes).
    Removing timer.o(i.TimerPrescaleMatchSet), (18 bytes).
    Removing timer.o(i.TimerRTCDisable), (10 bytes).
    Removing timer.o(i.TimerRTCEnable), (10 bytes).
    Removing timer.o(i.TimerSynchronize), (4 bytes).
    Removing timer.o(i.TimerUpdateMode), (42 bytes).
    Removing timer.o(i.TimerValueGet), (10 bytes).
    Removing timer.o(i.TimerValueGet64), (14 bytes).
    Removing timer.o(.constdata), (160 bytes).
    Removing uart.o(i.UART9BitAddrSend), (38 bytes).
    Removing uart.o(i.UART9BitAddrSet), (10 bytes).
    Removing uart.o(i.UART9BitDisable), (14 bytes).
    Removing uart.o(i.UART9BitEnable), (14 bytes).
    Removing uart.o(i.UARTBreakCtl), (18 bytes).
    Removing uart.o(i.UARTBusy), (8 bytes).
    Removing uart.o(i.UARTCharGet), (12 bytes).
    Removing uart.o(i.UARTCharGetNonBlocking), (16 bytes).
    Removing uart.o(i.UARTCharPutNonBlocking), (16 bytes).
    Removing uart.o(i.UARTCharsAvail), (10 bytes).
    Removing uart.o(i.UARTClockSourceGet), (6 bytes).
    Removing uart.o(i.UARTConfigGetExpClk), (46 bytes).
    Removing uart.o(i.UARTConfigSetExpClk), (110 bytes).
    Removing uart.o(i.UARTDMADisable), (10 bytes).
    Removing uart.o(i.UARTDMAEnable), (8 bytes).
    Removing uart.o(i.UARTDisable), (30 bytes).
    Removing uart.o(i.UARTDisableSIR), (10 bytes).
    Removing uart.o(i.UARTEnable), (20 bytes).
    Removing uart.o(i.UARTEnableSIR), (18 bytes).
    Removing uart.o(i.UARTFIFODisable), (10 bytes).
    Removing uart.o(i.UARTFIFOEnable), (10 bytes).
    Removing uart.o(i.UARTFIFOLevelGet), (16 bytes).
    Removing uart.o(i.UARTFIFOLevelSet), (6 bytes).
    Removing uart.o(i.UARTFlowControlGet), (8 bytes).
    Removing uart.o(i.UARTFlowControlSet), (12 bytes).
    Removing uart.o(i.UARTIntClear), (4 bytes).
    Removing uart.o(i.UARTIntDisable), (10 bytes).
    Removing uart.o(i.UARTIntEnable), (8 bytes).
    Removing uart.o(i.UARTIntRegister), (88 bytes).
    Removing uart.o(i.UARTIntStatus), (10 bytes).
    Removing uart.o(i.UARTIntUnregister), (88 bytes).
    Removing uart.o(i.UARTModemControlClear), (14 bytes).
    Removing uart.o(i.UARTModemControlGet), (8 bytes).
    Removing uart.o(i.UARTModemControlSet), (12 bytes).
    Removing uart.o(i.UARTModemStatusGet), (10 bytes).
    Removing uart.o(i.UARTParityModeGet), (8 bytes).
    Removing uart.o(i.UARTParityModeSet), (12 bytes).
    Removing uart.o(i.UARTRxErrorClear), (6 bytes).
    Removing uart.o(i.UARTRxErrorGet), (8 bytes).
    Removing uart.o(i.UARTSmartCardDisable), (10 bytes).
    Removing uart.o(i.UARTSmartCardEnable), (22 bytes).
    Removing uart.o(i.UARTSpaceAvail), (10 bytes).
    Removing uart.o(i.UARTTxIntModeGet), (8 bytes).
    Removing uart.o(i.UARTTxIntModeSet), (12 bytes).
    Removing uart.o(.constdata), (128 bytes).

230 unused section(s) (total 9428 bytes) removed from the image.

==============================================================================

Image Symbol Table

    Local Symbols

    Symbol Name                              Value     Ov Type        Size  Object(Section)

    RESET                                    0x00000000   Section      648  startup_rvmdk.o(RESET)
    ../clib/angel/boardlib.s                 0x00000000   Number         0  boardinit3.o ABSOLUTE
    ../clib/angel/boardlib.s                 0x00000000   Number         0  boardinit2.o ABSOLUTE
    ../clib/angel/boardlib.s                 0x00000000   Number         0  boardinit1.o ABSOLUTE
    ../clib/angel/boardlib.s                 0x00000000   Number         0  boardshut.o ABSOLUTE
    ../clib/angel/handlers.s                 0x00000000   Number         0  __scatter_zi.o ABSOLUTE
    ../clib/angel/handlers.s                 0x00000000   Number         0  __scatter_copy.o ABSOLUTE
    ../clib/angel/kernel.s                   0x00000000   Number         0  __rtentry.o ABSOLUTE
    ../clib/angel/kernel.s                   0x00000000   Number         0  __rtentry2.o ABSOLUTE
    ../clib/angel/kernel.s                   0x00000000   Number         0  __rtentry4.o ABSOLUTE
    ../clib/angel/kernel.s                   0x00000000   Number         0  rtexit2.o ABSOLUTE
    ../clib/angel/kernel.s                   0x00000000   Number         0  rtexit.o ABSOLUTE
    ../clib/angel/rt.s                       0x00000000   Number         0  rt_raise.o ABSOLUTE
    ../clib/angel/scatter.s                  0x00000000   Number         0  __scatter.o ABSOLUTE
    ../clib/angel/startup.s                  0x00000000   Number         0  __main.o ABSOLUTE
    ../clib/angel/sys.s                      0x00000000   Number         0  libspace.o ABSOLUTE
    ../clib/angel/sys.s                      0x00000000   Number         0  sys_stackheap_outer.o ABSOLUTE
    ../clib/angel/sys.s                      0x00000000   Number         0  indicate_semi.o ABSOLUTE
    ../clib/angel/sys.s                      0x00000000   Number         0  use_no_semi.o ABSOLUTE
    ../clib/angel/sysapp.c                   0x00000000   Number         0  sys_command.o ABSOLUTE
    ../clib/armsys.c                         0x00000000   Number         0  argv_veneer.o ABSOLUTE
    ../clib/armsys.c                         0x00000000   Number         0  argv_veneer.o ABSOLUTE
    ../clib/armsys.c                         0x00000000   Number         0  no_argv.o ABSOLUTE
    ../clib/armsys.c                         0x00000000   Number         0  _get_argv_nomalloc.o ABSOLUTE
    ../clib/heapalloc.c                      0x00000000   Number         0  hrguard.o ABSOLUTE
    ../clib/heapaux.c                        0x00000000   Number         0  heapauxi.o ABSOLUTE
    ../clib/libinit.s                        0x00000000   Number         0  libshutdown2.o ABSOLUTE
    ../clib/libinit.s                        0x00000000   Number         0  libshutdown.o ABSOLUTE
    ../clib/libinit.s                        0x00000000   Number         0  libinit2.o ABSOLUTE
    ../clib/libinit.s                        0x00000000   Number         0  libinit.o ABSOLUTE
    ../clib/printf.c                         0x00000000   Number         0  __printf_nopercent.o ABSOLUTE
    ../clib/printf.c                         0x00000000   Number         0  __printf_ss.o ABSOLUTE
    ../clib/printf.c                         0x00000000   Number         0  __printf_wp.o ABSOLUTE
    ../clib/printf.c                         0x00000000   Number         0  _printf_char_file.o ABSOLUTE
    ../clib/printf.c                         0x00000000   Number         0  _printf_char.o ABSOLUTE
    ../clib/printf.c                         0x00000000   Number         0  _printf_intcommon.o ABSOLUTE
    ../clib/printf.c                         0x00000000   Number         0  _printf_char_common.o ABSOLUTE
    ../clib/printf.c                         0x00000000   Number         0  __printf_flags_ss_wp.o ABSOLUTE
    ../clib/printf.c                         0x00000000   Number         0  __printf_ss_wp.o ABSOLUTE
    ../clib/printf.c                         0x00000000   Number         0  __printf_flags_wp.o ABSOLUTE
    ../clib/printf.c                         0x00000000   Number         0  __printf_flags_ss.o ABSOLUTE
    ../clib/printf.c                         0x00000000   Number         0  __printf_flags.o ABSOLUTE
    ../clib/printf.c                         0x00000000   Number         0  _printf_dec.o ABSOLUTE
    ../clib/printf.c                         0x00000000   Number         0  _printf_str.o ABSOLUTE
    ../clib/printf.c                         0x00000000   Number         0  __printf.o ABSOLUTE
    ../clib/printf.c                         0x00000000   Number         0  noretval__2printf.o ABSOLUTE
    ../clib/printf.c                         0x00000000   Number         0  __2printf.o ABSOLUTE
    ../clib/printf_percent.s                 0x00000000   Number         0  _printf_percent_end.o ABSOLUTE
    ../clib/printf_percent.s                 0x00000000   Number         0  _printf_percent.o ABSOLUTE
    ../clib/printf_percent.s                 0x00000000   Number         0  _printf_s.o ABSOLUTE
    ../clib/printf_percent.s                 0x00000000   Number         0  _printf_d.o ABSOLUTE
    ../clib/signal.c                         0x00000000   Number         0  defsig_segv_inner.o ABSOLUTE
    ../clib/signal.c                         0x00000000   Number         0  defsig_cppl_inner.o ABSOLUTE
    ../clib/signal.c                         0x00000000   Number         0  defsig_stak_inner.o ABSOLUTE
    ../clib/signal.c                         0x00000000   Number         0  defsig_rtred_inner.o ABSOLUTE
    ../clib/signal.c                         0x00000000   Number         0  defsig_fpe_inner.o ABSOLUTE
    ../clib/signal.c                         0x00000000   Number         0  defsig_abrt_inner.o ABSOLUTE
    ../clib/signal.c                         0x00000000   Number         0  defsig_general.o ABSOLUTE
    ../clib/signal.c                         0x00000000   Number         0  __raise.o ABSOLUTE
    ../clib/signal.c                         0x00000000   Number         0  defsig_rtmem_inner.o ABSOLUTE
    ../clib/signal.c                         0x00000000   Number         0  defsig_exit.o ABSOLUTE
    ../clib/signal.c                         0x00000000   Number         0  defsig_rtmem_outer.o ABSOLUTE
    ../clib/signal.c                         0x00000000   Number         0  defsig_pvfn_inner.o ABSOLUTE
    ../clib/signal.c                         0x00000000   Number         0  defsig_rtmem_formal.o ABSOLUTE
    ../clib/signal.c                         0x00000000   Number         0  defsig_other.o ABSOLUTE
    ../clib/signal.s                         0x00000000   Number         0  defsig.o ABSOLUTE
    ../clib/stdio.c                          0x00000000   Number         0  getc.o ABSOLUTE
    ../clib/stdio.c                          0x00000000   Number         0  puts.o ABSOLUTE
    ../clib/stdlib.c                         0x00000000   Number         0  exit.o ABSOLUTE
    ../fplib/fpinit.s                        0x00000000   Number         0  fpinit.o ABSOLUTE
    Source\Button.c                          0x00000000   Number         0  button.o ABSOLUTE
    Source\ES_CheckEvents.c                  0x00000000   Number         0  es_checkevents.o ABSOLUTE
    Source\ES_DeferRecall.c                  0x00000000   Number         0  es_deferrecall.o ABSOLUTE
    Source\ES_Framework.c                    0x00000000   Number         0  es_framework.o ABSOLUTE
    Source\ES_LookupTables.c                 0x00000000   Number         0  es_lookuptables.o ABSOLUTE
    Source\ES_Port.c                         0x00000000   Number         0  es_port.o ABSOLUTE
    Source\ES_PostList.c                     0x00000000   Number         0  es_postlist.o ABSOLUTE
    Source\ES_Queue.c                        0x00000000   Number         0  es_queue.o ABSOLUTE
    Source\ES_ShortTimer.c                   0x00000000   Number         0  es_shorttimer.o ABSOLUTE
    Source\ES_Timers.c                       0x00000000   Number         0  es_timers.o ABSOLUTE
    Source\EventCheckers.c                   0x00000000   Number         0  eventcheckers.o ABSOLUTE
    Source\PACSM.c                           0x00000000   Number         0  pacsm.o ABSOLUTE
    Source\PWM_Module.c                      0x00000000   Number         0  pwm_module.o ABSOLUTE
    Source\TemplateFSM.c                     0x00000000   Number         0  templatefsm.o ABSOLUTE
    Source\TestHarnessService0.c             0x00000000   Number         0  testharnessservice0.o ABSOLUTE
    Source\Xbee.c                            0x00000000   Number         0  xbee.o ABSOLUTE
    Source\main.c                            0x00000000   Number         0  main.o ABSOLUTE
    Source\retarget.c                        0x00000000   Number         0  retarget.o ABSOLUTE
    Source\termio.c                          0x00000000   Number         0  termio.o ABSOLUTE
    Source\uartstdio.c                       0x00000000   Number         0  uartstdio.o ABSOLUTE
    StartUp\startup_rvmdk.S                  0x00000000   Number         0  startup_rvmdk.o ABSOLUTE
    UART.c                                   0x00000000   Number         0  uart.o ABSOLUTE
    cpu.c                                    0x00000000   Number         0  cpu.o ABSOLUTE
    cpu.c                                    0x00000000   Number         0  cpu.o ABSOLUTE
    dc.s                                     0x00000000   Number         0  dc.o ABSOLUTE
    gpio.c                                   0x00000000   Number         0  gpio.o ABSOLUTE
    interrupt.c                              0x00000000   Number         0  interrupt.o ABSOLUTE
    sysctl.c                                 0x00000000   Number         0  sysctl.o ABSOLUTE
    sysctl.c                                 0x00000000   Number         0  sysctl.o ABSOLUTE
    systick.c                                0x00000000   Number         0  systick.o ABSOLUTE
    timer.c                                  0x00000000   Number         0  timer.o ABSOLUTE
    uart.c                                   0x00000000   Number         0  uart.o ABSOLUTE
    $v0                                      0x0000026c   Number         0  startup_rvmdk.o(RESET)
    NmiSR                                    0x00000281   Thumb Code     0  startup_rvmdk.o(RESET)
    FaultISR                                 0x00000283   Thumb Code     0  startup_rvmdk.o(RESET)
    IntDefaultHandler                        0x00000285   Thumb Code     0  startup_rvmdk.o(RESET)
    !!!main                                  0x00000288   Section        8  __main.o(!!!main)
    !!!scatter                               0x00000290   Section       52  __scatter.o(!!!scatter)
    !!handler_copy                           0x000002c4   Section       26  __scatter_copy.o(!!handler_copy)
    !!handler_zi                             0x000002e0   Section       28  __scatter_zi.o(!!handler_zi)
    .ARM.Collect$$_printf_percent$$00000000  0x000002fc   Section        0  _printf_percent.o(.ARM.Collect$$_printf_percent$$00000000)
    .ARM.Collect$$_printf_percent$$00000009  0x000002fc   Section        6  _printf_d.o(.ARM.Collect$$_printf_percent$$00000009)
    .ARM.Collect$$_printf_percent$$00000014  0x00000302   Section        6  _printf_s.o(.ARM.Collect$$_printf_percent$$00000014)
    .ARM.Collect$$_printf_percent$$00000017  0x00000308   Section        4  _printf_percent_end.o(.ARM.Collect$$_printf_percent$$00000017)
    .ARM.Collect$$libinit$$00000000          0x0000030c   Section        2  libinit.o(.ARM.Collect$$libinit$$00000000)
    .ARM.Collect$$libinit$$00000001          0x0000030e   Section        4  libinit2.o(.ARM.Collect$$libinit$$00000001)
    .ARM.Collect$$libinit$$00000004          0x00000312   Section        0  libinit2.o(.ARM.Collect$$libinit$$00000004)
    .ARM.Collect$$libinit$$0000000A          0x00000312   Section        0  libinit2.o(.ARM.Collect$$libinit$$0000000A)
    .ARM.Collect$$libinit$$0000000C          0x00000312   Section        0  libinit2.o(.ARM.Collect$$libinit$$0000000C)
    .ARM.Collect$$libinit$$0000000E          0x00000312   Section        0  libinit2.o(.ARM.Collect$$libinit$$0000000E)
    .ARM.Collect$$libinit$$00000011          0x00000312   Section        0  libinit2.o(.ARM.Collect$$libinit$$00000011)
    .ARM.Collect$$libinit$$00000013          0x00000312   Section        0  libinit2.o(.ARM.Collect$$libinit$$00000013)
    .ARM.Collect$$libinit$$00000015          0x00000312   Section        0  libinit2.o(.ARM.Collect$$libinit$$00000015)
    .ARM.Collect$$libinit$$00000017          0x00000312   Section        0  libinit2.o(.ARM.Collect$$libinit$$00000017)
    .ARM.Collect$$libinit$$00000019          0x00000312   Section        0  libinit2.o(.ARM.Collect$$libinit$$00000019)
    .ARM.Collect$$libinit$$0000001B          0x00000312   Section        0  libinit2.o(.ARM.Collect$$libinit$$0000001B)
    .ARM.Collect$$libinit$$0000001D          0x00000312   Section        0  libinit2.o(.ARM.Collect$$libinit$$0000001D)
    .ARM.Collect$$libinit$$0000001F          0x00000312   Section        0  libinit2.o(.ARM.Collect$$libinit$$0000001F)
    .ARM.Collect$$libinit$$00000021          0x00000312   Section        0  libinit2.o(.ARM.Collect$$libinit$$00000021)
    .ARM.Collect$$libinit$$00000023          0x00000312   Section        0  libinit2.o(.ARM.Collect$$libinit$$00000023)
    .ARM.Collect$$libinit$$00000025          0x00000312   Section        0  libinit2.o(.ARM.Collect$$libinit$$00000025)
    .ARM.Collect$$libinit$$0000002C          0x00000312   Section        0  libinit2.o(.ARM.Collect$$libinit$$0000002C)
    .ARM.Collect$$libinit$$0000002E          0x00000312   Section        0  libinit2.o(.ARM.Collect$$libinit$$0000002E)
    .ARM.Collect$$libinit$$00000030          0x00000312   Section        0  libinit2.o(.ARM.Collect$$libinit$$00000030)
    .ARM.Collect$$libinit$$00000032          0x00000312   Section        0  libinit2.o(.ARM.Collect$$libinit$$00000032)
    .ARM.Collect$$libinit$$00000033          0x00000312   Section        2  libinit2.o(.ARM.Collect$$libinit$$00000033)
    .ARM.Collect$$libshutdown$$00000000      0x00000314   Section        2  libshutdown.o(.ARM.Collect$$libshutdown$$00000000)
    .ARM.Collect$$libshutdown$$00000003      0x00000316   Section        0  libshutdown2.o(.ARM.Collect$$libshutdown$$00000003)
    .ARM.Collect$$libshutdown$$00000006      0x00000316   Section        0  libshutdown2.o(.ARM.Collect$$libshutdown$$00000006)
    .ARM.Collect$$libshutdown$$00000009      0x00000316   Section        0  libshutdown2.o(.ARM.Collect$$libshutdown$$00000009)
    .ARM.Collect$$libshutdown$$0000000B      0x00000316   Section        0  libshutdown2.o(.ARM.Collect$$libshutdown$$0000000B)
    .ARM.Collect$$libshutdown$$0000000E      0x00000316   Section        0  libshutdown2.o(.ARM.Collect$$libshutdown$$0000000E)
    .ARM.Collect$$libshutdown$$0000000F      0x00000316   Section        2  libshutdown2.o(.ARM.Collect$$libshutdown$$0000000F)
    .ARM.Collect$$rtentry$$00000000          0x00000318   Section        0  __rtentry.o(.ARM.Collect$$rtentry$$00000000)
    .ARM.Collect$$rtentry$$00000002          0x00000318   Section        0  __rtentry2.o(.ARM.Collect$$rtentry$$00000002)
    .ARM.Collect$$rtentry$$00000004          0x00000318   Section        6  __rtentry4.o(.ARM.Collect$$rtentry$$00000004)
    .ARM.Collect$$rtentry$$00000009          0x0000031e   Section        0  __rtentry2.o(.ARM.Collect$$rtentry$$00000009)
    .ARM.Collect$$rtentry$$0000000A          0x0000031e   Section        4  __rtentry2.o(.ARM.Collect$$rtentry$$0000000A)
    .ARM.Collect$$rtentry$$0000000C          0x00000322   Section        0  __rtentry2.o(.ARM.Collect$$rtentry$$0000000C)
    .ARM.Collect$$rtentry$$0000000D          0x00000322   Section        8  __rtentry2.o(.ARM.Collect$$rtentry$$0000000D)
    .ARM.Collect$$rtexit$$00000000           0x0000032a   Section        2  rtexit.o(.ARM.Collect$$rtexit$$00000000)
    .ARM.Collect$$rtexit$$00000002           0x0000032c   Section        0  rtexit2.o(.ARM.Collect$$rtexit$$00000002)
    .ARM.Collect$$rtexit$$00000003           0x0000032c   Section        4  rtexit2.o(.ARM.Collect$$rtexit$$00000003)
    .ARM.Collect$$rtexit$$00000004           0x00000330   Section        6  rtexit2.o(.ARM.Collect$$rtexit$$00000004)
    .emb_text                                0x00000338   Section        6  sysctl.o(.emb_text)
    $v0                                      0x00000338   Number         0  sysctl.o(.emb_text)
    .emb_text                                0x00000340   Section       38  cpu.o(.emb_text)
    $v0                                      0x00000340   Number         0  cpu.o(.emb_text)
    .text                                    0x00000368   Section       24  startup_rvmdk.o(.text)
    $v0                                      0x00000368   Number         0  startup_rvmdk.o(.text)
    .text                                    0x00000380   Section        2  use_no_semi.o(.text)
    .text                                    0x00000384   Section        0  noretval__2printf.o(.text)
    .text                                    0x0000039c   Section        0  __printf.o(.text)
    .text                                    0x00000404   Section        0  _printf_str.o(.text)
    .text                                    0x00000458   Section        0  _printf_dec.o(.text)
    .text                                    0x000004d0   Section        0  getc.o(.text)
    .text                                    0x000004d4   Section        0  puts.o(.text)
    .text                                    0x00000500   Section        0  heapauxi.o(.text)
    .text                                    0x00000506   Section        0  _printf_intcommon.o(.text)
    .text                                    0x000005b8   Section        0  _printf_char.o(.text)
    .text                                    0x000005e4   Section        0  _printf_char_file.o(.text)
    .text                                    0x00000608   Section        0  _printf_char_common.o(.text)
    _printf_input_char                       0x00000609   Thumb Code    10  _printf_char_common.o(.text)
    .text                                    0x00000638   Section       74  sys_stackheap_outer.o(.text)
    .text                                    0x00000682   Section        0  exit.o(.text)
    .text                                    0x00000690   Section        8  libspace.o(.text)
    i.BeginMessageTransmission               0x00000698   Section        0  uart.o(i.BeginMessageTransmission)
    i.CPUgetPRIMASK_cpsid                    0x000006d4   Section        0  es_port.o(i.CPUgetPRIMASK_cpsid)
    i.CPUsetPRIMASK                          0x000006dc   Section        0  es_port.o(i.CPUsetPRIMASK)
    i.ChangeStatus                           0x000006e4   Section        0  pacsm.o(i.ChangeStatus)
    i.Check4ButtonPress                      0x000006f0   Section        0  eventcheckers.o(i.Check4ButtonPress)
    i.Check4Keystroke                        0x00000728   Section        0  eventcheckers.o(i.Check4Keystroke)
    i.ES_CheckUserEvents                     0x00000758   Section        0  es_checkevents.o(i.ES_CheckUserEvents)
    i.ES_DeQueue                             0x00000780   Section        0  es_queue.o(i.ES_DeQueue)
    i.ES_EnQueueFIFO                         0x000007d4   Section        0  es_queue.o(i.ES_EnQueueFIFO)
    i.ES_GetMSBitSet                         0x0000081c   Section        0  es_lookuptables.o(i.ES_GetMSBitSet)
    i.ES_InitQueue                           0x00000850   Section        0  es_queue.o(i.ES_InitQueue)
    i.ES_Initialize                          0x00000860   Section        0  es_framework.o(i.ES_Initialize)
    i.ES_PostToService                       0x000008ac   Section        0  es_framework.o(i.ES_PostToService)
    i.ES_Run                                 0x000008e4   Section        0  es_framework.o(i.ES_Run)
    i.ES_ShortTimerInit                      0x00000944   Section        0  es_shorttimer.o(i.ES_ShortTimerInit)
    i.ES_Timer_Init                          0x0000097c   Section        0  es_timers.o(i.ES_Timer_Init)
    i.ES_Timer_InitTimer                     0x00000980   Section        0  es_timers.o(i.ES_Timer_InitTimer)
    i.ES_Timer_Tick_Resp                     0x000009bc   Section        0  es_timers.o(i.ES_Timer_Tick_Resp)
    i.GPIODirModeSet                         0x00000a28   Section        0  gpio.o(i.GPIODirModeSet)
    i.GPIOPadConfigSet                       0x00000a50   Section        0  gpio.o(i.GPIOPadConfigSet)
    i.GPIOPinConfigure                       0x00000b8c   Section        0  gpio.o(i.GPIOPinConfigure)
    i.GPIOPinTypeUART                        0x00000bd4   Section        0  gpio.o(i.GPIOPinTypeUART)
    i.InitButtonService                      0x00000bf0   Section        0  button.o(i.InitButtonService)
    i.InitPACSM                              0x00000c70   Section        0  pacsm.o(i.InitPACSM)
    i.InitTestHarnessService0                0x00000cb8   Section        0  testharnessservice0.o(i.InitTestHarnessService0)
    i.InitUart1                              0x00000cf8   Section        0  uart.o(i.InitUart1)
    i.InitXBee                               0x00000dc0   Section        0  xbee.o(i.InitXBee)
    i.IntMasterEnable                        0x00000dca   Section        0  interrupt.o(i.IntMasterEnable)
    i.PostButtonService                      0x00000dd8   Section        0  button.o(i.PostButtonService)
    i.PostPACSM                              0x00000de8   Section        0  pacsm.o(i.PostPACSM)
    i.PostTestHarnessService0                0x00000df8   Section        0  testharnessservice0.o(i.PostTestHarnessService0)
    i.RunButtonService                       0x00000e08   Section        0  button.o(i.RunButtonService)
    i.RunPACSM                               0x00000e64   Section        0  pacsm.o(i.RunPACSM)
    i.RunTestHarnessService0                 0x00000f98   Section        0  testharnessservice0.o(i.RunTestHarnessService0)
    i.SendMessage                            0x000010c4   Section        0  uart.o(i.SendMessage)
    i.ShortTimerAHandler                     0x000010e4   Section        0  es_shorttimer.o(i.ShortTimerAHandler)
    i.ShortTimerBHandler                     0x00001118   Section        0  es_shorttimer.o(i.ShortTimerBHandler)
    i.SysCtlClockSet                         0x00001150   Section        0  sysctl.o(i.SysCtlClockSet)
    i.SysCtlPeripheralEnable                 0x00001270   Section        0  sysctl.o(i.SysCtlPeripheralEnable)
    i.SysTickEnable                          0x00001298   Section        0  systick.o(i.SysTickEnable)
    i.SysTickIntEnable                       0x000012a6   Section        0  systick.o(i.SysTickIntEnable)
    i.SysTickIntHandler                      0x000012b4   Section        0  es_port.o(i.SysTickIntHandler)
    i.SysTickPeriodSet                       0x000012c8   Section        0  systick.o(i.SysTickPeriodSet)
    i.TERMIO_GetChar                         0x000012d2   Section        0  termio.o(i.TERMIO_GetChar)
    i.TERMIO_Init                            0x000012d8   Section        0  termio.o(i.TERMIO_Init)
    i.TERMIO_PutChar                         0x00001328   Section        0  termio.o(i.TERMIO_PutChar)
    i.TimerConfigure                         0x00001334   Section        0  timer.o(i.TimerConfigure)
    i.TimerIntClear                          0x00001394   Section        0  timer.o(i.TimerIntClear)
    i.TimerPrescaleSet                       0x00001398   Section        0  timer.o(i.TimerPrescaleSet)
    i.UART1_ISR                              0x000013ac   Section        0  uart.o(i.UART1_ISR)
    i.UARTCharPut                            0x0000147c   Section        0  uart.o(i.UARTCharPut)
    i.UARTClockSourceSet                     0x00001488   Section        0  uart.o(i.UARTClockSourceSet)
    i.UARTStdioConfig                        0x00001490   Section        0  uartstdio.o(i.UARTStdioConfig)
    i.UARTgetc                               0x000014ec   Section        0  uartstdio.o(i.UARTgetc)
    i._HW_Process_Pending_Ints               0x00001504   Section        0  es_port.o(i._HW_Process_Pending_Ints)
    i._HW_Timer_Init                         0x00001524   Section        0  es_port.o(i._HW_Timer_Init)
    i._sys_exit                              0x0000153a   Section        0  retarget.o(i._sys_exit)
    i.ferror                                 0x0000153c   Section        0  retarget.o(i.ferror)
    i.fgetc                                  0x00001542   Section        0  retarget.o(i.fgetc)
    i.fputc                                  0x00001546   Section        0  retarget.o(i.fputc)
    i.kbhit                                  0x00001554   Section        0  termio.o(i.kbhit)
    i.main                                   0x00001568   Section        0  main.o(i.main)
    x$fpl$fpinit                             0x00001658   Section       10  fpinit.o(x$fpl$fpinit)
    $v0                                      0x00001658   Number         0  fpinit.o(x$fpl$fpinit)
    .constdata                               0x00001664   Section        8  es_checkevents.o(.constdata)
    ES_EventList                             0x00001664   Data           8  es_checkevents.o(.constdata)
    .constdata                               0x0000166c   Section       48  es_framework.o(.constdata)
    ServDescList                             0x0000166c   Data          24  es_framework.o(.constdata)
    EventQueues                              0x00001684   Data          24  es_framework.o(.constdata)
    .constdata                               0x0000169c   Section       32  es_lookuptables.o(.constdata)
    .constdata                               0x000016bc   Section       15  es_lookuptables.o(.constdata)
    .constdata                               0x000016cc   Section       64  es_timers.o(.constdata)
    Timer2PostFunc                           0x000016cc   Data          64  es_timers.o(.constdata)
    .constdata                               0x0000170c   Section       28  uartstdio.o(.constdata)
    g_pcHex                                  0x0000170c   Data           4  uartstdio.o(.constdata)
    g_ui32UARTBase                           0x00001710   Data          12  uartstdio.o(.constdata)
    g_ui32UARTPeriph                         0x0000171c   Data          12  uartstdio.o(.constdata)
    .constdata                               0x00001728   Section      528  gpio.o(.constdata)
    g_ppui32GPIOIntMapBlizzard               0x00001728   Data         192  gpio.o(.constdata)
    g_ppui32GPIOIntMapSnowflake              0x000017e8   Data         192  gpio.o(.constdata)
    g_pui32GPIOBaseAddrs                     0x000018a8   Data         144  gpio.o(.constdata)
    .conststring                             0x00001938   Section       72  uart.o(.conststring)
    .conststring                             0x00001980   Section       17  uartstdio.o(.conststring)
    .data                                    0x20000000   Section        1  eventcheckers.o(.data)
    LastPinState                             0x20000000   Data           1  eventcheckers.o(.data)
    .data                                    0x20000004   Section        8  testharnessservice0.o(.data)
    MyPriority                               0x20000004   Data           1  testharnessservice0.o(.data)
    UpdateStatus                             0x20000008   Data           4  testharnessservice0.o(.data)
    .data                                    0x2000000c   Section        2  es_shorttimer.o(.data)
    Timer_A_Priority                         0x2000000c   Data           1  es_shorttimer.o(.data)
    Timer_B_Priority                         0x2000000d   Data           1  es_shorttimer.o(.data)
    .data                                    0x2000000e   Section        2  button.o(.data)
    MyPriority                               0x2000000e   Data           1  button.o(.data)
    CurrentState                             0x2000000f   Data           1  button.o(.data)
    .data                                    0x20000010   Section       12  uart.o(.data)
    incomingMessageSize                      0x20000010   Data           1  uart.o(.data)
    txIndex                                  0x20000011   Data           1  uart.o(.data)
    rxIndex                                  0x20000012   Data           1  uart.o(.data)
    outgoingMessageSize                      0x20000013   Data           1  uart.o(.data)
    outgoingMessage                          0x20000014   Data           4  uart.o(.data)
    incomingMessage                          0x20000018   Data           4  uart.o(.data)
    .data                                    0x2000001c   Section        8  pacsm.o(.data)
    MyPriority                               0x2000001c   Data           1  pacsm.o(.data)
    CurrentState                             0x2000001d   Data           1  pacsm.o(.data)
    CurrentStatus                            0x20000020   Data           4  pacsm.o(.data)
    .data                                    0x20000024   Section        6  es_framework.o(.data)
    ThisEvent                                0x20000026   Data           4  es_framework.o(.data)
    .data                                    0x2000002a   Section        4  es_port.o(.data)
    TickCount                                0x2000002a   Data           1  es_port.o(.data)
    SysTickCounter                           0x2000002c   Data           2  es_port.o(.data)
    .data                                    0x20000030   Section        4  es_queue.o(.data)
    .data                                    0x20000034   Section       10  es_timers.o(.data)
    NextTimer2Process                        0x20000034   Data           1  es_timers.o(.data)
    NeedsProcessing                          0x20000036   Data           2  es_timers.o(.data)
    TMR_ActiveFlags                          0x20000038   Data           2  es_timers.o(.data)
    NewEvent                                 0x2000003a   Data           4  es_timers.o(.data)
    .data                                    0x20000040   Section        4  retarget.o(.data)
    .data                                    0x20000044   Section        4  retarget.o(.data)
    .data                                    0x20000048   Section        8  uartstdio.o(.data)
    bLastWasCR                               0x20000048   Data           1  uartstdio.o(.data)
    g_ui32Base                               0x2000004c   Data           4  uartstdio.o(.data)
    .bss                                     0x20000050   Section       16  testharnessservice0.o(.bss)
    DeferralQueue                            0x20000050   Data          16  testharnessservice0.o(.bss)
    .bss                                     0x20000060   Section       24  es_framework.o(.bss)
    Queue0                                   0x20000060   Data          24  es_framework.o(.bss)
    .bss                                     0x20000078   Section       16  es_framework.o(.bss)
    Queue1                                   0x20000078   Data          16  es_framework.o(.bss)
    .bss                                     0x20000088   Section       16  es_framework.o(.bss)
    Queue2                                   0x20000088   Data          16  es_framework.o(.bss)
    .bss                                     0x20000098   Section       32  es_timers.o(.bss)
    TMR_TimerArray                           0x20000098   Data          32  es_timers.o(.bss)
    .bss                                     0x200000b8   Section       96  libspace.o(.bss)
    HEAP                                     0x20000118   Section        0  startup_rvmdk.o(HEAP)
    STACK                                    0x20000118   Section     2048  startup_rvmdk.o(STACK)
    HeapMem                                  0x20000118   Data           0  startup_rvmdk.o(HEAP)
    StackMem                                 0x20000118   Data           0  startup_rvmdk.o(STACK)

    Global Symbols

    Symbol Name                              Value     Ov Type        Size  Object(Section)

    BuildAttributes$$THM_ISAv4$E$P$D$K$B$S$7EM$VFPi3$EXTD16$VFPS$VFMA$PE$A:L22UL41UL21$X:L11$S22US41US21$IEEE1$IW$USESV6$~STKCKD$USESV7$~SHL$OTIME$ROPI$EBA8$UX$STANDARDLIB$REQ8$PRES8$EABIv2 0x00000000   Number         0  anon$$obj.o ABSOLUTE
    __ARM_use_no_argv                        0x00000000   Number         0  main.o ABSOLUTE
    __Vectors                                0x00000000   Data           0  startup_rvmdk.o(RESET)
    __ARM_exceptions_init                     - Undefined Weak Reference
    __alloca_initialize                       - Undefined Weak Reference
    __arm_preinit_                            - Undefined Weak Reference
    __cpp_initialize__aeabi_                  - Undefined Weak Reference
    __cxa_finalize                            - Undefined Weak Reference
    __rt_locale                               - Undefined Weak Reference
    __sigvec_lookup                           - Undefined Weak Reference
    _atexit_init                              - Undefined Weak Reference
    _call_atexit_fns                          - Undefined Weak Reference
    _clock_init                               - Undefined Weak Reference
    _fp_trap_init                             - Undefined Weak Reference
    _fp_trap_shutdown                         - Undefined Weak Reference
    _get_lc_collate                           - Undefined Weak Reference
    _get_lc_ctype                             - Undefined Weak Reference
    _get_lc_monetary                          - Undefined Weak Reference
    _get_lc_numeric                           - Undefined Weak Reference
    _get_lc_time                              - Undefined Weak Reference
    _getenv_init                              - Undefined Weak Reference
    _handle_redirection                       - Undefined Weak Reference
    _init_alloc                               - Undefined Weak Reference
    _init_user_alloc                          - Undefined Weak Reference
    _initio                                   - Undefined Weak Reference
    _printf_mbtowc                            - Undefined Weak Reference
    _printf_post_padding                      - Undefined Weak Reference
    _printf_pre_padding                       - Undefined Weak Reference
    _printf_truncate_signed                   - Undefined Weak Reference
    _printf_truncate_unsigned                 - Undefined Weak Reference
    _rand_init                                - Undefined Weak Reference
    _signal_finish                            - Undefined Weak Reference
    _signal_init                              - Undefined Weak Reference
    _terminate_alloc                          - Undefined Weak Reference
    _terminate_user_alloc                     - Undefined Weak Reference
    _terminateio                              - Undefined Weak Reference
    Reset_Handler                            0x0000026d   Thumb Code     0  startup_rvmdk.o(RESET)
    __main                                   0x00000289   Thumb Code     8  __main.o(!!!main)
    __scatterload                            0x00000291   Thumb Code     0  __scatter.o(!!!scatter)
    __scatterload_rt2                        0x00000291   Thumb Code    44  __scatter.o(!!!scatter)
    __scatterload_rt2_thumb_only             0x00000291   Thumb Code     0  __scatter.o(!!!scatter)
    __scatterload_null                       0x0000029f   Thumb Code     0  __scatter.o(!!!scatter)
    __scatterload_copy                       0x000002c5   Thumb Code    26  __scatter_copy.o(!!handler_copy)
    __scatterload_zeroinit                   0x000002e1   Thumb Code    28  __scatter_zi.o(!!handler_zi)
    _printf_d                                0x000002fd   Thumb Code     0  _printf_d.o(.ARM.Collect$$_printf_percent$$00000009)
    _printf_percent                          0x000002fd   Thumb Code     0  _printf_percent.o(.ARM.Collect$$_printf_percent$$00000000)
    _printf_s                                0x00000303   Thumb Code     0  _printf_s.o(.ARM.Collect$$_printf_percent$$00000014)
    _printf_percent_end                      0x00000309   Thumb Code     0  _printf_percent_end.o(.ARM.Collect$$_printf_percent$$00000017)
    __rt_lib_init                            0x0000030d   Thumb Code     0  libinit.o(.ARM.Collect$$libinit$$00000000)
    __rt_lib_init_fp_1                       0x0000030f   Thumb Code     0  libinit2.o(.ARM.Collect$$libinit$$00000001)
    __rt_lib_init_alloca_1                   0x00000313   Thumb Code     0  libinit2.o(.ARM.Collect$$libinit$$0000002E)
    __rt_lib_init_argv_1                     0x00000313   Thumb Code     0  libinit2.o(.ARM.Collect$$libinit$$0000002C)
    __rt_lib_init_atexit_1                   0x00000313   Thumb Code     0  libinit2.o(.ARM.Collect$$libinit$$0000001B)
    __rt_lib_init_clock_1                    0x00000313   Thumb Code     0  libinit2.o(.ARM.Collect$$libinit$$00000021)
    __rt_lib_init_cpp_1                      0x00000313   Thumb Code     0  libinit2.o(.ARM.Collect$$libinit$$00000032)
    __rt_lib_init_exceptions_1               0x00000313   Thumb Code     0  libinit2.o(.ARM.Collect$$libinit$$00000030)
    __rt_lib_init_fp_trap_1                  0x00000313   Thumb Code     0  libinit2.o(.ARM.Collect$$libinit$$0000001F)
    __rt_lib_init_getenv_1                   0x00000313   Thumb Code     0  libinit2.o(.ARM.Collect$$libinit$$00000023)
    __rt_lib_init_heap_1                     0x00000313   Thumb Code     0  libinit2.o(.ARM.Collect$$libinit$$0000000A)
    __rt_lib_init_lc_collate_1               0x00000313   Thumb Code     0  libinit2.o(.ARM.Collect$$libinit$$00000011)
    __rt_lib_init_lc_ctype_1                 0x00000313   Thumb Code     0  libinit2.o(.ARM.Collect$$libinit$$00000013)
    __rt_lib_init_lc_monetary_1              0x00000313   Thumb Code     0  libinit2.o(.ARM.Collect$$libinit$$00000015)
    __rt_lib_init_lc_numeric_1               0x00000313   Thumb Code     0  libinit2.o(.ARM.Collect$$libinit$$00000017)
    __rt_lib_init_lc_time_1                  0x00000313   Thumb Code     0  libinit2.o(.ARM.Collect$$libinit$$00000019)
    __rt_lib_init_preinit_1                  0x00000313   Thumb Code     0  libinit2.o(.ARM.Collect$$libinit$$00000004)
    __rt_lib_init_rand_1                     0x00000313   Thumb Code     0  libinit2.o(.ARM.Collect$$libinit$$0000000E)
    __rt_lib_init_return                     0x00000313   Thumb Code     0  libinit2.o(.ARM.Collect$$libinit$$00000033)
    __rt_lib_init_signal_1                   0x00000313   Thumb Code     0  libinit2.o(.ARM.Collect$$libinit$$0000001D)
    __rt_lib_init_stdio_1                    0x00000313   Thumb Code     0  libinit2.o(.ARM.Collect$$libinit$$00000025)
    __rt_lib_init_user_alloc_1               0x00000313   Thumb Code     0  libinit2.o(.ARM.Collect$$libinit$$0000000C)
    __rt_lib_shutdown                        0x00000315   Thumb Code     0  libshutdown.o(.ARM.Collect$$libshutdown$$00000000)
    __rt_lib_shutdown_fp_trap_1              0x00000317   Thumb Code     0  libshutdown2.o(.ARM.Collect$$libshutdown$$00000006)
    __rt_lib_shutdown_heap_1                 0x00000317   Thumb Code     0  libshutdown2.o(.ARM.Collect$$libshutdown$$0000000E)
    __rt_lib_shutdown_return                 0x00000317   Thumb Code     0  libshutdown2.o(.ARM.Collect$$libshutdown$$0000000F)
    __rt_lib_shutdown_signal_1               0x00000317   Thumb Code     0  libshutdown2.o(.ARM.Collect$$libshutdown$$00000009)
    __rt_lib_shutdown_stdio_1                0x00000317   Thumb Code     0  libshutdown2.o(.ARM.Collect$$libshutdown$$00000003)
    __rt_lib_shutdown_user_alloc_1           0x00000317   Thumb Code     0  libshutdown2.o(.ARM.Collect$$libshutdown$$0000000B)
    __rt_entry                               0x00000319   Thumb Code     0  __rtentry.o(.ARM.Collect$$rtentry$$00000000)
    __rt_entry_presh_1                       0x00000319   Thumb Code     0  __rtentry2.o(.ARM.Collect$$rtentry$$00000002)
    __rt_entry_sh                            0x00000319   Thumb Code     0  __rtentry4.o(.ARM.Collect$$rtentry$$00000004)
    __rt_entry_li                            0x0000031f   Thumb Code     0  __rtentry2.o(.ARM.Collect$$rtentry$$0000000A)
    __rt_entry_postsh_1                      0x0000031f   Thumb Code     0  __rtentry2.o(.ARM.Collect$$rtentry$$00000009)
    __rt_entry_main                          0x00000323   Thumb Code     0  __rtentry2.o(.ARM.Collect$$rtentry$$0000000D)
    __rt_entry_postli_1                      0x00000323   Thumb Code     0  __rtentry2.o(.ARM.Collect$$rtentry$$0000000C)
    __rt_exit                                0x0000032b   Thumb Code     0  rtexit.o(.ARM.Collect$$rtexit$$00000000)
    __rt_exit_ls                             0x0000032d   Thumb Code     0  rtexit2.o(.ARM.Collect$$rtexit$$00000003)
    __rt_exit_prels_1                        0x0000032d   Thumb Code     0  rtexit2.o(.ARM.Collect$$rtexit$$00000002)
    __rt_exit_exit                           0x00000331   Thumb Code     0  rtexit2.o(.ARM.Collect$$rtexit$$00000004)
    SysCtlDelay                              0x00000339   Thumb Code     6  sysctl.o(.emb_text)
    CPUcpsid                                 0x00000341   Thumb Code     8  cpu.o(.emb_text)
    CPUprimask                               0x00000349   Thumb Code     6  cpu.o(.emb_text)
    CPUcpsie                                 0x0000034f   Thumb Code     8  cpu.o(.emb_text)
    CPUwfi                                   0x00000357   Thumb Code     4  cpu.o(.emb_text)
    CPUbasepriSet                            0x0000035b   Thumb Code     6  cpu.o(.emb_text)
    CPUbasepriGet                            0x00000361   Thumb Code     6  cpu.o(.emb_text)
    __user_initial_stackheap                 0x00000369   Thumb Code     0  startup_rvmdk.o(.text)
    __I$use$semihosting                      0x00000381   Thumb Code     0  use_no_semi.o(.text)
    __use_no_semihosting_swi                 0x00000381   Thumb Code     2  use_no_semi.o(.text)
    __2printf                                0x00000385   Thumb Code    20  noretval__2printf.o(.text)
    __printf                                 0x0000039d   Thumb Code   104  __printf.o(.text)
    _printf_str                              0x00000405   Thumb Code    82  _printf_str.o(.text)
    _printf_int_dec                          0x00000459   Thumb Code   104  _printf_dec.o(.text)
    getc                                     0x000004d1   Thumb Code     4  getc.o(.text)
    puts                                     0x000004d5   Thumb Code    40  puts.o(.text)
    __use_two_region_memory                  0x00000501   Thumb Code     2  heapauxi.o(.text)
    __rt_heap_escrow$2region                 0x00000503   Thumb Code     2  heapauxi.o(.text)
    __rt_heap_expand$2region                 0x00000505   Thumb Code     2  heapauxi.o(.text)
    _printf_int_common                       0x00000507   Thumb Code   178  _printf_intcommon.o(.text)
    _printf_cs_common                        0x000005b9   Thumb Code    20  _printf_char.o(.text)
    _printf_char                             0x000005cd   Thumb Code    16  _printf_char.o(.text)
    _printf_string                           0x000005dd   Thumb Code     8  _printf_char.o(.text)
    _printf_char_file                        0x000005e5   Thumb Code    32  _printf_char_file.o(.text)
    _printf_char_common                      0x00000613   Thumb Code    32  _printf_char_common.o(.text)
    __user_setup_stackheap                   0x00000639   Thumb Code    74  sys_stackheap_outer.o(.text)
    exit                                     0x00000683   Thumb Code    12  exit.o(.text)
    __user_libspace                          0x00000691   Thumb Code     8  libspace.o(.text)
    __user_perproc_libspace                  0x00000691   Thumb Code     0  libspace.o(.text)
    __user_perthread_libspace                0x00000691   Thumb Code     0  libspace.o(.text)
    BeginMessageTransmission                 0x00000699   Thumb Code    46  uart.o(i.BeginMessageTransmission)
    CPUgetPRIMASK_cpsid                      0x000006d5   Thumb Code     8  es_port.o(i.CPUgetPRIMASK_cpsid)
    CPUsetPRIMASK                            0x000006dd   Thumb Code     6  es_port.o(i.CPUsetPRIMASK)
    ChangeStatus                             0x000006e5   Thumb Code     6  pacsm.o(i.ChangeStatus)
    Check4ButtonPress                        0x000006f1   Thumb Code    46  eventcheckers.o(i.Check4ButtonPress)
    Check4Keystroke                          0x00000729   Thumb Code    44  eventcheckers.o(i.Check4Keystroke)
    ES_CheckUserEvents                       0x00000759   Thumb Code    34  es_checkevents.o(i.ES_CheckUserEvents)
    ES_DeQueue                               0x00000781   Thumb Code    80  es_queue.o(i.ES_DeQueue)
    ES_EnQueueFIFO                           0x000007d5   Thumb Code    66  es_queue.o(i.ES_EnQueueFIFO)
    ES_GetMSBitSet                           0x0000081d   Thumb Code    48  es_lookuptables.o(i.ES_GetMSBitSet)
    ES_InitQueue                             0x00000851   Thumb Code    16  es_queue.o(i.ES_InitQueue)
    ES_Initialize                            0x00000861   Thumb Code    72  es_framework.o(i.ES_Initialize)
    ES_PostToService                         0x000008ad   Thumb Code    42  es_framework.o(i.ES_PostToService)
    ES_Run                                   0x000008e5   Thumb Code    84  es_framework.o(i.ES_Run)
    ES_ShortTimerInit                        0x00000945   Thumb Code    40  es_shorttimer.o(i.ES_ShortTimerInit)
    ES_Timer_Init                            0x0000097d   Thumb Code     4  es_timers.o(i.ES_Timer_Init)
    ES_Timer_InitTimer                       0x00000981   Thumb Code    44  es_timers.o(i.ES_Timer_InitTimer)
    ES_Timer_Tick_Resp                       0x000009bd   Thumb Code    90  es_timers.o(i.ES_Timer_Tick_Resp)
    GPIODirModeSet                           0x00000a29   Thumb Code    40  gpio.o(i.GPIODirModeSet)
    GPIOPadConfigSet                         0x00000a51   Thumb Code   314  gpio.o(i.GPIOPadConfigSet)
    GPIOPinConfigure                         0x00000b8d   Thumb Code    64  gpio.o(i.GPIOPinConfigure)
    GPIOPinTypeUART                          0x00000bd5   Thumb Code    28  gpio.o(i.GPIOPinTypeUART)
    InitButtonService                        0x00000bf1   Thumb Code   104  button.o(i.InitButtonService)
    InitPACSM                                0x00000c71   Thumb Code    36  pacsm.o(i.InitPACSM)
    InitTestHarnessService0                  0x00000cb9   Thumb Code    50  testharnessservice0.o(i.InitTestHarnessService0)
    InitUart1                                0x00000cf9   Thumb Code   180  uart.o(i.InitUart1)
    InitXBee                                 0x00000dc1   Thumb Code    10  xbee.o(i.InitXBee)
    IntMasterEnable                          0x00000dcb   Thumb Code    14  interrupt.o(i.IntMasterEnable)
    PostButtonService                        0x00000dd9   Thumb Code    10  button.o(i.PostButtonService)
    PostPACSM                                0x00000de9   Thumb Code    10  pacsm.o(i.PostPACSM)
    PostTestHarnessService0                  0x00000df9   Thumb Code    10  testharnessservice0.o(i.PostTestHarnessService0)
    RunButtonService                         0x00000e09   Thumb Code    70  button.o(i.RunButtonService)
    RunPACSM                                 0x00000e65   Thumb Code   180  pacsm.o(i.RunPACSM)
    RunTestHarnessService0                   0x00000f99   Thumb Code   148  testharnessservice0.o(i.RunTestHarnessService0)
    SendMessage                              0x000010c5   Thumb Code    24  uart.o(i.SendMessage)
    ShortTimerAHandler                       0x000010e5   Thumb Code    42  es_shorttimer.o(i.ShortTimerAHandler)
    ShortTimerBHandler                       0x00001119   Thumb Code    46  es_shorttimer.o(i.ShortTimerBHandler)
    SysCtlClockSet                           0x00001151   Thumb Code   270  sysctl.o(i.SysCtlClockSet)
    SysCtlPeripheralEnable                   0x00001271   Thumb Code    36  sysctl.o(i.SysCtlPeripheralEnable)
    SysTickEnable                            0x00001299   Thumb Code    14  systick.o(i.SysTickEnable)
    SysTickIntEnable                         0x000012a7   Thumb Code    14  systick.o(i.SysTickIntEnable)
    SysTickIntHandler                        0x000012b5   Thumb Code    16  es_port.o(i.SysTickIntHandler)
    SysTickPeriodSet                         0x000012c9   Thumb Code    10  systick.o(i.SysTickPeriodSet)
    TERMIO_GetChar                           0x000012d3   Thumb Code     4  termio.o(i.TERMIO_GetChar)
    TERMIO_Init                              0x000012d9   Thumb Code    62  termio.o(i.TERMIO_Init)
    TERMIO_PutChar                           0x00001329   Thumb Code     8  termio.o(i.TERMIO_PutChar)
    TimerConfigure                           0x00001335   Thumb Code    88  timer.o(i.TimerConfigure)
    TimerIntClear                            0x00001395   Thumb Code     4  timer.o(i.TimerIntClear)
    TimerPrescaleSet                         0x00001399   Thumb Code    18  timer.o(i.TimerPrescaleSet)
    UART1_ISR                                0x000013ad   Thumb Code   142  uart.o(i.UART1_ISR)
    UARTCharPut                              0x0000147d   Thumb Code    12  uart.o(i.UARTCharPut)
    UARTClockSourceSet                       0x00001489   Thumb Code     6  uart.o(i.UARTClockSourceSet)
    UARTStdioConfig                          0x00001491   Thumb Code    82  uartstdio.o(i.UARTStdioConfig)
    UARTgetc                                 0x000014ed   Thumb Code    20  uartstdio.o(i.UARTgetc)
    _HW_Process_Pending_Ints                 0x00001505   Thumb Code    26  es_port.o(i._HW_Process_Pending_Ints)
    _HW_Timer_Init                           0x00001525   Thumb Code    22  es_port.o(i._HW_Timer_Init)
    _sys_exit                                0x0000153b   Thumb Code     2  retarget.o(i._sys_exit)
    ferror                                   0x0000153d   Thumb Code     6  retarget.o(i.ferror)
    fgetc                                    0x00001543   Thumb Code     4  retarget.o(i.fgetc)
    fputc                                    0x00001547   Thumb Code    14  retarget.o(i.fputc)
    kbhit                                    0x00001555   Thumb Code    16  termio.o(i.kbhit)
    main                                     0x00001569   Thumb Code    84  main.o(i.main)
    _fp_init                                 0x00001659   Thumb Code    10  fpinit.o(x$fpl$fpinit)
    __fplib_config_fpu_vfp                   0x00001661   Thumb Code     0  fpinit.o(x$fpl$fpinit)
    __fplib_config_pureend_doubles           0x00001661   Thumb Code     0  fpinit.o(x$fpl$fpinit)
    BitNum2SetMask                           0x0000169c   Data          32  es_lookuptables.o(.constdata)
    Nybble2MSBitNum                          0x000016bc   Data          15  es_lookuptables.o(.constdata)
    Region$$Table$$Base                      0x00001994   Number         0  anon$$obj.o(Region$$Table)
    Region$$Table$$Limit                     0x000019b4   Number         0  anon$$obj.o(Region$$Table)
    Ready                                    0x20000024   Data           2  es_framework.o(.data)
    _PRIMASK_temp                            0x20000030   Data           4  es_queue.o(.data)
    __stdout                                 0x20000040   Data           4  retarget.o(.data)
    __stdin                                  0x20000044   Data           4  retarget.o(.data)
    __libspace_start                         0x200000b8   Data          96  libspace.o(.bss)
    __temporary_stack_top$libspace           0x20000118   Data           0  libspace.o(.bss)



==============================================================================

Memory Map of the image

  Image Entry point : 0x0000026d

  Load Region LR_IROM1 (Base: 0x00000000, Size: 0x00001a04, Max: 0x00040000, ABSOLUTE)

    Execution Region ER_IROM1 (Base: 0x00000000, Size: 0x000019b4, Max: 0x00040000, ABSOLUTE)

    Base Addr    Size         Type   Attr      Idx    E Section Name        Object

    0x00000000   0x00000288   Code   RO          411  * RESET               startup_rvmdk.o
    0x00000288   0x00000008   Code   RO         2240  * !!!main             c_w.l(__main.o)
    0x00000290   0x00000034   Code   RO         2401    !!!scatter          c_w.l(__scatter.o)
    0x000002c4   0x0000001a   Code   RO         2403    !!handler_copy      c_w.l(__scatter_copy.o)
    0x000002de   0x00000002   PAD
    0x000002e0   0x0000001c   Code   RO         2405    !!handler_zi        c_w.l(__scatter_zi.o)
    0x000002fc   0x00000000   Code   RO         2233    .ARM.Collect$$_printf_percent$$00000000  c_w.l(_printf_percent.o)
    0x000002fc   0x00000006   Code   RO         2232    .ARM.Collect$$_printf_percent$$00000009  c_w.l(_printf_d.o)
    0x00000302   0x00000006   Code   RO         2231    .ARM.Collect$$_printf_percent$$00000014  c_w.l(_printf_s.o)
    0x00000308   0x00000004   Code   RO         2249    .ARM.Collect$$_printf_percent$$00000017  c_w.l(_printf_percent_end.o)
    0x0000030c   0x00000002   Code   RO         2278    .ARM.Collect$$libinit$$00000000  c_w.l(libinit.o)
    0x0000030e   0x00000004   Code   RO         2284    .ARM.Collect$$libinit$$00000001  c_w.l(libinit2.o)
    0x00000312   0x00000000   Code   RO         2287    .ARM.Collect$$libinit$$00000004  c_w.l(libinit2.o)
    0x00000312   0x00000000   Code   RO         2290    .ARM.Collect$$libinit$$0000000A  c_w.l(libinit2.o)
    0x00000312   0x00000000   Code   RO         2292    .ARM.Collect$$libinit$$0000000C  c_w.l(libinit2.o)
    0x00000312   0x00000000   Code   RO         2294    .ARM.Collect$$libinit$$0000000E  c_w.l(libinit2.o)
    0x00000312   0x00000000   Code   RO         2297    .ARM.Collect$$libinit$$00000011  c_w.l(libinit2.o)
    0x00000312   0x00000000   Code   RO         2299    .ARM.Collect$$libinit$$00000013  c_w.l(libinit2.o)
    0x00000312   0x00000000   Code   RO         2301    .ARM.Collect$$libinit$$00000015  c_w.l(libinit2.o)
    0x00000312   0x00000000   Code   RO         2303    .ARM.Collect$$libinit$$00000017  c_w.l(libinit2.o)
    0x00000312   0x00000000   Code   RO         2305    .ARM.Collect$$libinit$$00000019  c_w.l(libinit2.o)
    0x00000312   0x00000000   Code   RO         2307    .ARM.Collect$$libinit$$0000001B  c_w.l(libinit2.o)
    0x00000312   0x00000000   Code   RO         2309    .ARM.Collect$$libinit$$0000001D  c_w.l(libinit2.o)
    0x00000312   0x00000000   Code   RO         2311    .ARM.Collect$$libinit$$0000001F  c_w.l(libinit2.o)
    0x00000312   0x00000000   Code   RO         2313    .ARM.Collect$$libinit$$00000021  c_w.l(libinit2.o)
    0x00000312   0x00000000   Code   RO         2315    .ARM.Collect$$libinit$$00000023  c_w.l(libinit2.o)
    0x00000312   0x00000000   Code   RO         2317    .ARM.Collect$$libinit$$00000025  c_w.l(libinit2.o)
    0x00000312   0x00000000   Code   RO         2321    .ARM.Collect$$libinit$$0000002C  c_w.l(libinit2.o)
    0x00000312   0x00000000   Code   RO         2323    .ARM.Collect$$libinit$$0000002E  c_w.l(libinit2.o)
    0x00000312   0x00000000   Code   RO         2325    .ARM.Collect$$libinit$$00000030  c_w.l(libinit2.o)
    0x00000312   0x00000000   Code   RO         2327    .ARM.Collect$$libinit$$00000032  c_w.l(libinit2.o)
    0x00000312   0x00000002   Code   RO         2328    .ARM.Collect$$libinit$$00000033  c_w.l(libinit2.o)
    0x00000314   0x00000002   Code   RO         2346    .ARM.Collect$$libshutdown$$00000000  c_w.l(libshutdown.o)
    0x00000316   0x00000000   Code   RO         2357    .ARM.Collect$$libshutdown$$00000003  c_w.l(libshutdown2.o)
    0x00000316   0x00000000   Code   RO         2360    .ARM.Collect$$libshutdown$$00000006  c_w.l(libshutdown2.o)
    0x00000316   0x00000000   Code   RO         2363    .ARM.Collect$$libshutdown$$00000009  c_w.l(libshutdown2.o)
    0x00000316   0x00000000   Code   RO         2365    .ARM.Collect$$libshutdown$$0000000B  c_w.l(libshutdown2.o)
    0x00000316   0x00000000   Code   RO         2368    .ARM.Collect$$libshutdown$$0000000E  c_w.l(libshutdown2.o)
    0x00000316   0x00000002   Code   RO         2369    .ARM.Collect$$libshutdown$$0000000F  c_w.l(libshutdown2.o)
    0x00000318   0x00000000   Code   RO         2242    .ARM.Collect$$rtentry$$00000000  c_w.l(__rtentry.o)
    0x00000318   0x00000000   Code   RO         2251    .ARM.Collect$$rtentry$$00000002  c_w.l(__rtentry2.o)
    0x00000318   0x00000006   Code   RO         2263    .ARM.Collect$$rtentry$$00000004  c_w.l(__rtentry4.o)
    0x0000031e   0x00000000   Code   RO         2253    .ARM.Collect$$rtentry$$00000009  c_w.l(__rtentry2.o)
    0x0000031e   0x00000004   Code   RO         2254    .ARM.Collect$$rtentry$$0000000A  c_w.l(__rtentry2.o)
    0x00000322   0x00000000   Code   RO         2256    .ARM.Collect$$rtentry$$0000000C  c_w.l(__rtentry2.o)
    0x00000322   0x00000008   Code   RO         2257    .ARM.Collect$$rtentry$$0000000D  c_w.l(__rtentry2.o)
    0x0000032a   0x00000002   Code   RO         2282    .ARM.Collect$$rtexit$$00000000  c_w.l(rtexit.o)
    0x0000032c   0x00000000   Code   RO         2330    .ARM.Collect$$rtexit$$00000002  c_w.l(rtexit2.o)
    0x0000032c   0x00000004   Code   RO         2331    .ARM.Collect$$rtexit$$00000003  c_w.l(rtexit2.o)
    0x00000330   0x00000006   Code   RO         2332    .ARM.Collect$$rtexit$$00000004  c_w.l(rtexit2.o)
    0x00000336   0x00000002   PAD
    0x00000338   0x00000006   Code   RO         1251    .emb_text           driverlib.lib(sysctl.o)
    0x0000033e   0x00000002   PAD
    0x00000340   0x00000026   Code   RO         2187    .emb_text           driverlib.lib(cpu.o)
    0x00000366   0x00000002   PAD
    0x00000368   0x00000018   Code   RO          412    .text               startup_rvmdk.o
    0x00000380   0x00000002   Code   RO         2199    .text               c_w.l(use_no_semi.o)
    0x00000382   0x00000002   PAD
    0x00000384   0x00000018   Code   RO         2203    .text               c_w.l(noretval__2printf.o)
    0x0000039c   0x00000068   Code   RO         2205    .text               c_w.l(__printf.o)
    0x00000404   0x00000052   Code   RO         2207    .text               c_w.l(_printf_str.o)
    0x00000456   0x00000002   PAD
    0x00000458   0x00000078   Code   RO         2209    .text               c_w.l(_printf_dec.o)
    0x000004d0   0x00000004   Code   RO         2234    .text               c_w.l(getc.o)
    0x000004d4   0x0000002c   Code   RO         2236    .text               c_w.l(puts.o)
    0x00000500   0x00000006   Code   RO         2238    .text               c_w.l(heapauxi.o)
    0x00000506   0x000000b2   Code   RO         2243    .text               c_w.l(_printf_intcommon.o)
    0x000005b8   0x0000002c   Code   RO         2245    .text               c_w.l(_printf_char.o)
    0x000005e4   0x00000024   Code   RO         2247    .text               c_w.l(_printf_char_file.o)
    0x00000608   0x00000030   Code   RO         2265    .text               c_w.l(_printf_char_common.o)
    0x00000638   0x0000004a   Code   RO         2267    .text               c_w.l(sys_stackheap_outer.o)
    0x00000682   0x0000000c   Code   RO         2271    .text               c_w.l(exit.o)
    0x0000068e   0x00000002   PAD
    0x00000690   0x00000008   Code   RO         2279    .text               c_w.l(libspace.o)
    0x00000698   0x0000003c   Code   RO          302    i.BeginMessageTransmission  uart.o
    0x000006d4   0x00000008   Code   RO          542    i.CPUgetPRIMASK_cpsid  es_port.o
    0x000006dc   0x00000006   Code   RO          548    i.CPUsetPRIMASK     es_port.o
    0x000006e2   0x00000002   PAD
    0x000006e4   0x0000000c   Code   RO          350    i.ChangeStatus      pacsm.o
    0x000006f0   0x00000038   Code   RO           89    i.Check4ButtonPress  eventcheckers.o
    0x00000728   0x00000030   Code   RO           90    i.Check4Keystroke   eventcheckers.o
    0x00000758   0x00000028   Code   RO          418    i.ES_CheckUserEvents  es_checkevents.o
    0x00000780   0x00000054   Code   RO          570    i.ES_DeQueue        es_queue.o
    0x000007d4   0x00000048   Code   RO          571    i.ES_EnQueueFIFO    es_queue.o
    0x0000081c   0x00000034   Code   RO          491    i.ES_GetMSBitSet    es_lookuptables.o
    0x00000850   0x00000010   Code   RO          573    i.ES_InitQueue      es_queue.o
    0x00000860   0x0000004c   Code   RO          444    i.ES_Initialize     es_framework.o
    0x000008ac   0x00000038   Code   RO          446    i.ES_PostToService  es_framework.o
    0x000008e4   0x00000060   Code   RO          448    i.ES_Run            es_framework.o
    0x00000944   0x00000038   Code   RO          206    i.ES_ShortTimerInit  es_shorttimer.o
    0x0000097c   0x00000004   Code   RO          613    i.ES_Timer_Init     es_timers.o
    0x00000980   0x0000003c   Code   RO          614    i.ES_Timer_InitTimer  es_timers.o
    0x000009bc   0x0000006c   Code   RO          618    i.ES_Timer_Tick_Resp  es_timers.o
    0x00000a28   0x00000028   Code   RO          814    i.GPIODirModeSet    driverlib.lib(gpio.o)
    0x00000a50   0x0000013a   Code   RO          824    i.GPIOPadConfigSet  driverlib.lib(gpio.o)
    0x00000b8a   0x00000002   PAD
    0x00000b8c   0x00000048   Code   RO          825    i.GPIOPinConfigure  driverlib.lib(gpio.o)
    0x00000bd4   0x0000001c   Code   RO          850    i.GPIOPinTypeUART   driverlib.lib(gpio.o)
    0x00000bf0   0x00000080   Code   RO          246    i.InitButtonService  button.o
    0x00000c70   0x00000048   Code   RO          351    i.InitPACSM         pacsm.o
    0x00000cb8   0x00000040   Code   RO          129    i.InitTestHarnessService0  testharnessservice0.o
    0x00000cf8   0x000000c8   Code   RO          303    i.InitUart1         uart.o
    0x00000dc0   0x0000000a   Code   RO          386    i.InitXBee          xbee.o
    0x00000dca   0x0000000e   Code   RO         1139    i.IntMasterEnable   driverlib.lib(interrupt.o)
    0x00000dd8   0x00000010   Code   RO          247    i.PostButtonService  button.o
    0x00000de8   0x00000010   Code   RO          352    i.PostPACSM         pacsm.o
    0x00000df8   0x00000010   Code   RO          130    i.PostTestHarnessService0  testharnessservice0.o
    0x00000e08   0x0000005c   Code   RO          248    i.RunButtonService  button.o
    0x00000e64   0x00000134   Code   RO          353    i.RunPACSM          pacsm.o
    0x00000f98   0x0000012c   Code   RO          131    i.RunTestHarnessService0  testharnessservice0.o
    0x000010c4   0x00000020   Code   RO          305    i.SendMessage       uart.o
    0x000010e4   0x00000034   Code   RO          208    i.ShortTimerAHandler  es_shorttimer.o
    0x00001118   0x00000038   Code   RO          209    i.ShortTimerBHandler  es_shorttimer.o
    0x00001150   0x00000120   Code   RO         1256    i.SysCtlClockSet    driverlib.lib(sysctl.o)
    0x00001270   0x00000028   Code   RO         1285    i.SysCtlPeripheralEnable  driverlib.lib(sysctl.o)
    0x00001298   0x0000000e   Code   RO         1594    i.SysTickEnable     driverlib.lib(systick.o)
    0x000012a6   0x0000000e   Code   RO         1596    i.SysTickIntEnable  driverlib.lib(systick.o)
    0x000012b4   0x00000014   Code   RO          508    i.SysTickIntHandler  es_port.o
    0x000012c8   0x0000000a   Code   RO         1600    i.SysTickPeriodSet  driverlib.lib(systick.o)
    0x000012d2   0x00000004   Code   RO          717    i.TERMIO_GetChar    termio.o
    0x000012d6   0x00000002   PAD
    0x000012d8   0x00000050   Code   RO          718    i.TERMIO_Init       termio.o
    0x00001328   0x0000000c   Code   RO          719    i.TERMIO_PutChar    termio.o
    0x00001334   0x00000060   Code   RO         1660    i.TimerConfigure    driverlib.lib(timer.o)
    0x00001394   0x00000004   Code   RO         1670    i.TimerIntClear     driverlib.lib(timer.o)
    0x00001398   0x00000012   Code   RO         1687    i.TimerPrescaleSet  driverlib.lib(timer.o)
    0x000013aa   0x00000002   PAD
    0x000013ac   0x000000d0   Code   RO          307    i.UART1_ISR         uart.o
    0x0000147c   0x0000000c   Code   RO         1906    i.UARTCharPut       driverlib.lib(uart.o)
    0x00001488   0x00000006   Code   RO         1910    i.UARTClockSourceSet  driverlib.lib(uart.o)
    0x0000148e   0x00000002   PAD
    0x00001490   0x0000005c   Code   RO          757    i.UARTStdioConfig   uartstdio.o
    0x000014ec   0x00000018   Code   RO          758    i.UARTgetc          uartstdio.o
    0x00001504   0x00000020   Code   RO          510    i._HW_Process_Pending_Ints  es_port.o
    0x00001524   0x00000016   Code   RO          511    i._HW_Timer_Init    es_port.o
    0x0000153a   0x00000002   Code   RO          664    i._sys_exit         retarget.o
    0x0000153c   0x00000006   Code   RO          666    i.ferror            retarget.o
    0x00001542   0x00000004   Code   RO          667    i.fgetc             retarget.o
    0x00001546   0x0000000e   Code   RO          668    i.fputc             retarget.o
    0x00001554   0x00000014   Code   RO          720    i.kbhit             termio.o
    0x00001568   0x000000f0   Code   RO            1    i.main              main.o
    0x00001658   0x0000000a   Code   RO         2338    x$fpl$fpinit        fz_wm.l(fpinit.o)
    0x00001662   0x00000002   PAD
    0x00001664   0x00000008   Data   RO          419    .constdata          es_checkevents.o
    0x0000166c   0x00000030   Data   RO          452    .constdata          es_framework.o
    0x0000169c   0x00000020   Data   RO          492    .constdata          es_lookuptables.o
    0x000016bc   0x0000000f   Data   RO          493    .constdata          es_lookuptables.o
    0x000016cb   0x00000001   PAD
    0x000016cc   0x00000040   Data   RO          620    .constdata          es_timers.o
    0x0000170c   0x0000001c   Data   RO          763    .constdata          uartstdio.o
    0x00001728   0x00000210   Data   RO          857    .constdata          driverlib.lib(gpio.o)
    0x00001938   0x00000048   Data   RO          308    .conststring        uart.o
    0x00001980   0x00000011   Data   RO          764    .conststring        uartstdio.o
    0x00001991   0x00000003   PAD
    0x00001994   0x00000020   Data   RO         2399    Region$$Table       anon$$obj.o


    Execution Region RW_IRAM1 (Base: 0x20000000, Size: 0x00000918, Max: 0x00008000, ABSOLUTE)

    Base Addr    Size         Type   Attr      Idx    E Section Name        Object

    0x20000000   0x00000001   Data   RW           91    .data               eventcheckers.o
    0x20000001   0x00000003   PAD
    0x20000004   0x00000008   Data   RW          133    .data               testharnessservice0.o
    0x2000000c   0x00000002   Data   RW          210    .data               es_shorttimer.o
    0x2000000e   0x00000002   Data   RW          249    .data               button.o
    0x20000010   0x0000000c   Data   RW          309    .data               uart.o
    0x2000001c   0x00000008   Data   RW          354    .data               pacsm.o
    0x20000024   0x00000006   Data   RW          453    .data               es_framework.o
    0x2000002a   0x00000004   Data   RW          512    .data               es_port.o
    0x2000002e   0x00000002   PAD
    0x20000030   0x00000004   Data   RW          575    .data               es_queue.o
    0x20000034   0x0000000a   Data   RW          621    .data               es_timers.o
    0x2000003e   0x00000002   PAD
    0x20000040   0x00000004   Data   RW          669    .data               retarget.o
    0x20000044   0x00000004   Data   RW          670    .data               retarget.o
    0x20000048   0x00000008   Data   RW          765    .data               uartstdio.o
    0x20000050   0x00000010   Zero   RW          132    .bss                testharnessservice0.o
    0x20000060   0x00000018   Zero   RW          449    .bss                es_framework.o
    0x20000078   0x00000010   Zero   RW          450    .bss                es_framework.o
    0x20000088   0x00000010   Zero   RW          451    .bss                es_framework.o
    0x20000098   0x00000020   Zero   RW          619    .bss                es_timers.o
    0x200000b8   0x00000060   Zero   RW         2280    .bss                c_w.l(libspace.o)
    0x20000118   0x00000000   Zero   RW          410    HEAP                startup_rvmdk.o
    0x20000118   0x00000800   Zero   RW          409    STACK               startup_rvmdk.o


==============================================================================

Image component sizes


      Code (inc. data)   RO Data    RW Data    ZI Data      Debug   Object Name

       236         52          0          2          0       1943   button.o
        40          6          8          0          0       1205   es_checkevents.o
       228         30         48          6         56       2976   es_framework.o
        52          4         47          0          0       1314   es_lookuptables.o
        88         10          0          4          0       3638   es_port.o
       172         10          0          4          0       2477   es_queue.o
       164         36          0          2          0       2688   es_shorttimer.o
       172         34         64         10         32       2446   es_timers.o
       104         14          0          1          0       1946   eventcheckers.o
       240        156          0          0          0       9703   main.o
       408        176          0          8          0       3290   pacsm.o
        26          0          0          8          0       3711   retarget.o
       672        636          0          0       2048        572   startup_rvmdk.o
       116         26          0          0          0       1996   termio.o
       380        172          0          8         16       2941   testharnessservice0.o
       500        108         72         12          0       3417   uart.o
       116         14         45          8          0       2776   uartstdio.o
        10          0          0          0          0        495   xbee.o

    ----------------------------------------------------------------------
      3728       1484        320         80       2152      49534   Object Totals
         0          0         32          0          0          0   (incl. Generated)
         4          0          4          7          0          0   (incl. Padding)

    ----------------------------------------------------------------------

      Code (inc. data)   RO Data    RW Data    ZI Data      Debug   Library Member Name

         8          0          0          0          0         68   __main.o
       104          0          0          0          0         84   __printf.o
         0          0          0          0          0          0   __rtentry.o
        12          0          0          0          0          0   __rtentry2.o
         6          0          0          0          0          0   __rtentry4.o
        52          8          0          0          0          0   __scatter.o
        26          0          0          0          0          0   __scatter_copy.o
        28          0          0          0          0          0   __scatter_zi.o
        44          0          0          0          0        108   _printf_char.o
        48          6          0          0          0         96   _printf_char_common.o
        36          4          0          0          0         80   _printf_char_file.o
         6          0          0          0          0          0   _printf_d.o
       120         16          0          0          0         92   _printf_dec.o
       178          0          0          0          0         88   _printf_intcommon.o
         0          0          0          0          0          0   _printf_percent.o
         4          0          0          0          0          0   _printf_percent_end.o
         6          0          0          0          0          0   _printf_s.o
        82          0          0          0          0         80   _printf_str.o
        12          0          0          0          0         72   exit.o
         4          0          0          0          0         68   getc.o
         6          0          0          0          0        152   heapauxi.o
         2          0          0          0          0          0   libinit.o
         6          0          0          0          0          0   libinit2.o
         2          0          0          0          0          0   libshutdown.o
         2          0          0          0          0          0   libshutdown2.o
         8          4          0          0         96         68   libspace.o
        24          4          0          0          0         84   noretval__2printf.o
        44          4          0          0          0         84   puts.o
         2          0          0          0          0          0   rtexit.o
        10          0          0          0          0          0   rtexit2.o
        74          0          0          0          0         80   sys_stackheap_outer.o
         2          0          0          0          0         68   use_no_semi.o
        38          0          0          0          0        504   cpu.o
       454          8        528          0          0       5929   gpio.o
        14          0          0          0          0        450   interrupt.o
       334         22          0          0          0       1550   sysctl.o
        38          0          0          0          0       1218   systick.o
       118          8          0          0          0       1412   timer.o
        18          0          0          0          0        867   uart.o
        10          0          0          0          0        116   fpinit.o

    ----------------------------------------------------------------------
      2004         84        528          0         96      13418   Library Totals
        22          0          0          0          0          0   (incl. Padding)

    ----------------------------------------------------------------------

      Code (inc. data)   RO Data    RW Data    ZI Data      Debug   Library Name

       958         46          0          0         96       1372   c_w.l
      1014         38        528          0          0      11930   driverlib.lib
        10          0          0          0          0        116   fz_wm.l

    ----------------------------------------------------------------------
      2004         84        528          0         96      13418   Library Totals

    ----------------------------------------------------------------------

==============================================================================


      Code (inc. data)   RO Data    RW Data    ZI Data      Debug   

      5732       1568        848         80       2248      56628   Grand Totals
      5732       1568        848         80       2248      56628   ELF Image Totals
      5732       1568        848         80          0          0   ROM Totals

==============================================================================

    Total RO  Size (Code + RO Data)                 6580 (   6.43kB)
    Total RW  Size (RW Data + ZI Data)              2328 (   2.27kB)
    Total ROM Size (Code + RO Data + RW Data)       6660 (   6.50kB)

==============================================================================

