MPLINK 4.38, Linker
Linker Map File - Created Fri May 20 16:58:54 2016

                                 Section Info
                  Section       Type    Address   Location Size(Bytes)
                ---------  ---------  ---------  ---------  ---------
                   .org_0       code   0x000000    program   0x000000
                   .org_1       code   0x000000    program   0x000002
                   .org_2       code   0x000004    program   0x000002
                   .org_3       code   0x000005    program   0x0000d0
.config_2007_STEPPERMOTORV4.O       code   0x002007    program   0x000002



                              Program Memory Usage 
                               Start         End      
                           ---------   ---------      
                            0x000000    0x000000      
                            0x000004    0x00006c      
                            0x002007    0x002007      
            107 out of 1030 program addresses used, program memory utilization is 10%



                              Symbols - Sorted by Name
                     Name    Address   Location    Storage File                     
                ---------  ---------  ---------  --------- ---------                
                    Clear   0x00006b    program     static U:\_ME218cTeams\Team 10\Stepper Code V4\StepperMotorV4.asm
                     Done   0x00006c    program     static U:\_ME218cTeams\Team 10\Stepper Code V4\StepperMotorV4.asm
          EndDirectionSet   0x00005b    program     static U:\_ME218cTeams\Team 10\Stepper Code V4\StepperMotorV4.asm
                   EndTBL   0x00000a    program     static U:\_ME218cTeams\Team 10\Stepper Code V4\StepperMotorV4.asm
        ExternalInterrupt   0x000045    program     static U:\_ME218cTeams\Team 10\Stepper Code V4\StepperMotorV4.asm
                  Forward   0x000054    program     static U:\_ME218cTeams\Team 10\Stepper Code V4\StepperMotorV4.asm
            FullStepDrive   0x000005    program     static U:\_ME218cTeams\Team 10\Stepper Code V4\StepperMotorV4.asm
                      ISR   0x000030    program     static U:\_ME218cTeams\Team 10\Stepper Code V4\StepperMotorV4.asm
                 ISR_BODY   0x000037    program     static U:\_ME218cTeams\Team 10\Stepper Code V4\StepperMotorV4.asm
                      POP   0x00004a    program     static U:\_ME218cTeams\Team 10\Stepper Code V4\StepperMotorV4.asm
                     PUSH   0x000030    program     static U:\_ME218cTeams\Team 10\Stepper Code V4\StepperMotorV4.asm
                  Reverse   0x000058    program     static U:\_ME218cTeams\Team 10\Stepper Code V4\StepperMotorV4.asm
                     Step   0x000052    program     static U:\_ME218cTeams\Team 10\Stepper Code V4\StepperMotorV4.asm
           TimerInterrupt   0x000040    program     static U:\_ME218cTeams\Team 10\Stepper Code V4\StepperMotorV4.asm
                   Toggle   0x000065    program     static U:\_ME218cTeams\Team 10\Stepper Code V4\StepperMotorV4.asm
                     main   0x00000a    program     static U:\_ME218cTeams\Team 10\Stepper Code V4\StepperMotorV4.asm



                              Symbols - Sorted by Address
                     Name    Address   Location    Storage File                     
                ---------  ---------  ---------  --------- ---------                
            FullStepDrive   0x000005    program     static U:\_ME218cTeams\Team 10\Stepper Code V4\StepperMotorV4.asm
                   EndTBL   0x00000a    program     static U:\_ME218cTeams\Team 10\Stepper Code V4\StepperMotorV4.asm
                     main   0x00000a    program     static U:\_ME218cTeams\Team 10\Stepper Code V4\StepperMotorV4.asm
                      ISR   0x000030    program     static U:\_ME218cTeams\Team 10\Stepper Code V4\StepperMotorV4.asm
                     PUSH   0x000030    program     static U:\_ME218cTeams\Team 10\Stepper Code V4\StepperMotorV4.asm
                 ISR_BODY   0x000037    program     static U:\_ME218cTeams\Team 10\Stepper Code V4\StepperMotorV4.asm
           TimerInterrupt   0x000040    program     static U:\_ME218cTeams\Team 10\Stepper Code V4\StepperMotorV4.asm
        ExternalInterrupt   0x000045    program     static U:\_ME218cTeams\Team 10\Stepper Code V4\StepperMotorV4.asm
                      POP   0x00004a    program     static U:\_ME218cTeams\Team 10\Stepper Code V4\StepperMotorV4.asm
                     Step   0x000052    program     static U:\_ME218cTeams\Team 10\Stepper Code V4\StepperMotorV4.asm
                  Forward   0x000054    program     static U:\_ME218cTeams\Team 10\Stepper Code V4\StepperMotorV4.asm
                  Reverse   0x000058    program     static U:\_ME218cTeams\Team 10\Stepper Code V4\StepperMotorV4.asm
          EndDirectionSet   0x00005b    program     static U:\_ME218cTeams\Team 10\Stepper Code V4\StepperMotorV4.asm
                   Toggle   0x000065    program     static U:\_ME218cTeams\Team 10\Stepper Code V4\StepperMotorV4.asm
                    Clear   0x00006b    program     static U:\_ME218cTeams\Team 10\Stepper Code V4\StepperMotorV4.asm
                     Done   0x00006c    program     static U:\_ME218cTeams\Team 10\Stepper Code V4\StepperMotorV4.asm


