<html>
<body>
<pre>
<h1>µVision Build Log</h1>
<h2>Project:</h2>
U:\_ME218cTeams\Team 10\Lobbyist\UVFrameworkTemplate.uvprojx
Project File Date:  05/16/2016

<h2>Output:</h2>
Rebuild target 'Button Test'
compiling main.c...
compiling EventCheckers.c...
compiling TemplateFSM.c...
compiling ES_ShortTimer.c...
compiling Button.c...
compiling PWM_Module.c...
compiling XBee.c...
compiling UART.c...
compiling LobbyistSM.c...
Source\LobbyistSM.c(230): warning:  #546-D: transfer of control bypasses initialization of:
            variable "sender" (declared at line 234)
        switch(ThisEvent.EventType){
        ^
Source\LobbyistSM.c(262): warning:  #1182-D: a declaration cannot have a label
                                        uint16_t sender = GetSenderAddress() ;
Source\LobbyistSM.c(259): warning:  #546-D: transfer of control bypasses initialization of:
            variable "sender" (declared at line 262)
        switch(ThisEvent.EventType){
        ^
Source\LobbyistSM.c: 3 warnings, 0 errors
compiling MapKeys.c...
Source\MapKeys.c(171): warning:  #1182-D: a declaration cannot have a label
                                                        ES_Event Event1;
Source\MapKeys.c(185): warning:  #1182-D: a declaration cannot have a label
                                                        ES_Event Event4;
Source\MapKeys.c: 2 warnings, 0 errors
compiling Encryption.c...
compiling Steering.c...
compiling PWM8Tiva.c...
compiling PWM.c...
compiling LiftFan.c...
compiling DMC.c...
compiling Badge.c...
assembling startup_rvmdk.S...
compiling ES_CheckEvents.c...
compiling ES_DeferRecall.c...
compiling ES_Framework.c...
compiling ES_LookupTables.c...
compiling ES_Port.c...
compiling ES_PostList.c...
Source\ES_PostList.c(27): warning:  #177-D: function "PostToList" was declared but never referenced
  static bool PostToList(  PostFunc_t *const*FuncList, uint8_t ListSize, ES_Event NewEvent);
Source\ES_PostList.c: 1 warning, 0 errors
compiling ES_Queue.c...
compiling ES_Timers.c...
compiling retarget.c...
compiling termio.c...
compiling uartstdio.c...
linking...
Program Size: Code=9284 RO-data=1232 RW-data=140 ZI-data=2468  
After Build - User command #1: fromelf --bin --output .\Outputs\BaseTarget.bin .\Outputs\BaseTarget.axf
".\Outputs\BaseTarget.axf" - 0 Error(s), 6 Warning(s).
Load "U:\\_ME218cTeams\\Team 10\\Lobbyist\\Outputs\\BaseTarget.axf" 
Connecting: Mode=JTAG, Speed=1000000Hz
Erase Done.
Programming Done.
Verify OK.
</pre>
</body>
</html>
am 10\\Lobbyist\\Outputs\\BaseTarget.axf" 
Connecting: Mode=JTAG, Speed=1000000Hz
Erase Done.
Programming Done.
Verify OK.
oad "U:\\_ME218cTeams\\Team 10\\Lobbyist\\Outputs\\BaseTarget.axf" 
Connecting: Mode=JTAG, Speed=1000000Hz
Erase Done.
Programming Done.
Verify OK.
