MPLINK 4.38, Linker
Linker Map File - Created Sat May 21 00:27:20 2016

                                 Section Info
                  Section       Type    Address   Location Size(Bytes)
                ---------  ---------  ---------  ---------  ---------
                   .org_0       code   0x000000    program   0x000002
                   .cinit    romdata   0x000001    program   0x000004
                   .org_1       code   0x000004    program   0x000002
                   .org_2       code   0x000005    program   0x0002ec
.config_2007_DMC CONNOR.O       code   0x002007    program   0x000002



                              Program Memory Usage 
                               Start         End      
                           ---------   ---------      
                            0x000000    0x000002      
                            0x000004    0x00017a      
                            0x002007    0x002007      
            379 out of 1030 program addresses used, program memory utilization is 36%



                              Symbols - Sorted by Name
                     Name    Address   Location    Storage File                     
                ---------  ---------  ---------  --------- ---------                
                 DIM_LEDS   0x000137    program     static U:\_ME218cTeams\Team 10\DMC Connor\DMC Connor.asm
            DIM_LED_ARRAY   0x000005    program     static U:\_ME218cTeams\Team 10\DMC Connor\DMC Connor.asm
                      ISR   0x000075    program     static U:\_ME218cTeams\Team 10\DMC Connor\DMC Connor.asm
                 ISR_BODY   0x00007c    program     static U:\_ME218cTeams\Team 10\DMC Connor\DMC Connor.asm
            LAST_BIT_READ   0x0000c7    program     static U:\_ME218cTeams\Team 10\DMC Connor\DMC Connor.asm
                     Main   0x000033    program     static U:\_ME218cTeams\Team 10\DMC Connor\DMC Connor.asm
                      POP   0x000173    program     static U:\_ME218cTeams\Team 10\DMC Connor\DMC Connor.asm
                     PUSH   0x000075    program     static U:\_ME218cTeams\Team 10\DMC Connor\DMC Connor.asm
                      PWM   0x00014e    program     static U:\_ME218cTeams\Team 10\DMC Connor\DMC Connor.asm
                PWM_GO_HI   0x000157    program     static U:\_ME218cTeams\Team 10\DMC Connor\DMC Connor.asm
                PWM_GO_LO   0x000166    program     static U:\_ME218cTeams\Team 10\DMC Connor\DMC Connor.asm
                  RECEIVE   0x0000af    program     static U:\_ME218cTeams\Team 10\DMC Connor\DMC Connor.asm
                START_BIT   0x00008f    program     static U:\_ME218cTeams\Team 10\DMC Connor\DMC Connor.asm
             START_MOVING   0x0000e5    program     static U:\_ME218cTeams\Team 10\DMC Connor\DMC Connor.asm
              STOP_MOVING   0x000110    program     static U:\_ME218cTeams\Team 10\DMC Connor\DMC Connor.asm
      T1_ENABLE_INTERRUPT   0x0000fc    program     static U:\_ME218cTeams\Team 10\DMC Connor\DMC Connor.asm
             TIMER1_CHECK   0x00008a    program     static U:\_ME218cTeams\Team 10\DMC Connor\DMC Connor.asm
   TIMER1_INTERRUPTSOURCE   0x000109    program     static U:\_ME218cTeams\Team 10\DMC Connor\DMC Connor.asm
             TIMER2_CHECK   0x00007c    program     static U:\_ME218cTeams\Team 10\DMC Connor\DMC Connor.asm
            TURN_LEDS_OFF   0x00013a    program     static U:\_ME218cTeams\Team 10\DMC Connor\DMC Connor.asm
             TURN_LEDS_ON   0x00011c    program     static U:\_ME218cTeams\Team 10\DMC Connor\DMC Connor.asm
             _.org_2_0074   0x000074    program     static U:\_ME218cTeams\Team 10\DMC Connor\DMC Connor.asm



                              Symbols - Sorted by Address
                     Name    Address   Location    Storage File                     
                ---------  ---------  ---------  --------- ---------                
            DIM_LED_ARRAY   0x000005    program     static U:\_ME218cTeams\Team 10\DMC Connor\DMC Connor.asm
                     Main   0x000033    program     static U:\_ME218cTeams\Team 10\DMC Connor\DMC Connor.asm
             _.org_2_0074   0x000074    program     static U:\_ME218cTeams\Team 10\DMC Connor\DMC Connor.asm
                      ISR   0x000075    program     static U:\_ME218cTeams\Team 10\DMC Connor\DMC Connor.asm
                     PUSH   0x000075    program     static U:\_ME218cTeams\Team 10\DMC Connor\DMC Connor.asm
                 ISR_BODY   0x00007c    program     static U:\_ME218cTeams\Team 10\DMC Connor\DMC Connor.asm
             TIMER2_CHECK   0x00007c    program     static U:\_ME218cTeams\Team 10\DMC Connor\DMC Connor.asm
             TIMER1_CHECK   0x00008a    program     static U:\_ME218cTeams\Team 10\DMC Connor\DMC Connor.asm
                START_BIT   0x00008f    program     static U:\_ME218cTeams\Team 10\DMC Connor\DMC Connor.asm
                  RECEIVE   0x0000af    program     static U:\_ME218cTeams\Team 10\DMC Connor\DMC Connor.asm
            LAST_BIT_READ   0x0000c7    program     static U:\_ME218cTeams\Team 10\DMC Connor\DMC Connor.asm
             START_MOVING   0x0000e5    program     static U:\_ME218cTeams\Team 10\DMC Connor\DMC Connor.asm
      T1_ENABLE_INTERRUPT   0x0000fc    program     static U:\_ME218cTeams\Team 10\DMC Connor\DMC Connor.asm
   TIMER1_INTERRUPTSOURCE   0x000109    program     static U:\_ME218cTeams\Team 10\DMC Connor\DMC Connor.asm
              STOP_MOVING   0x000110    program     static U:\_ME218cTeams\Team 10\DMC Connor\DMC Connor.asm
             TURN_LEDS_ON   0x00011c    program     static U:\_ME218cTeams\Team 10\DMC Connor\DMC Connor.asm
                 DIM_LEDS   0x000137    program     static U:\_ME218cTeams\Team 10\DMC Connor\DMC Connor.asm
            TURN_LEDS_OFF   0x00013a    program     static U:\_ME218cTeams\Team 10\DMC Connor\DMC Connor.asm
                      PWM   0x00014e    program     static U:\_ME218cTeams\Team 10\DMC Connor\DMC Connor.asm
                PWM_GO_HI   0x000157    program     static U:\_ME218cTeams\Team 10\DMC Connor\DMC Connor.asm
                PWM_GO_LO   0x000166    program     static U:\_ME218cTeams\Team 10\DMC Connor\DMC Connor.asm
                      POP   0x000173    program     static U:\_ME218cTeams\Team 10\DMC Connor\DMC Connor.asm


