<html>
<body>
<pre>
<h1>µVision Build Log</h1>
<h2>Project:</h2>
U:\_ME218cTeams\Team 10\PAC\UVFrameworkTemplate.uvprojx
Project File Date:  05/19/2016

<h2>Output:</h2>
Rebuild target 'Button Test'
compiling main.c...
compiling EventCheckers.c...
compiling TestHarnessService0.c...
compiling TemplateFSM.c...
compiling ES_ShortTimer.c...
compiling Button.c...
compiling PACSM.c...
compiling XBee.c...
compiling UART.c...
compiling Encryption.c...
compiling ADMulti.c...
compiling ReadMyo.c...
compiling Color.c...
compiling LobbyistNumber.c...
assembling startup_rvmdk.S...
compiling ES_CheckEvents.c...
compiling ES_DeferRecall.c...
compiling ES_Framework.c...
compiling ES_LookupTables.c...
compiling ES_Port.c...
compiling ES_PostList.c...
Source\ES_PostList.c(27): warning:  #177-D: function "PostToList" was declared but never referenced
  static bool PostToList(  PostFunc_t *const*FuncList, uint8_t ListSize, ES_Event NewEvent);
Source\ES_PostList.c: 1 warning, 0 errors
compiling ES_Queue.c...
compiling ES_Timers.c...
compiling retarget.c...
compiling termio.c...
compiling uartstdio.c...
linking...
Program Size: Code=7936 RO-data=900 RW-data=132 ZI-data=2772  
After Build - User command #1: fromelf --bin --output .\Outputs\BaseTarget.bin .\Outputs\BaseTarget.axf
".\Outputs\BaseTarget.axf" - 0 Error(s), 1 Warning(s).
Load "U:\\_ME218cTeams\\Team 10\\PAC\\Outputs\\BaseTarget.axf" 
Connecting: Mode=JTAG, Speed=1000000Hz
Erase Done.
Programming Done.
Verify OK.
</pre>
</body>
</html>
