Product: MDK-ARM Professional 5.10
Component: ARM Compiler 5.04 update 1 (build 49)
Tool: armlink [5040049]

==============================================================================

Section Cross References

    main.o(i.main) refers to _printf_percent.o(.ARM.Collect$$_printf_percent$$00000000) for _printf_percent
    main.o(i.main) refers to _printf_s.o(.ARM.Collect$$_printf_percent$$00000014) for _printf_s
    main.o(i.main) refers to _printf_str.o(.text) for _printf_str
    main.o(i.main) refers to sysctl.o(i.SysCtlClockSet) for SysCtlClockSet
    main.o(i.main) refers to termio.o(i.TERMIO_Init) for TERMIO_Init
    main.o(i.main) refers to noretval__2printf.o(.text) for __2printf
    main.o(i.main) refers to puts.o(.text) for puts
    main.o(i.main) refers to es_framework.o(i.ES_Initialize) for ES_Initialize
    main.o(i.main) refers to es_framework.o(i.ES_Run) for ES_Run
    eventcheckers.o(i.Check4ButtonPress) refers to button.o(i.PostButtonService) for PostButtonService
    eventcheckers.o(i.Check4ButtonPress) refers to eventcheckers.o(.data) for .data
    eventcheckers.o(i.Check4Keystroke) refers to termio.o(i.kbhit) for kbhit
    eventcheckers.o(i.Check4Keystroke) refers to getc.o(.text) for getc
    eventcheckers.o(i.Check4Keystroke) refers to mapkeys.o(i.PostMapKeys) for PostMapKeys
    eventcheckers.o(i.Check4Keystroke) refers to retarget.o(.data) for __stdin
    templatefsm.o(i.InitTemplateFSM) refers to es_framework.o(i.ES_PostToService) for ES_PostToService
    templatefsm.o(i.InitTemplateFSM) refers to templatefsm.o(.data) for .data
    templatefsm.o(i.PostTemplateFSM) refers to es_framework.o(i.ES_PostToService) for ES_PostToService
    templatefsm.o(i.PostTemplateFSM) refers to templatefsm.o(.data) for .data
    templatefsm.o(i.QueryTemplateFSM) refers to templatefsm.o(.data) for .data
    templatefsm.o(i.RunTemplateFSM) refers to templatefsm.o(.data) for .data
    es_shorttimer.o(i.ES_ShortTimerInit) refers to sysctl.o(i.SysCtlPeripheralEnable) for SysCtlPeripheralEnable
    es_shorttimer.o(i.ES_ShortTimerInit) refers to timer.o(i.TimerConfigure) for TimerConfigure
    es_shorttimer.o(i.ES_ShortTimerInit) refers to timer.o(i.TimerPrescaleSet) for TimerPrescaleSet
    es_shorttimer.o(i.ES_ShortTimerInit) refers to es_shorttimer.o(.data) for .data
    es_shorttimer.o(i.ES_ShortTimerStart) refers to es_shorttimer.o(i.ShortTimerBHandler) for ShortTimerBHandler
    es_shorttimer.o(i.ES_ShortTimerStart) refers to timer.o(i.TimerLoadSet) for TimerLoadSet
    es_shorttimer.o(i.ES_ShortTimerStart) refers to timer.o(i.TimerIntEnable) for TimerIntEnable
    es_shorttimer.o(i.ES_ShortTimerStart) refers to interrupt.o(i.IntEnable) for IntEnable
    es_shorttimer.o(i.ES_ShortTimerStart) refers to timer.o(i.TimerEnable) for TimerEnable
    es_shorttimer.o(i.ES_ShortTimerStart) refers to es_shorttimer.o(i.ShortTimerAHandler) for ShortTimerAHandler
    es_shorttimer.o(i.ShortTimerAHandler) refers to timer.o(i.TimerIntClear) for TimerIntClear
    es_shorttimer.o(i.ShortTimerAHandler) refers to es_framework.o(i.ES_PostToService) for ES_PostToService
    es_shorttimer.o(i.ShortTimerAHandler) refers to es_shorttimer.o(.data) for .data
    es_shorttimer.o(i.ShortTimerBHandler) refers to timer.o(i.TimerIntClear) for TimerIntClear
    es_shorttimer.o(i.ShortTimerBHandler) refers to es_framework.o(i.ES_PostToService) for ES_PostToService
    es_shorttimer.o(i.ShortTimerBHandler) refers to es_shorttimer.o(.data) for .data
    button.o(i.InitButtonService) refers to es_timers.o(i.ES_Timer_InitTimer) for ES_Timer_InitTimer
    button.o(i.InitButtonService) refers to es_framework.o(i.ES_PostToService) for ES_PostToService
    button.o(i.InitButtonService) refers to button.o(.data) for .data
    button.o(i.PostButtonService) refers to es_framework.o(i.ES_PostToService) for ES_PostToService
    button.o(i.PostButtonService) refers to button.o(.data) for .data
    button.o(i.RunButtonService) refers to puts.o(.text) for puts
    button.o(i.RunButtonService) refers to uart.o(i.BeginMessageTransmission) for BeginMessageTransmission
    button.o(i.RunButtonService) refers to es_timers.o(i.ES_Timer_InitTimer) for ES_Timer_InitTimer
    button.o(i.RunButtonService) refers to button.o(.data) for .data
    xbee.o(i.AssemblePacket) refers to xbee.o(i.ComputeChecksum) for ComputeChecksum
    xbee.o(i.AssemblePacket) refers to xbee.o(.data) for .data
    xbee.o(i.CheckForErrors) refers to xbee.o(i.ComputeChecksum) for ComputeChecksum
    xbee.o(i.GetApiIdentifier) refers to uart.o(i.GetMessage) for GetMessage
    xbee.o(i.GetMessageData) refers to uart.o(i.GetMessage) for GetMessage
    xbee.o(i.GetMessageDataSize) refers to uart.o(i.GetMessageSize) for GetMessageSize
    xbee.o(i.GetSenderAddress) refers to uart.o(i.GetMessage) for GetMessage
    xbee.o(i.InitXBee) refers to uart.o(i.InitUart1) for InitUart1
[...]
    Removing systick.o(i.SysTickValueGet), (8 bytes).
    Removing timer.o(i.TimerADCEventGet), (4 bytes).
    Removing timer.o(i.TimerADCEventSet), (4 bytes).
    Removing timer.o(i.TimerClockSourceGet), (6 bytes).
    Removing timer.o(i.TimerClockSourceSet), (6 bytes).
    Removing timer.o(i.TimerConfigure), (96 bytes).
    Removing timer.o(i.TimerControlEvent), (18 bytes).
    Removing timer.o(i.TimerControlLevel), (22 bytes).
    Removing timer.o(i.TimerControlStall), (22 bytes).
    Removing timer.o(i.TimerControlTrigger), (76 bytes).
    Removing timer.o(i.TimerControlWaitOnTrigger), (48 bytes).
    Removing timer.o(i.TimerDMAEventGet), (4 bytes).
    Removing timer.o(i.TimerDMAEventSet), (4 bytes).
    Removing timer.o(i.TimerDisable), (16 bytes).
    Removing timer.o(i.TimerEnable), (14 bytes).
    Removing timer.o(i.TimerIntDisable), (10 bytes).
    Removing timer.o(i.TimerIntEnable), (8 bytes).
    Removing timer.o(i.TimerIntRegister), (104 bytes).
    Removing timer.o(i.TimerIntStatus), (10 bytes).
    Removing timer.o(i.TimerIntUnregister), (104 bytes).
    Removing timer.o(i.TimerLoadGet), (10 bytes).
    Removing timer.o(i.TimerLoadGet64), (14 bytes).
    Removing timer.o(i.TimerLoadSet), (18 bytes).
    Removing timer.o(i.TimerLoadSet64), (6 bytes).
    Removing timer.o(i.TimerMatchGet), (10 bytes).
    Removing timer.o(i.TimerMatchGet64), (14 bytes).
    Removing timer.o(i.TimerMatchSet), (18 bytes).
    Removing timer.o(i.TimerMatchSet64), (6 bytes).
    Removing timer.o(i.TimerPrescaleGet), (10 bytes).
    Removing timer.o(i.TimerPrescaleMatchGet), (10 bytes).
    Removing timer.o(i.TimerPrescaleMatchSet), (18 bytes).
    Removing timer.o(i.TimerPrescaleSet), (18 bytes).
    Removing timer.o(i.TimerRTCDisable), (10 bytes).
    Removing timer.o(i.TimerRTCEnable), (10 bytes).
    Removing timer.o(i.TimerSynchronize), (4 bytes).
    Removing timer.o(i.TimerUpdateMode), (42 bytes).
    Removing timer.o(i.TimerValueGet), (10 bytes).
    Removing timer.o(i.TimerValueGet64), (14 bytes).
    Removing timer.o(.constdata), (160 bytes).
    Removing uart.o(i.UART9BitAddrSend), (38 bytes).
    Removing uart.o(i.UART9BitAddrSet), (10 bytes).
    Removing uart.o(i.UART9BitDisable), (14 bytes).
    Removing uart.o(i.UART9BitEnable), (14 bytes).
    Removing uart.o(i.UARTBreakCtl), (18 bytes).
    Removing uart.o(i.UARTBusy), (8 bytes).
    Removing uart.o(i.UARTCharGet), (12 bytes).
    Removing uart.o(i.UARTCharGetNonBlocking), (16 bytes).
    Removing uart.o(i.UARTCharPutNonBlocking), (16 bytes).
    Removing uart.o(i.UARTCharsAvail), (10 bytes).
    Removing uart.o(i.UARTClockSourceGet), (6 bytes).
    Removing uart.o(i.UARTConfigGetExpClk), (46 bytes).
    Removing uart.o(i.UARTConfigSetExpClk), (110 bytes).
    Removing uart.o(i.UARTDMADisable), (10 bytes).
    Removing uart.o(i.UARTDMAEnable), (8 bytes).
    Removing uart.o(i.UARTDisable), (30 bytes).
    Removing uart.o(i.UARTDisableSIR), (10 bytes).
    Removing uart.o(i.UARTEnable), (20 bytes).
    Removing uart.o(i.UARTEnableSIR), (18 bytes).
    Removing uart.o(i.UARTFIFODisable), (10 bytes).
    Removing uart.o(i.UARTFIFOEnable), (10 bytes).
    Removing uart.o(i.UARTFIFOLevelGet), (16 bytes).
    Removing uart.o(i.UARTFIFOLevelSet), (6 bytes).
    Removing uart.o(i.UARTFlowControlGet), (8 bytes).
    Removing uart.o(i.UARTFlowControlSet), (12 bytes).
    Removing uart.o(i.UARTIntClear), (4 bytes).
    Removing uart.o(i.UARTIntDisable), (10 bytes).
    Removing uart.o(i.UARTIntEnable), (8 bytes).
    Removing uart.o(i.UARTIntRegister), (88 bytes).
    Removing uart.o(i.UARTIntStatus), (10 bytes).
    Removing uart.o(i.UARTIntUnregister), (88 bytes).
    Removing uart.o(i.UARTModemControlClear), (14 bytes).
    Removing uart.o(i.UARTModemControlGet), (8 bytes).
    Removing uart.o(i.UARTModemControlSet), (12 bytes).
    Removing uart.o(i.UARTModemStatusGet), (10 bytes).
    Removing uart.o(i.UARTParityModeGet), (8 bytes).
    Removing uart.o(i.UARTParityModeSet), (12 bytes).
    Removing uart.o(i.UARTRxErrorClear), (6 bytes).
    Removing uart.o(i.UARTRxErrorGet), (8 bytes).
    Removing uart.o(i.UARTSmartCardDisable), (10 bytes).
    Removing uart.o(i.UARTSmartCardEnable), (22 bytes).
    Removing uart.o(i.UARTSpaceAvail), (10 bytes).
    Removing uart.o(i.UARTTxIntModeGet), (8 bytes).
    Removing uart.o(i.UARTTxIntModeSet), (12 bytes).
    Removing uart.o(.constdata), (128 bytes).

261 unused section(s) (total 9636 bytes) removed from the image.

==============================================================================

Image Symbol Table

    Local Symbols

    Symbol Name                              Value     Ov Type        Size  Object(Section)

    RESET                                    0x00000000   Section      648  startup_rvmdk.o(RESET)
    ../clib/angel/boardlib.s                 0x00000000   Number         0  boardinit2.o ABSOLUTE
    ../clib/angel/boardlib.s                 0x00000000   Number         0  boardinit1.o ABSOLUTE
    ../clib/angel/boardlib.s                 0x00000000   Number         0  boardinit3.o ABSOLUTE
    ../clib/angel/boardlib.s                 0x00000000   Number         0  boardshut.o ABSOLUTE
    ../clib/angel/handlers.s                 0x00000000   Number         0  __scatter_copy.o ABSOLUTE
    ../clib/angel/handlers.s                 0x00000000   Number         0  __scatter_zi.o ABSOLUTE
    ../clib/angel/kernel.s                   0x00000000   Number         0  rtentry4.o ABSOLUTE
    ../clib/angel/kernel.s                   0x00000000   Number         0  rtexit2.o ABSOLUTE
    ../clib/angel/kernel.s                   0x00000000   Number         0  rtentry2.o ABSOLUTE
    ../clib/angel/kernel.s                   0x00000000   Number         0  rtexit.o ABSOLUTE
    ../clib/angel/kernel.s                   0x00000000   Number         0  rtentry.o ABSOLUTE
    ../clib/angel/rt.s                       0x00000000   Number         0  rt_raise.o ABSOLUTE
    ../clib/angel/scatter.s                  0x00000000   Number         0  __scatter.o ABSOLUTE
    ../clib/angel/startup.s                  0x00000000   Number         0  __main.o ABSOLUTE
    ../clib/angel/sys.s                      0x00000000   Number         0  use_no_semi.o ABSOLUTE
    ../clib/angel/sys.s                      0x00000000   Number         0  indicate_semi.o ABSOLUTE
    ../clib/angel/sys.s                      0x00000000   Number         0  sys_stackheap_outer.o ABSOLUTE
    ../clib/angel/sys.s                      0x00000000   Number         0  libspace.o ABSOLUTE
    ../clib/angel/sysapp.c                   0x00000000   Number         0  sys_command.o ABSOLUTE
    ../clib/armsys.c                         0x00000000   Number         0  argv_veneer.o ABSOLUTE
    ../clib/armsys.c                         0x00000000   Number         0  argv_veneer.o ABSOLUTE
    ../clib/armsys.c                         0x00000000   Number         0  no_argv.o ABSOLUTE
    ../clib/armsys.c                         0x00000000   Number         0  _get_argv_nomalloc.o ABSOLUTE
    ../clib/heapalloc.c                      0x00000000   Number         0  hrguard.o ABSOLUTE
    ../clib/heapaux.c                        0x00000000   Number         0  heapauxi.o ABSOLUTE
    ../clib/libinit.s                        0x00000000   Number         0  libinit2.o ABSOLUTE
    ../clib/libinit.s                        0x00000000   Number         0  libshutdown.o ABSOLUTE
    ../clib/libinit.s                        0x00000000   Number         0  libshutdown2.o ABSOLUTE
    ../clib/libinit.s                        0x00000000   Number         0  libinit.o ABSOLUTE
    ../clib/printf.c                         0x00000000   Number         0  __printf_ss_wp.o ABSOLUTE
    ../clib/printf.c                         0x00000000   Number         0  __printf_flags_wp.o ABSOLUTE
    ../clib/printf.c                         0x00000000   Number         0  __printf_wp.o ABSOLUTE
    ../clib/printf.c                         0x00000000   Number         0  __printf_flags_ss.o ABSOLUTE
    ../clib/printf.c                         0x00000000   Number         0  __printf_ss.o ABSOLUTE
    ../clib/printf.c                         0x00000000   Number         0  __printf_flags.o ABSOLUTE
    ../clib/printf.c                         0x00000000   Number         0  _printf_dec.o ABSOLUTE
    ../clib/printf.c                         0x00000000   Number         0  _printf_char_common.o ABSOLUTE
    ../clib/printf.c                         0x00000000   Number         0  _printf_str.o ABSOLUTE
    ../clib/printf.c                         0x00000000   Number         0  __printf_nopercent.o ABSOLUTE
    ../clib/printf.c                         0x00000000   Number         0  __printf.o ABSOLUTE
    ../clib/printf.c                         0x00000000   Number         0  noretval__2printf.o ABSOLUTE
    ../clib/printf.c                         0x00000000   Number         0  __2printf.o ABSOLUTE
    ../clib/printf.c                         0x00000000   Number         0  _printf_char.o ABSOLUTE
    ../clib/printf.c                         0x00000000   Number         0  _printf_char_file.o ABSOLUTE
    ../clib/printf.c                         0x00000000   Number         0  _printf_intcommon.o ABSOLUTE
    ../clib/printf.c                         0x00000000   Number         0  __printf_flags_ss_wp.o ABSOLUTE
    ../clib/printf_percent.s                 0x00000000   Number         0  _printf_percent_end.o ABSOLUTE
    ../clib/printf_percent.s                 0x00000000   Number         0  _printf_d.o ABSOLUTE
    ../clib/printf_percent.s                 0x00000000   Number         0  _printf_s.o ABSOLUTE
    ../clib/printf_percent.s                 0x00000000   Number         0  _printf_percent.o ABSOLUTE
    ../clib/signal.c                         0x00000000   Number         0  __raise.o ABSOLUTE
    ../clib/signal.c                         0x00000000   Number         0  defsig_rtmem_formal.o ABSOLUTE
    ../clib/signal.c                         0x00000000   Number         0  defsig_exit.o ABSOLUTE
    ../clib/signal.c                         0x00000000   Number         0  defsig_rtmem_inner.o ABSOLUTE
    ../clib/signal.c                         0x00000000   Number         0  defsig_rtmem_outer.o ABSOLUTE
    ../clib/signal.c                         0x00000000   Number         0  defsig_general.o ABSOLUTE
    ../clib/signal.c                         0x00000000   Number         0  defsig_abrt_inner.o ABSOLUTE
    ../clib/signal.c                         0x00000000   Number         0  defsig_other.o ABSOLUTE
    ../clib/signal.c                         0x00000000   Number         0  defsig_fpe_inner.o ABSOLUTE
    ../clib/signal.c                         0x00000000   Number         0  defsig_segv_inner.o ABSOLUTE
    ../clib/signal.c                         0x00000000   Number         0  defsig_cppl_inner.o ABSOLUTE
    ../clib/signal.c                         0x00000000   Number         0  defsig_pvfn_inner.o ABSOLUTE
    ../clib/signal.c                         0x00000000   Number         0  defsig_stak_inner.o ABSOLUTE
    ../clib/signal.c                         0x00000000   Number         0  defsig_rtred_inner.o ABSOLUTE
    ../clib/signal.s                         0x00000000   Number         0  defsig.o ABSOLUTE
    ../clib/stdio.c                          0x00000000   Number         0  puts.o ABSOLUTE
    ../clib/stdio.c                          0x00000000   Number         0  getc.o ABSOLUTE
    ../clib/stdlib.c                         0x00000000   Number         0  rand.o ABSOLUTE
    ../clib/stdlib.c                         0x00000000   Number         0  exit.o ABSOLUTE
    ../clib/stdlib.c                         0x00000000   Number         0  rand.o ABSOLUTE
    ../fplib/fpinit.s                        0x00000000   Number         0  fpinit.o ABSOLUTE
    Source\Button.c                          0x00000000   Number         0  button.o ABSOLUTE
    Source\ES_CheckEvents.c                  0x00000000   Number         0  es_checkevents.o ABSOLUTE
    Source\ES_DeferRecall.c                  0x00000000   Number         0  es_deferrecall.o ABSOLUTE
    Source\ES_Framework.c                    0x00000000   Number         0  es_framework.o ABSOLUTE
    Source\ES_LookupTables.c                 0x00000000   Number         0  es_lookuptables.o ABSOLUTE
    Source\ES_Port.c                         0x00000000   Number         0  es_port.o ABSOLUTE
    Source\ES_PostList.c                     0x00000000   Number         0  es_postlist.o ABSOLUTE
    Source\ES_Queue.c                        0x00000000   Number         0  es_queue.o ABSOLUTE
    Source\ES_ShortTimer.c                   0x00000000   Number         0  es_shorttimer.o ABSOLUTE
    Source\ES_Timers.c                       0x00000000   Number         0  es_timers.o ABSOLUTE
    Source\Encryption.c                      0x00000000   Number         0  encryption.o ABSOLUTE
    Source\EventCheckers.c                   0x00000000   Number         0  eventcheckers.o ABSOLUTE
    Source\LobbyistSM.c                      0x00000000   Number         0  lobbyistsm.o ABSOLUTE
    Source\MapKeys.c                         0x00000000   Number         0  mapkeys.o ABSOLUTE
    Source\PWM8Tiva.c                        0x00000000   Number         0  pwm8tiva.o ABSOLUTE
    Source\PWM_Module.c                      0x00000000   Number         0  pwm_module.o ABSOLUTE
    Source\Steering.c                        0x00000000   Number         0  steering.o ABSOLUTE
    Source\TemplateFSM.c                     0x00000000   Number         0  templatefsm.o ABSOLUTE
    Source\UART.c                            0x00000000   Number         0  uart.o ABSOLUTE
    Source\XBee.c                            0x00000000   Number         0  xbee.o ABSOLUTE
    Source\main.c                            0x00000000   Number         0  main.o ABSOLUTE
    Source\retarget.c                        0x00000000   Number         0  retarget.o ABSOLUTE
    Source\termio.c                          0x00000000   Number         0  termio.o ABSOLUTE
    Source\uartstdio.c                       0x00000000   Number         0  uartstdio.o ABSOLUTE
    StartUp\startup_rvmdk.S                  0x00000000   Number         0  startup_rvmdk.o ABSOLUTE
    cpu.c                                    0x00000000   Number         0  cpu.o ABSOLUTE
    cpu.c                                    0x00000000   Number         0  cpu.o ABSOLUTE
    dc.s                                     0x00000000   Number         0  dc.o ABSOLUTE
    gpio.c                                   0x00000000   Number         0  gpio.o ABSOLUTE
    interrupt.c                              0x00000000   Number         0  interrupt.o ABSOLUTE
    pwm.c                                    0x00000000   Number         0  pwm.o ABSOLUTE
    sysctl.c                                 0x00000000   Number         0  sysctl.o ABSOLUTE
    sysctl.c                                 0x00000000   Number         0  sysctl.o ABSOLUTE
    systick.c                                0x00000000   Number         0  systick.o ABSOLUTE
    timer.c                                  0x00000000   Number         0  timer.o ABSOLUTE
    uart.c                                   0x00000000   Number         0  uart.o ABSOLUTE
    $v0                                      0x0000026c   Number         0  startup_rvmdk.o(RESET)
    NmiSR                                    0x00000281   Thumb Code     0  startup_rvmdk.o(RESET)
    FaultISR                                 0x00000283   Thumb Code     0  startup_rvmdk.o(RESET)
    IntDefaultHandler                        0x00000285   Thumb Code     0  startup_rvmdk.o(RESET)
    !!!main                                  0x00000288   Section        8  __main.o(!!!main)
    !!!scatter                               0x00000290   Section       52  __scatter.o(!!!scatter)
    !!handler_copy                           0x000002c4   Section       26  __scatter_copy.o(!!handler_copy)
    !!handler_zi                             0x000002e0   Section       28  __scatter_zi.o(!!handler_zi)
    .ARM.Collect$$_printf_percent$$00000000  0x000002fc   Section        0  _printf_percent.o(.ARM.Collect$$_printf_percent$$00000000)
    .ARM.Collect$$_printf_percent$$00000009  0x000002fc   Section        6  _printf_d.o(.ARM.Collect$$_printf_percent$$00000009)
    .ARM.Collect$$_printf_percent$$00000014  0x00000302   Section        6  _printf_s.o(.ARM.Collect$$_printf_percent$$00000014)
    .ARM.Collect$$_printf_percent$$00000017  0x00000308   Section        4  _printf_percent_end.o(.ARM.Collect$$_printf_percent$$00000017)
    .ARM.Collect$$libinit$$00000000          0x0000030c   Section        2  libinit.o(.ARM.Collect$$libinit$$00000000)
    .ARM.Collect$$libinit$$00000001          0x0000030e   Section        4  libinit2.o(.ARM.Collect$$libinit$$00000001)
    .ARM.Collect$$libinit$$00000008          0x00000312   Section        0  libinit2.o(.ARM.Collect$$libinit$$00000008)
    .ARM.Collect$$libinit$$0000000A          0x00000312   Section        0  libinit2.o(.ARM.Collect$$libinit$$0000000A)
    .ARM.Collect$$libinit$$0000000C          0x00000312   Section        0  libinit2.o(.ARM.Collect$$libinit$$0000000C)
    .ARM.Collect$$libinit$$0000000F          0x00000312   Section        0  libinit2.o(.ARM.Collect$$libinit$$0000000F)
    .ARM.Collect$$libinit$$00000011          0x00000312   Section        0  libinit2.o(.ARM.Collect$$libinit$$00000011)
    .ARM.Collect$$libinit$$00000013          0x00000312   Section        0  libinit2.o(.ARM.Collect$$libinit$$00000013)
    .ARM.Collect$$libinit$$00000015          0x00000312   Section        0  libinit2.o(.ARM.Collect$$libinit$$00000015)
    .ARM.Collect$$libinit$$00000017          0x00000312   Section        0  libinit2.o(.ARM.Collect$$libinit$$00000017)
    .ARM.Collect$$libinit$$00000019          0x00000312   Section        0  libinit2.o(.ARM.Collect$$libinit$$00000019)
    .ARM.Collect$$libinit$$0000001B          0x00000312   Section        0  libinit2.o(.ARM.Collect$$libinit$$0000001B)
    .ARM.Collect$$libinit$$0000001D          0x00000312   Section        0  libinit2.o(.ARM.Collect$$libinit$$0000001D)
    .ARM.Collect$$libinit$$0000001F          0x00000312   Section        0  libinit2.o(.ARM.Collect$$libinit$$0000001F)
    .ARM.Collect$$libinit$$00000021          0x00000312   Section        0  libinit2.o(.ARM.Collect$$libinit$$00000021)
    .ARM.Collect$$libinit$$00000023          0x00000312   Section        0  libinit2.o(.ARM.Collect$$libinit$$00000023)
    .ARM.Collect$$libinit$$0000002A          0x00000312   Section        0  libinit2.o(.ARM.Collect$$libinit$$0000002A)
    .ARM.Collect$$libinit$$0000002C          0x00000312   Section        0  libinit2.o(.ARM.Collect$$libinit$$0000002C)
    .ARM.Collect$$libinit$$0000002E          0x00000312   Section        0  libinit2.o(.ARM.Collect$$libinit$$0000002E)
    .ARM.Collect$$libinit$$00000030          0x00000312   Section        0  libinit2.o(.ARM.Collect$$libinit$$00000030)
    .ARM.Collect$$libinit$$00000031          0x00000312   Section        2  libinit2.o(.ARM.Collect$$libinit$$00000031)
    .ARM.Collect$$libshutdown$$00000000      0x00000314   Section        2  libshutdown.o(.ARM.Collect$$libshutdown$$00000000)
    .ARM.Collect$$libshutdown$$00000003      0x00000316   Section        0  libshutdown2.o(.ARM.Collect$$libshutdown$$00000003)
    .ARM.Collect$$libshutdown$$00000006      0x00000316   Section        0  libshutdown2.o(.ARM.Collect$$libshutdown$$00000006)
    .ARM.Collect$$libshutdown$$00000009      0x00000316   Section        0  libshutdown2.o(.ARM.Collect$$libshutdown$$00000009)
    .ARM.Collect$$libshutdown$$0000000B      0x00000316   Section        0  libshutdown2.o(.ARM.Collect$$libshutdown$$0000000B)
    .ARM.Collect$$libshutdown$$0000000E      0x00000316   Section        0  libshutdown2.o(.ARM.Collect$$libshutdown$$0000000E)
    .ARM.Collect$$libshutdown$$0000000F      0x00000316   Section        2  libshutdown2.o(.ARM.Collect$$libshutdown$$0000000F)
    .ARM.Collect$$rtentry$$00000000          0x00000318   Section        0  rtentry.o(.ARM.Collect$$rtentry$$00000000)
    .ARM.Collect$$rtentry$$00000002          0x00000318   Section        0  rtentry2.o(.ARM.Collect$$rtentry$$00000002)
    .ARM.Collect$$rtentry$$00000004          0x00000318   Section        6  rtentry4.o(.ARM.Collect$$rtentry$$00000004)
    .ARM.Collect$$rtentry$$00000009          0x0000031e   Section        0  rtentry2.o(.ARM.Collect$$rtentry$$00000009)
    .ARM.Collect$$rtentry$$0000000A          0x0000031e   Section        4  rtentry2.o(.ARM.Collect$$rtentry$$0000000A)
    .ARM.Collect$$rtentry$$0000000C          0x00000322   Section        0  rtentry2.o(.ARM.Collect$$rtentry$$0000000C)
    .ARM.Collect$$rtentry$$0000000D          0x00000322   Section        8  rtentry2.o(.ARM.Collect$$rtentry$$0000000D)
    .ARM.Collect$$rtexit$$00000000           0x0000032a   Section        2  rtexit.o(.ARM.Collect$$rtexit$$00000000)
    .ARM.Collect$$rtexit$$00000002           0x0000032c   Section        0  rtexit2.o(.ARM.Collect$$rtexit$$00000002)
    .ARM.Collect$$rtexit$$00000003           0x0000032c   Section        4  rtexit2.o(.ARM.Collect$$rtexit$$00000003)
    .ARM.Collect$$rtexit$$00000004           0x00000330   Section        6  rtexit2.o(.ARM.Collect$$rtexit$$00000004)
    .emb_text                                0x00000338   Section        6  sysctl.o(.emb_text)
    $v0                                      0x00000338   Number         0  sysctl.o(.emb_text)
    .emb_text                                0x00000340   Section       38  cpu.o(.emb_text)
    $v0                                      0x00000340   Number         0  cpu.o(.emb_text)
    .text                                    0x00000368   Section       24  startup_rvmdk.o(.text)
    $v0                                      0x00000368   Number         0  startup_rvmdk.o(.text)
    .text                                    0x00000380   Section        2  use_no_semi.o(.text)
    .text                                    0x00000384   Section        0  noretval__2printf.o(.text)
    .text                                    0x0000039c   Section        0  __printf.o(.text)
    .text                                    0x00000404   Section        0  _printf_str.o(.text)
    .text                                    0x00000458   Section        0  _printf_dec.o(.text)
    .text                                    0x000004cc   Section        0  getc.o(.text)
    .text                                    0x000004d0   Section        0  puts.o(.text)
    .text                                    0x000004fc   Section        0  heapauxi.o(.text)
    .text                                    0x00000502   Section        0  _printf_intcommon.o(.text)
    .text                                    0x000005b4   Section        0  _printf_char.o(.text)
    .text                                    0x000005e0   Section        0  _printf_char_file.o(.text)
    .text                                    0x00000604   Section        0  _printf_char_common.o(.text)
    _printf_input_char                       0x00000605   Thumb Code    10  _printf_char_common.o(.text)
    .text                                    0x00000634   Section       74  sys_stackheap_outer.o(.text)
    .text                                    0x0000067e   Section        0  exit.o(.text)
    .text                                    0x0000068c   Section        8  libspace.o(.text)
    i.AssemblePacket                         0x00000694   Section        0  xbee.o(i.AssemblePacket)
    AssemblePacket                           0x00000695   Thumb Code    74  xbee.o(i.AssemblePacket)
    i.BeginMessageTransmission               0x000006e4   Section        0  uart.o(i.BeginMessageTransmission)
    i.CPUgetPRIMASK_cpsid                    0x00000720   Section        0  es_port.o(i.CPUgetPRIMASK_cpsid)
    i.CPUsetPRIMASK                          0x00000728   Section        0  es_port.o(i.CPUsetPRIMASK)
    i.Check4ButtonPress                      0x00000730   Section        0  eventcheckers.o(i.Check4ButtonPress)
    i.Check4Keystroke                        0x00000768   Section        0  eventcheckers.o(i.Check4Keystroke)
    i.CheckForErrors                         0x00000798   Section        0  xbee.o(i.CheckForErrors)
    i.ComputeChecksum                        0x000007d6   Section        0  xbee.o(i.ComputeChecksum)
    i.DecryptMessage                         0x000007f0   Section        0  encryption.o(i.DecryptMessage)
    i.ES_CheckUserEvents                     0x00000814   Section        0  es_checkevents.o(i.ES_CheckUserEvents)
    i.ES_DeQueue                             0x0000083c   Section        0  es_queue.o(i.ES_DeQueue)
    i.ES_EnQueueFIFO                         0x00000890   Section        0  es_queue.o(i.ES_EnQueueFIFO)
    i.ES_GetMSBitSet                         0x000008d8   Section        0  es_lookuptables.o(i.ES_GetMSBitSet)
    i.ES_InitQueue                           0x0000090c   Section        0  es_queue.o(i.ES_InitQueue)
    i.ES_Initialize                          0x0000091c   Section        0  es_framework.o(i.ES_Initialize)
    i.ES_PostToService                       0x00000968   Section        0  es_framework.o(i.ES_PostToService)
    i.ES_Run                                 0x000009a0   Section        0  es_framework.o(i.ES_Run)
    i.ES_Timer_Init                          0x00000a00   Section        0  es_timers.o(i.ES_Timer_Init)
    i.ES_Timer_InitTimer                     0x00000a04   Section        0  es_timers.o(i.ES_Timer_InitTimer)
    i.ES_Timer_StopTimer                     0x00000a40   Section        0  es_timers.o(i.ES_Timer_StopTimer)
    i.ES_Timer_Tick_Resp                     0x00000a64   Section        0  es_timers.o(i.ES_Timer_Tick_Resp)
    i.ExecuteControl                         0x00000ad0   Section        0  lobbyistsm.o(i.ExecuteControl)
    ExecuteControl                           0x00000ad1   Thumb Code    70  lobbyistsm.o(i.ExecuteControl)
    i.GPIODirModeSet                         0x00000b78   Section        0  gpio.o(i.GPIODirModeSet)
    i.GPIOPadConfigSet                       0x00000ba0   Section        0  gpio.o(i.GPIOPadConfigSet)
    i.GPIOPinConfigure                       0x00000cdc   Section        0  gpio.o(i.GPIOPinConfigure)
    i.GPIOPinTypePWM                         0x00000d24   Section        0  gpio.o(i.GPIOPinTypePWM)
    i.GPIOPinTypeUART                        0x00000d40   Section        0  gpio.o(i.GPIOPinTypeUART)
    i.GetApiIdentifier                       0x00000d5c   Section        0  xbee.o(i.GetApiIdentifier)
    i.GetMessage                             0x00000d68   Section        0  uart.o(i.GetMessage)
    i.GetMessageData                         0x00000d74   Section        0  xbee.o(i.GetMessageData)
    i.GetMessageDataSize                     0x00000d7e   Section        0  xbee.o(i.GetMessageDataSize)
    i.GetMessageSize                         0x00000d8c   Section        0  uart.o(i.GetMessageSize)
    i.GetSenderAddress                       0x00000d98   Section        0  xbee.o(i.GetSenderAddress)
    i.InitButtonService                      0x00000db0   Section        0  button.o(i.InitButtonService)
    i.InitLobbyistSM                         0x00000e30   Section        0  lobbyistsm.o(i.InitLobbyistSM)
    i.InitMapKeys                            0x00000e50   Section        0  mapkeys.o(i.InitMapKeys)
    i.InitUart1                              0x00000e5c   Section        0  uart.o(i.InitUart1)
    i.InitXBee                               0x00000f24   Section        0  xbee.o(i.InitXBee)
    i.IntMasterEnable                        0x00000f2e   Section        0  interrupt.o(i.IntMasterEnable)
    i.LoadData                               0x00000f3c   Section        0  uart.o(i.LoadData)
    i.PWM8_TIVA_Init                         0x00000f48   Section        0  pwm8tiva.o(i.PWM8_TIVA_Init)
    i.PWM8_TIVA_SetDuty                      0x00001084   Section        0  pwm8tiva.o(i.PWM8_TIVA_SetDuty)
    i.PWM8_TIVA_SetPeriod                    0x000010c4   Section        0  pwm8tiva.o(i.PWM8_TIVA_SetPeriod)
    i.PWM8_TIVA_SetPulseWidth                0x00001110   Section        0  pwm8tiva.o(i.PWM8_TIVA_SetPulseWidth)
    i.PWMGenConfigure                        0x0000113c   Section        0  pwm.o(i.PWMGenConfigure)
    i.PWMGenEnable                           0x00001162   Section        0  pwm.o(i.PWMGenEnable)
    i.PWMGenPeriodSet                        0x0000116c   Section        0  pwm.o(i.PWMGenPeriodSet)
    i.PWMOutputState                         0x0000117e   Section        0  pwm.o(i.PWMOutputState)
    i.PWMPulseWidthSet                       0x0000118e   Section        0  pwm.o(i.PWMPulseWidthSet)
    i.PWMSyncUpdate                          0x000011ae   Section        0  pwm.o(i.PWMSyncUpdate)
    i.PostButtonService                      0x000011b4   Section        0  button.o(i.PostButtonService)
    i.PostLobbyistSM                         0x000011c4   Section        0  lobbyistsm.o(i.PostLobbyistSM)
    i.PostMapKeys                            0x000011d4   Section        0  mapkeys.o(i.PostMapKeys)
    i.RotateCipher                           0x000011e4   Section        0  encryption.o(i.RotateCipher)
    i.RunButtonService                       0x000011fc   Section        0  button.o(i.RunButtonService)
    i.RunLobbyistSM                          0x00001258   Section        0  lobbyistsm.o(i.RunLobbyistSM)
    i.RunMapKeys                             0x000015ac   Section        0  mapkeys.o(i.RunMapKeys)
    i.SendMessage                            0x00001644   Section        0  uart.o(i.SendMessage)
    i.SetKey                                 0x00001664   Section        0  encryption.o(i.SetKey)
    i.ShortTimerAHandler                     0x0000167c   Section        0  es_shorttimer.o(i.ShortTimerAHandler)
    i.ShortTimerBHandler                     0x000016b0   Section        0  es_shorttimer.o(i.ShortTimerBHandler)
    i.Steering_HWInit                        0x000016e8   Section        0  steering.o(i.Steering_HWInit)
    i.Steering_Write                         0x00001710   Section        0  steering.o(i.Steering_Write)
    i.SysCtlClockGet                         0x0000178c   Section        0  sysctl.o(i.SysCtlClockGet)
    i.SysCtlClockSet                         0x000018f0   Section        0  sysctl.o(i.SysCtlClockSet)
    i.SysCtlPWMClockSet                      0x00001a10   Section        0  sysctl.o(i.SysCtlPWMClockSet)
    i.SysCtlPeripheralEnable                 0x00001a24   Section        0  sysctl.o(i.SysCtlPeripheralEnable)
    i.SysTickEnable                          0x00001a4c   Section        0  systick.o(i.SysTickEnable)
    i.SysTickIntEnable                       0x00001a5a   Section        0  systick.o(i.SysTickIntEnable)
    i.SysTickIntHandler                      0x00001a68   Section        0  es_port.o(i.SysTickIntHandler)
    i.SysTickPeriodSet                       0x00001a7c   Section        0  systick.o(i.SysTickPeriodSet)
    i.TERMIO_GetChar                         0x00001a86   Section        0  termio.o(i.TERMIO_GetChar)
    i.TERMIO_Init                            0x00001a8c   Section        0  termio.o(i.TERMIO_Init)
    i.TERMIO_PutChar                         0x00001adc   Section        0  termio.o(i.TERMIO_PutChar)
    i.TimerIntClear                          0x00001ae8   Section        0  timer.o(i.TimerIntClear)
    i.TransmitMessage                        0x00001aec   Section        0  xbee.o(i.TransmitMessage)
    i.TransmitStatusPacket                   0x00001b0c   Section        0  lobbyistsm.o(i.TransmitStatusPacket)
    TransmitStatusPacket                     0x00001b0d   Thumb Code    16  lobbyistsm.o(i.TransmitStatusPacket)
    i.UART1_ISR                              0x00001b20   Section        0  uart.o(i.UART1_ISR)
    i.UARTCharPut                            0x00001be4   Section        0  uart.o(i.UARTCharPut)
    i.UARTClockSourceSet                     0x00001bf0   Section        0  uart.o(i.UARTClockSourceSet)
    i.UARTStdioConfig                        0x00001bf8   Section        0  uartstdio.o(i.UARTStdioConfig)
    i.UARTgetc                               0x00001c54   Section        0  uartstdio.o(i.UARTgetc)
    i._HW_Process_Pending_Ints               0x00001c6c   Section        0  es_port.o(i._HW_Process_Pending_Ints)
    i._HW_Timer_Init                         0x00001c8c   Section        0  es_port.o(i._HW_Timer_Init)
    i._sys_exit                              0x00001ca2   Section        0  retarget.o(i._sys_exit)
    i.ferror                                 0x00001ca4   Section        0  retarget.o(i.ferror)
    i.fgetc                                  0x00001caa   Section        0  retarget.o(i.fgetc)
    i.fputc                                  0x00001cae   Section        0  retarget.o(i.fputc)
    i.kbhit                                  0x00001cbc   Section        0  termio.o(i.kbhit)
    i.main                                   0x00001cd0   Section        0  main.o(i.main)
    x$fpl$fpinit                             0x00001dc8   Section       10  fpinit.o(x$fpl$fpinit)
    $v0                                      0x00001dc8   Number         0  fpinit.o(x$fpl$fpinit)
    .constdata                               0x00001dd4   Section       48  pwm8tiva.o(.constdata)
    Channel2PWMconst                         0x00001dd4   Data          32  pwm8tiva.o(.constdata)
    Group2GENconst                           0x00001df4   Data          16  pwm8tiva.o(.constdata)
    .constdata                               0x00001e04   Section        8  es_checkevents.o(.constdata)
    ES_EventList                             0x00001e04   Data           8  es_checkevents.o(.constdata)
    .constdata                               0x00001e0c   Section       48  es_framework.o(.constdata)
    ServDescList                             0x00001e0c   Data          24  es_framework.o(.constdata)
    EventQueues                              0x00001e24   Data          24  es_framework.o(.constdata)
    .constdata                               0x00001e3c   Section       32  es_lookuptables.o(.constdata)
    .constdata                               0x00001e5c   Section       15  es_lookuptables.o(.constdata)
    .constdata                               0x00001e6c   Section       64  es_timers.o(.constdata)
    Timer2PostFunc                           0x00001e6c   Data          64  es_timers.o(.constdata)
    .constdata                               0x00001eac   Section       28  uartstdio.o(.constdata)
    g_pcHex                                  0x00001eac   Data           4  uartstdio.o(.constdata)
    g_ui32UARTBase                           0x00001eb0   Data          12  uartstdio.o(.constdata)
    g_ui32UARTPeriph                         0x00001ebc   Data          12  uartstdio.o(.constdata)
    .constdata                               0x00001ec8   Section      528  gpio.o(.constdata)
    g_ppui32GPIOIntMapBlizzard               0x00001ec8   Data         192  gpio.o(.constdata)
    g_ppui32GPIOIntMapSnowflake              0x00001f88   Data         192  gpio.o(.constdata)
    g_pui32GPIOBaseAddrs                     0x00002048   Data         144  gpio.o(.constdata)
    .constdata                               0x000020d8   Section      452  sysctl.o(.constdata)
    g_pui32VCOFrequencies                    0x000020d8   Data           8  sysctl.o(.constdata)
    g_pui32Xtals                             0x000020e0   Data         108  sysctl.o(.constdata)
    g_pppui32XTALtoVCO                       0x0000214c   Data         288  sysctl.o(.constdata)
    g_sXTALtoMEMTIM                          0x0000226c   Data          48  sysctl.o(.constdata)
    .conststring                             0x0000229c   Section       72  uart.o(.conststring)
    .conststring                             0x000022e4   Section       17  uartstdio.o(.conststring)
    .data                                    0x20000000   Section        1  eventcheckers.o(.data)
    LastPinState                             0x20000000   Data           1  eventcheckers.o(.data)
    .data                                    0x20000001   Section        2  es_shorttimer.o(.data)
    Timer_A_Priority                         0x20000001   Data           1  es_shorttimer.o(.data)
    Timer_B_Priority                         0x20000002   Data           1  es_shorttimer.o(.data)
    .data                                    0x20000003   Section        2  button.o(.data)
    MyPriority                               0x20000003   Data           1  button.o(.data)
    CurrentState                             0x20000004   Data           1  button.o(.data)
    .data                                    0x20000008   Section        8  xbee.o(.data)
    frameID                                  0x20000008   Data           1  xbee.o(.data)
    outgoingMessage                          0x2000000c   Data           4  xbee.o(.data)
    .data                                    0x20000010   Section       12  uart.o(.data)
    incomingMessageSize                      0x20000010   Data           1  uart.o(.data)
    txIndex                                  0x20000011   Data           1  uart.o(.data)
    rxIndex                                  0x20000012   Data           1  uart.o(.data)
    outgoingMessageSize                      0x20000013   Data           1  uart.o(.data)
    outgoingMessage                          0x20000014   Data           4  uart.o(.data)
    incomingMessage                          0x20000018   Data           4  uart.o(.data)
    .data                                    0x2000001c   Section       20  lobbyistsm.o(.data)
    LobbyistNumber                           0x2000001c   Data           1  lobbyistsm.o(.data)
    CurrentState                             0x2000001d   Data           1  lobbyistsm.o(.data)
    MyPriority                               0x2000001e   Data           1  lobbyistsm.o(.data)
    PairTimeLeft                             0x2000001f   Data           1  lobbyistsm.o(.data)
    DestinationAddress                       0x20000020   Data           2  lobbyistsm.o(.data)
    StatusPacketArray                        0x20000022   Data           2  lobbyistsm.o(.data)
    pairedAddress                            0x20000024   Data           2  lobbyistsm.o(.data)
    StatusPacket                             0x20000028   Data           4  lobbyistsm.o(.data)
    message                                  0x2000002c   Data           4  lobbyistsm.o(.data)
    .data                                    0x20000030   Section        8  lobbyistsm.o(.data)
    messagearr                               0x20000030   Data           8  lobbyistsm.o(.data)
    .data                                    0x20000038   Section        1  mapkeys.o(.data)
    MyPriority                               0x20000038   Data           1  mapkeys.o(.data)
    .data                                    0x2000003c   Section       16  encryption.o(.data)
    currentCipherPosition                    0x2000003c   Data           1  encryption.o(.data)
    encryptionKey                            0x20000040   Data           4  encryption.o(.data)
    encryptedMessage                         0x20000044   Data           4  encryption.o(.data)
    decryptedMessage                         0x20000048   Data           4  encryption.o(.data)
    .data                                    0x2000004c   Section        4  steering.o(.data)
    CurrentPWLeftMotor                       0x2000004c   Data           2  steering.o(.data)
    CurrentPWRightMotor                      0x2000004e   Data           2  steering.o(.data)
    .data                                    0x20000050   Section        8  pwm8tiva.o(.data)
    LocalDuty                                0x20000050   Data           8  pwm8tiva.o(.data)
    .data                                    0x20000058   Section        6  es_framework.o(.data)
    ThisEvent                                0x2000005a   Data           4  es_framework.o(.data)
    .data                                    0x2000005e   Section        4  es_port.o(.data)
    TickCount                                0x2000005e   Data           1  es_port.o(.data)
    SysTickCounter                           0x20000060   Data           2  es_port.o(.data)
    .data                                    0x20000064   Section        4  es_queue.o(.data)
    .data                                    0x20000068   Section       10  es_timers.o(.data)
    NextTimer2Process                        0x20000068   Data           1  es_timers.o(.data)
    NeedsProcessing                          0x2000006a   Data           2  es_timers.o(.data)
    TMR_ActiveFlags                          0x2000006c   Data           2  es_timers.o(.data)
    NewEvent                                 0x2000006e   Data           4  es_timers.o(.data)
    .data                                    0x20000074   Section        4  retarget.o(.data)
    .data                                    0x20000078   Section        4  retarget.o(.data)
    .data                                    0x2000007c   Section        8  uartstdio.o(.data)
    bLastWasCR                               0x2000007c   Data           1  uartstdio.o(.data)
    g_ui32Base                               0x20000080   Data           4  uartstdio.o(.data)
    .bss                                     0x20000084   Section       32  xbee.o(.bss)
    outgoingMessageArray                     0x20000084   Data          32  xbee.o(.bss)
    .bss                                     0x200000a4   Section       50  uart.o(.bss)
    outgoingMessageArray                     0x200000a4   Data          50  uart.o(.bss)
    .bss                                     0x200000d6   Section       50  uart.o(.bss)
    incomingMessageArray                     0x200000d6   Data          50  uart.o(.bss)
    .bss                                     0x20000108   Section       32  encryption.o(.bss)
    encryptionKeyArr                         0x20000108   Data          32  encryption.o(.bss)
    .bss                                     0x20000128   Section       32  encryption.o(.bss)
    encryptedMessageArr                      0x20000128   Data          32  encryption.o(.bss)
    .bss                                     0x20000148   Section       32  encryption.o(.bss)
    decryptedMessageArr                      0x20000148   Data          32  encryption.o(.bss)
    .bss                                     0x20000168   Section       16  pwm8tiva.o(.bss)
    ulPeriod                                 0x20000168   Data          16  pwm8tiva.o(.bss)
    .bss                                     0x20000178   Section       12  es_framework.o(.bss)
    Queue0                                   0x20000178   Data          12  es_framework.o(.bss)
    .bss                                     0x20000184   Section       16  es_framework.o(.bss)
    Queue1                                   0x20000184   Data          16  es_framework.o(.bss)
    .bss                                     0x20000194   Section       16  es_framework.o(.bss)
    Queue2                                   0x20000194   Data          16  es_framework.o(.bss)
    .bss                                     0x200001a4   Section       32  es_timers.o(.bss)
    TMR_TimerArray                           0x200001a4   Data          32  es_timers.o(.bss)
    .bss                                     0x200001c4   Section       96  libspace.o(.bss)
    HEAP                                     0x20000228   Section        0  startup_rvmdk.o(HEAP)
    STACK                                    0x20000228   Section     2048  startup_rvmdk.o(STACK)
    HeapMem                                  0x20000228   Data           0  startup_rvmdk.o(HEAP)
    StackMem                                 0x20000228   Data           0  startup_rvmdk.o(STACK)

    Global Symbols

    Symbol Name                              Value     Ov Type        Size  Object(Section)

    BuildAttributes$$THM_ISAv4$E$P$D$K$B$S$7EM$VFPi3$EXTD16$VFPS$VFMA$PE$A:L22UL41UL21$X:L11$S22US41US21$IEEE1$IW$USESV6$~STKCKD$USESV7$~SHL$OTIME$ROPI$EBA8$UX$STANDARDLIB$REQ8$PRES8$EABIv2 0x00000000   Number         0  anon$$obj.o ABSOLUTE
    __ARM_use_no_argv                        0x00000000   Number         0  main.o ABSOLUTE
    __Vectors                                0x00000000   Data           0  startup_rvmdk.o(RESET)
    __ARM_exceptions_init                     - Undefined Weak Reference
    __alloca_initialize                       - Undefined Weak Reference
    __cpp_initialize__aeabi_                  - Undefined Weak Reference
    __cxa_finalize                            - Undefined Weak Reference
    __rt_locale                               - Undefined Weak Reference
    __sigvec_lookup                           - Undefined Weak Reference
    _atexit_init                              - Undefined Weak Reference
    _call_atexit_fns                          - Undefined Weak Reference
    _clock_init                               - Undefined Weak Reference
    _fp_trap_init                             - Undefined Weak Reference
    _fp_trap_shutdown                         - Undefined Weak Reference
    _get_lc_collate                           - Undefined Weak Reference
    _get_lc_ctype                             - Undefined Weak Reference
    _get_lc_monetary                          - Undefined Weak Reference
    _get_lc_numeric                           - Undefined Weak Reference
    _get_lc_time                              - Undefined Weak Reference
    _getenv_init                              - Undefined Weak Reference
    _handle_redirection                       - Undefined Weak Reference
    _init_alloc                               - Undefined Weak Reference
    _init_user_alloc                          - Undefined Weak Reference
    _initio                                   - Undefined Weak Reference
    _printf_mbtowc                            - Undefined Weak Reference
    _printf_post_padding                      - Undefined Weak Reference
    _printf_pre_padding                       - Undefined Weak Reference
    _printf_truncate_signed                   - Undefined Weak Reference
    _printf_truncate_unsigned                 - Undefined Weak Reference
    _signal_finish                            - Undefined Weak Reference
    _signal_init                              - Undefined Weak Reference
    _terminate_alloc                          - Undefined Weak Reference
    _terminate_user_alloc                     - Undefined Weak Reference
    _terminateio                              - Undefined Weak Reference
    Reset_Handler                            0x0000026d   Thumb Code     0  startup_rvmdk.o(RESET)
    __main                                   0x00000289   Thumb Code     8  __main.o(!!!main)
    __scatterload                            0x00000291   Thumb Code     0  __scatter.o(!!!scatter)
    __scatterload_rt2                        0x00000291   Thumb Code    44  __scatter.o(!!!scatter)
    __scatterload_rt2_thumb_only             0x00000291   Thumb Code     0  __scatter.o(!!!scatter)
    __scatterload_null                       0x0000029f   Thumb Code     0  __scatter.o(!!!scatter)
    __scatterload_copy                       0x000002c5   Thumb Code    26  __scatter_copy.o(!!handler_copy)
    __scatterload_zeroinit                   0x000002e1   Thumb Code    28  __scatter_zi.o(!!handler_zi)
    _printf_d                                0x000002fd   Thumb Code     0  _printf_d.o(.ARM.Collect$$_printf_percent$$00000009)
    _printf_percent                          0x000002fd   Thumb Code     0  _printf_percent.o(.ARM.Collect$$_printf_percent$$00000000)
    _printf_s                                0x00000303   Thumb Code     0  _printf_s.o(.ARM.Collect$$_printf_percent$$00000014)
    _printf_percent_end                      0x00000309   Thumb Code     0  _printf_percent_end.o(.ARM.Collect$$_printf_percent$$00000017)
    __rt_lib_init                            0x0000030d   Thumb Code     0  libinit.o(.ARM.Collect$$libinit$$00000000)
    __rt_lib_init_fp_1                       0x0000030f   Thumb Code     0  libinit2.o(.ARM.Collect$$libinit$$00000001)
    __rt_lib_init_alloca_1                   0x00000313   Thumb Code     0  libinit2.o(.ARM.Collect$$libinit$$0000002C)
    __rt_lib_init_argv_1                     0x00000313   Thumb Code     0  libinit2.o(.ARM.Collect$$libinit$$0000002A)
    __rt_lib_init_atexit_1                   0x00000313   Thumb Code     0  libinit2.o(.ARM.Collect$$libinit$$00000019)
    __rt_lib_init_clock_1                    0x00000313   Thumb Code     0  libinit2.o(.ARM.Collect$$libinit$$0000001F)
    __rt_lib_init_cpp_1                      0x00000313   Thumb Code     0  libinit2.o(.ARM.Collect$$libinit$$00000030)
    __rt_lib_init_exceptions_1               0x00000313   Thumb Code     0  libinit2.o(.ARM.Collect$$libinit$$0000002E)
    __rt_lib_init_fp_trap_1                  0x00000313   Thumb Code     0  libinit2.o(.ARM.Collect$$libinit$$0000001D)
    __rt_lib_init_getenv_1                   0x00000313   Thumb Code     0  libinit2.o(.ARM.Collect$$libinit$$00000021)
    __rt_lib_init_heap_1                     0x00000313   Thumb Code     0  libinit2.o(.ARM.Collect$$libinit$$00000008)
    __rt_lib_init_lc_collate_1               0x00000313   Thumb Code     0  libinit2.o(.ARM.Collect$$libinit$$0000000F)
    __rt_lib_init_lc_ctype_1                 0x00000313   Thumb Code     0  libinit2.o(.ARM.Collect$$libinit$$00000011)
    __rt_lib_init_lc_monetary_1              0x00000313   Thumb Code     0  libinit2.o(.ARM.Collect$$libinit$$00000013)
    __rt_lib_init_lc_numeric_1               0x00000313   Thumb Code     0  libinit2.o(.ARM.Collect$$libinit$$00000015)
    __rt_lib_init_lc_time_1                  0x00000313   Thumb Code     0  libinit2.o(.ARM.Collect$$libinit$$00000017)
    __rt_lib_init_rand_1                     0x00000313   Thumb Code     0  libinit2.o(.ARM.Collect$$libinit$$0000000C)
    __rt_lib_init_return                     0x00000313   Thumb Code     0  libinit2.o(.ARM.Collect$$libinit$$00000031)
    __rt_lib_init_signal_1                   0x00000313   Thumb Code     0  libinit2.o(.ARM.Collect$$libinit$$0000001B)
    __rt_lib_init_stdio_1                    0x00000313   Thumb Code     0  libinit2.o(.ARM.Collect$$libinit$$00000023)
    __rt_lib_init_user_alloc_1               0x00000313   Thumb Code     0  libinit2.o(.ARM.Collect$$libinit$$0000000A)
    __rt_lib_shutdown                        0x00000315   Thumb Code     0  libshutdown.o(.ARM.Collect$$libshutdown$$00000000)
    __rt_lib_shutdown_fp_trap_1              0x00000317   Thumb Code     0  libshutdown2.o(.ARM.Collect$$libshutdown$$00000006)
    __rt_lib_shutdown_heap_1                 0x00000317   Thumb Code     0  libshutdown2.o(.ARM.Collect$$libshutdown$$0000000E)
    __rt_lib_shutdown_return                 0x00000317   Thumb Code     0  libshutdown2.o(.ARM.Collect$$libshutdown$$0000000F)
    __rt_lib_shutdown_signal_1               0x00000317   Thumb Code     0  libshutdown2.o(.ARM.Collect$$libshutdown$$00000009)
    __rt_lib_shutdown_stdio_1                0x00000317   Thumb Code     0  libshutdown2.o(.ARM.Collect$$libshutdown$$00000003)
    __rt_lib_shutdown_user_alloc_1           0x00000317   Thumb Code     0  libshutdown2.o(.ARM.Collect$$libshutdown$$0000000B)
    __rt_entry                               0x00000319   Thumb Code     0  rtentry.o(.ARM.Collect$$rtentry$$00000000)
    __rt_entry_presh_1                       0x00000319   Thumb Code     0  rtentry2.o(.ARM.Collect$$rtentry$$00000002)
    __rt_entry_sh                            0x00000319   Thumb Code     0  rtentry4.o(.ARM.Collect$$rtentry$$00000004)
    __rt_entry_li                            0x0000031f   Thumb Code     0  rtentry2.o(.ARM.Collect$$rtentry$$0000000A)
    __rt_entry_postsh_1                      0x0000031f   Thumb Code     0  rtentry2.o(.ARM.Collect$$rtentry$$00000009)
    __rt_entry_main                          0x00000323   Thumb Code     0  rtentry2.o(.ARM.Collect$$rtentry$$0000000D)
    __rt_entry_postli_1                      0x00000323   Thumb Code     0  rtentry2.o(.ARM.Collect$$rtentry$$0000000C)
    __rt_exit                                0x0000032b   Thumb Code     0  rtexit.o(.ARM.Collect$$rtexit$$00000000)
    __rt_exit_ls                             0x0000032d   Thumb Code     0  rtexit2.o(.ARM.Collect$$rtexit$$00000003)
    __rt_exit_prels_1                        0x0000032d   Thumb Code     0  rtexit2.o(.ARM.Collect$$rtexit$$00000002)
    __rt_exit_exit                           0x00000331   Thumb Code     0  rtexit2.o(.ARM.Collect$$rtexit$$00000004)
    SysCtlDelay                              0x00000339   Thumb Code     6  sysctl.o(.emb_text)
    CPUcpsid                                 0x00000341   Thumb Code     8  cpu.o(.emb_text)
    CPUprimask                               0x00000349   Thumb Code     6  cpu.o(.emb_text)
    CPUcpsie                                 0x0000034f   Thumb Code     8  cpu.o(.emb_text)
    CPUwfi                                   0x00000357   Thumb Code     4  cpu.o(.emb_text)
    CPUbasepriSet                            0x0000035b   Thumb Code     6  cpu.o(.emb_text)
    CPUbasepriGet                            0x00000361   Thumb Code     6  cpu.o(.emb_text)
    __user_initial_stackheap                 0x00000369   Thumb Code     0  startup_rvmdk.o(.text)
    __I$use$semihosting                      0x00000381   Thumb Code     0  use_no_semi.o(.text)
    __use_no_semihosting_swi                 0x00000381   Thumb Code     2  use_no_semi.o(.text)
    __2printf                                0x00000385   Thumb Code    20  noretval__2printf.o(.text)
    __printf                                 0x0000039d   Thumb Code   104  __printf.o(.text)
    _printf_str                              0x00000405   Thumb Code    82  _printf_str.o(.text)
    _printf_int_dec                          0x00000459   Thumb Code   100  _printf_dec.o(.text)
    getc                                     0x000004cd   Thumb Code     4  getc.o(.text)
    puts                                     0x000004d1   Thumb Code    40  puts.o(.text)
    __use_two_region_memory                  0x000004fd   Thumb Code     2  heapauxi.o(.text)
    __rt_heap_escrow$2region                 0x000004ff   Thumb Code     2  heapauxi.o(.text)
    __rt_heap_expand$2region                 0x00000501   Thumb Code     2  heapauxi.o(.text)
    _printf_int_common                       0x00000503   Thumb Code   178  _printf_intcommon.o(.text)
    _printf_cs_common                        0x000005b5   Thumb Code    20  _printf_char.o(.text)
    _printf_char                             0x000005c9   Thumb Code    16  _printf_char.o(.text)
    _printf_string                           0x000005d9   Thumb Code     8  _printf_char.o(.text)
    _printf_char_file                        0x000005e1   Thumb Code    32  _printf_char_file.o(.text)
    _printf_char_common                      0x0000060f   Thumb Code    32  _printf_char_common.o(.text)
    __user_setup_stackheap                   0x00000635   Thumb Code    74  sys_stackheap_outer.o(.text)
    exit                                     0x0000067f   Thumb Code    12  exit.o(.text)
    __user_libspace                          0x0000068d   Thumb Code     8  libspace.o(.text)
    __user_perproc_libspace                  0x0000068d   Thumb Code     0  libspace.o(.text)
    __user_perthread_libspace                0x0000068d   Thumb Code     0  libspace.o(.text)
    BeginMessageTransmission                 0x000006e5   Thumb Code    46  uart.o(i.BeginMessageTransmission)
    CPUgetPRIMASK_cpsid                      0x00000721   Thumb Code     8  es_port.o(i.CPUgetPRIMASK_cpsid)
    CPUsetPRIMASK                            0x00000729   Thumb Code     6  es_port.o(i.CPUsetPRIMASK)
    Check4ButtonPress                        0x00000731   Thumb Code    46  eventcheckers.o(i.Check4ButtonPress)
    Check4Keystroke                          0x00000769   Thumb Code    44  eventcheckers.o(i.Check4Keystroke)
    CheckForErrors                           0x00000799   Thumb Code    62  xbee.o(i.CheckForErrors)
    ComputeChecksum                          0x000007d7   Thumb Code    26  xbee.o(i.ComputeChecksum)
    DecryptMessage                           0x000007f1   Thumb Code    32  encryption.o(i.DecryptMessage)
    ES_CheckUserEvents                       0x00000815   Thumb Code    34  es_checkevents.o(i.ES_CheckUserEvents)
    ES_DeQueue                               0x0000083d   Thumb Code    80  es_queue.o(i.ES_DeQueue)
    ES_EnQueueFIFO                           0x00000891   Thumb Code    66  es_queue.o(i.ES_EnQueueFIFO)
    ES_GetMSBitSet                           0x000008d9   Thumb Code    48  es_lookuptables.o(i.ES_GetMSBitSet)
    ES_InitQueue                             0x0000090d   Thumb Code    16  es_queue.o(i.ES_InitQueue)
    ES_Initialize                            0x0000091d   Thumb Code    72  es_framework.o(i.ES_Initialize)
    ES_PostToService                         0x00000969   Thumb Code    42  es_framework.o(i.ES_PostToService)
    ES_Run                                   0x000009a1   Thumb Code    84  es_framework.o(i.ES_Run)
    ES_Timer_Init                            0x00000a01   Thumb Code     4  es_timers.o(i.ES_Timer_Init)
    ES_Timer_InitTimer                       0x00000a05   Thumb Code    44  es_timers.o(i.ES_Timer_InitTimer)
    ES_Timer_StopTimer                       0x00000a41   Thumb Code    28  es_timers.o(i.ES_Timer_StopTimer)
    ES_Timer_Tick_Resp                       0x00000a65   Thumb Code    90  es_timers.o(i.ES_Timer_Tick_Resp)
    GPIODirModeSet                           0x00000b79   Thumb Code    40  gpio.o(i.GPIODirModeSet)
    GPIOPadConfigSet                         0x00000ba1   Thumb Code   314  gpio.o(i.GPIOPadConfigSet)
    GPIOPinConfigure                         0x00000cdd   Thumb Code    64  gpio.o(i.GPIOPinConfigure)
    GPIOPinTypePWM                           0x00000d25   Thumb Code    28  gpio.o(i.GPIOPinTypePWM)
    GPIOPinTypeUART                          0x00000d41   Thumb Code    28  gpio.o(i.GPIOPinTypeUART)
    GetApiIdentifier                         0x00000d5d   Thumb Code    10  xbee.o(i.GetApiIdentifier)
    GetMessage                               0x00000d69   Thumb Code     6  uart.o(i.GetMessage)
    GetMessageData                           0x00000d75   Thumb Code    10  xbee.o(i.GetMessageData)
    GetMessageDataSize                       0x00000d7f   Thumb Code    12  xbee.o(i.GetMessageDataSize)
    GetMessageSize                           0x00000d8d   Thumb Code     6  uart.o(i.GetMessageSize)
    GetSenderAddress                         0x00000d99   Thumb Code    22  xbee.o(i.GetSenderAddress)
    InitButtonService                        0x00000db1   Thumb Code   104  button.o(i.InitButtonService)
    InitLobbyistSM                           0x00000e31   Thumb Code    28  lobbyistsm.o(i.InitLobbyistSM)
    InitMapKeys                              0x00000e51   Thumb Code     8  mapkeys.o(i.InitMapKeys)
    InitUart1                                0x00000e5d   Thumb Code   180  uart.o(i.InitUart1)
    InitXBee                                 0x00000f25   Thumb Code    10  xbee.o(i.InitXBee)
    IntMasterEnable                          0x00000f2f   Thumb Code    14  interrupt.o(i.IntMasterEnable)
    LoadData                                 0x00000f3d   Thumb Code     8  uart.o(i.LoadData)
    PWM8_TIVA_Init                           0x00000f49   Thumb Code   246  pwm8tiva.o(i.PWM8_TIVA_Init)
    PWM8_TIVA_SetDuty                        0x00001085   Thumb Code    48  pwm8tiva.o(i.PWM8_TIVA_SetDuty)
    PWM8_TIVA_SetPeriod                      0x000010c5   Thumb Code    60  pwm8tiva.o(i.PWM8_TIVA_SetPeriod)
    PWM8_TIVA_SetPulseWidth                  0x00001111   Thumb Code    32  pwm8tiva.o(i.PWM8_TIVA_SetPulseWidth)
    PWMGenConfigure                          0x0000113d   Thumb Code    38  pwm.o(i.PWMGenConfigure)
    PWMGenEnable                             0x00001163   Thumb Code    10  pwm.o(i.PWMGenEnable)
    PWMGenPeriodSet                          0x0000116d   Thumb Code    18  pwm.o(i.PWMGenPeriodSet)
    PWMOutputState                           0x0000117f   Thumb Code    16  pwm.o(i.PWMOutputState)
    PWMPulseWidthSet                         0x0000118f   Thumb Code    32  pwm.o(i.PWMPulseWidthSet)
    PWMSyncUpdate                            0x000011af   Thumb Code     4  pwm.o(i.PWMSyncUpdate)
    PostButtonService                        0x000011b5   Thumb Code    10  button.o(i.PostButtonService)
    PostLobbyistSM                           0x000011c5   Thumb Code    10  lobbyistsm.o(i.PostLobbyistSM)
    PostMapKeys                              0x000011d5   Thumb Code    10  mapkeys.o(i.PostMapKeys)
    RotateCipher                             0x000011e5   Thumb Code    20  encryption.o(i.RotateCipher)
    RunButtonService                         0x000011fd   Thumb Code    70  button.o(i.RunButtonService)
    RunLobbyistSM                            0x00001259   Thumb Code   442  lobbyistsm.o(i.RunLobbyistSM)
    RunMapKeys                               0x000015ad   Thumb Code    94  mapkeys.o(i.RunMapKeys)
    SendMessage                              0x00001645   Thumb Code    24  uart.o(i.SendMessage)
    SetKey                                   0x00001665   Thumb Code    20  encryption.o(i.SetKey)
    ShortTimerAHandler                       0x0000167d   Thumb Code    42  es_shorttimer.o(i.ShortTimerAHandler)
    ShortTimerBHandler                       0x000016b1   Thumb Code    46  es_shorttimer.o(i.ShortTimerBHandler)
    Steering_HWInit                          0x000016e9   Thumb Code    40  steering.o(i.Steering_HWInit)
    Steering_Write                           0x00001711   Thumb Code   102  steering.o(i.Steering_Write)
    SysCtlClockGet                           0x0000178d   Thumb Code   314  sysctl.o(i.SysCtlClockGet)
    SysCtlClockSet                           0x000018f1   Thumb Code   270  sysctl.o(i.SysCtlClockSet)
    SysCtlPWMClockSet                        0x00001a11   Thumb Code    14  sysctl.o(i.SysCtlPWMClockSet)
    SysCtlPeripheralEnable                   0x00001a25   Thumb Code    36  sysctl.o(i.SysCtlPeripheralEnable)
    SysTickEnable                            0x00001a4d   Thumb Code    14  systick.o(i.SysTickEnable)
    SysTickIntEnable                         0x00001a5b   Thumb Code    14  systick.o(i.SysTickIntEnable)
    SysTickIntHandler                        0x00001a69   Thumb Code    16  es_port.o(i.SysTickIntHandler)
    SysTickPeriodSet                         0x00001a7d   Thumb Code    10  systick.o(i.SysTickPeriodSet)
    TERMIO_GetChar                           0x00001a87   Thumb Code     4  termio.o(i.TERMIO_GetChar)
    TERMIO_Init                              0x00001a8d   Thumb Code    62  termio.o(i.TERMIO_Init)
    TERMIO_PutChar                           0x00001add   Thumb Code     8  termio.o(i.TERMIO_PutChar)
    TimerIntClear                            0x00001ae9   Thumb Code     4  timer.o(i.TimerIntClear)
    TransmitMessage                          0x00001aed   Thumb Code    28  xbee.o(i.TransmitMessage)
    UART1_ISR                                0x00001b21   Thumb Code   160  uart.o(i.UART1_ISR)
    UARTCharPut                              0x00001be5   Thumb Code    12  uart.o(i.UARTCharPut)
    UARTClockSourceSet                       0x00001bf1   Thumb Code     6  uart.o(i.UARTClockSourceSet)
    UARTStdioConfig                          0x00001bf9   Thumb Code    82  uartstdio.o(i.UARTStdioConfig)
    UARTgetc                                 0x00001c55   Thumb Code    20  uartstdio.o(i.UARTgetc)
    _HW_Process_Pending_Ints                 0x00001c6d   Thumb Code    26  es_port.o(i._HW_Process_Pending_Ints)
    _HW_Timer_Init                           0x00001c8d   Thumb Code    22  es_port.o(i._HW_Timer_Init)
    _sys_exit                                0x00001ca3   Thumb Code     2  retarget.o(i._sys_exit)
    ferror                                   0x00001ca5   Thumb Code     6  retarget.o(i.ferror)
    fgetc                                    0x00001cab   Thumb Code     4  retarget.o(i.fgetc)
    fputc                                    0x00001caf   Thumb Code    14  retarget.o(i.fputc)
    kbhit                                    0x00001cbd   Thumb Code    16  termio.o(i.kbhit)
    main                                     0x00001cd1   Thumb Code    84  main.o(i.main)
    _fp_init                                 0x00001dc9   Thumb Code    10  fpinit.o(x$fpl$fpinit)
    __fplib_config_fpu_vfp                   0x00001dd1   Thumb Code     0  fpinit.o(x$fpl$fpinit)
    __fplib_config_pureend_doubles           0x00001dd1   Thumb Code     0  fpinit.o(x$fpl$fpinit)
    BitNum2SetMask                           0x00001e3c   Data          32  es_lookuptables.o(.constdata)
    Nybble2MSBitNum                          0x00001e5c   Data          15  es_lookuptables.o(.constdata)
    Region$$Table$$Base                      0x000022f8   Number         0  anon$$obj.o(Region$$Table)
    Region$$Table$$Limit                     0x00002318   Number         0  anon$$obj.o(Region$$Table)
    Ready                                    0x20000058   Data           2  es_framework.o(.data)
    _PRIMASK_temp                            0x20000064   Data           4  es_queue.o(.data)
    __stdout                                 0x20000074   Data           4  retarget.o(.data)
    __stdin                                  0x20000078   Data           4  retarget.o(.data)
    __libspace_start                         0x200001c4   Data          96  libspace.o(.bss)
    __temporary_stack_top$libspace           0x20000224   Data           0  libspace.o(.bss)



==============================================================================

Memory Map of the image

  Image Entry point : 0x0000026d

  Load Region LR_IROM1 (Base: 0x00000000, Size: 0x0000239c, Max: 0x00040000, ABSOLUTE)

    Execution Region ER_IROM1 (Base: 0x00000000, Size: 0x00002318, Max: 0x00040000, ABSOLUTE)

    Base Addr    Size         Type   Attr      Idx    E Section Name        Object

    0x00000000   0x00000288   Code   RO          605  * RESET               startup_rvmdk.o
    0x00000288   0x00000008   Code   RO         2666  * !!!main             c_w.l(__main.o)
    0x00000290   0x00000034   Code   RO         2825    !!!scatter          c_w.l(__scatter.o)
    0x000002c4   0x0000001a   Code   RO         2827    !!handler_copy      c_w.l(__scatter_copy.o)
    0x000002de   0x00000002   PAD
    0x000002e0   0x0000001c   Code   RO         2829    !!handler_zi        c_w.l(__scatter_zi.o)
    0x000002fc   0x00000000   Code   RO         2654    .ARM.Collect$$_printf_percent$$00000000  c_w.l(_printf_percent.o)
    0x000002fc   0x00000006   Code   RO         2653    .ARM.Collect$$_printf_percent$$00000009  c_w.l(_printf_d.o)
    0x00000302   0x00000006   Code   RO         2652    .ARM.Collect$$_printf_percent$$00000014  c_w.l(_printf_s.o)
    0x00000308   0x00000004   Code   RO         2675    .ARM.Collect$$_printf_percent$$00000017  c_w.l(_printf_percent_end.o)
    0x0000030c   0x00000002   Code   RO         2755    .ARM.Collect$$libinit$$00000000  c_w.l(libinit.o)
    0x0000030e   0x00000004   Code   RO         2676    .ARM.Collect$$libinit$$00000001  c_w.l(libinit2.o)
    0x00000312   0x00000000   Code   RO         2680    .ARM.Collect$$libinit$$00000008  c_w.l(libinit2.o)
    0x00000312   0x00000000   Code   RO         2682    .ARM.Collect$$libinit$$0000000A  c_w.l(libinit2.o)
    0x00000312   0x00000000   Code   RO         2684    .ARM.Collect$$libinit$$0000000C  c_w.l(libinit2.o)
    0x00000312   0x00000000   Code   RO         2687    .ARM.Collect$$libinit$$0000000F  c_w.l(libinit2.o)
    0x00000312   0x00000000   Code   RO         2689    .ARM.Collect$$libinit$$00000011  c_w.l(libinit2.o)
    0x00000312   0x00000000   Code   RO         2691    .ARM.Collect$$libinit$$00000013  c_w.l(libinit2.o)
    0x00000312   0x00000000   Code   RO         2693    .ARM.Collect$$libinit$$00000015  c_w.l(libinit2.o)
    0x00000312   0x00000000   Code   RO         2695    .ARM.Collect$$libinit$$00000017  c_w.l(libinit2.o)
    0x00000312   0x00000000   Code   RO         2697    .ARM.Collect$$libinit$$00000019  c_w.l(libinit2.o)
    0x00000312   0x00000000   Code   RO         2699    .ARM.Collect$$libinit$$0000001B  c_w.l(libinit2.o)
    0x00000312   0x00000000   Code   RO         2701    .ARM.Collect$$libinit$$0000001D  c_w.l(libinit2.o)
    0x00000312   0x00000000   Code   RO         2703    .ARM.Collect$$libinit$$0000001F  c_w.l(libinit2.o)
    0x00000312   0x00000000   Code   RO         2705    .ARM.Collect$$libinit$$00000021  c_w.l(libinit2.o)
    0x00000312   0x00000000   Code   RO         2707    .ARM.Collect$$libinit$$00000023  c_w.l(libinit2.o)
    0x00000312   0x00000000   Code   RO         2711    .ARM.Collect$$libinit$$0000002A  c_w.l(libinit2.o)
    0x00000312   0x00000000   Code   RO         2713    .ARM.Collect$$libinit$$0000002C  c_w.l(libinit2.o)
    0x00000312   0x00000000   Code   RO         2715    .ARM.Collect$$libinit$$0000002E  c_w.l(libinit2.o)
    0x00000312   0x00000000   Code   RO         2717    .ARM.Collect$$libinit$$00000030  c_w.l(libinit2.o)
    0x00000312   0x00000002   Code   RO         2718    .ARM.Collect$$libinit$$00000031  c_w.l(libinit2.o)
    0x00000314   0x00000002   Code   RO         2789    .ARM.Collect$$libshutdown$$00000000  c_w.l(libshutdown.o)
    0x00000316   0x00000000   Code   RO         2794    .ARM.Collect$$libshutdown$$00000003  c_w.l(libshutdown2.o)
    0x00000316   0x00000000   Code   RO         2797    .ARM.Collect$$libshutdown$$00000006  c_w.l(libshutdown2.o)
    0x00000316   0x00000000   Code   RO         2800    .ARM.Collect$$libshutdown$$00000009  c_w.l(libshutdown2.o)
    0x00000316   0x00000000   Code   RO         2802    .ARM.Collect$$libshutdown$$0000000B  c_w.l(libshutdown2.o)
    0x00000316   0x00000000   Code   RO         2805    .ARM.Collect$$libshutdown$$0000000E  c_w.l(libshutdown2.o)
    0x00000316   0x00000002   Code   RO         2806    .ARM.Collect$$libshutdown$$0000000F  c_w.l(libshutdown2.o)
    0x00000318   0x00000000   Code   RO         2668    .ARM.Collect$$rtentry$$00000000  c_w.l(rtentry.o)
    0x00000318   0x00000000   Code   RO         2720    .ARM.Collect$$rtentry$$00000002  c_w.l(rtentry2.o)
    0x00000318   0x00000006   Code   RO         2732    .ARM.Collect$$rtentry$$00000004  c_w.l(rtentry4.o)
    0x0000031e   0x00000000   Code   RO         2722    .ARM.Collect$$rtentry$$00000009  c_w.l(rtentry2.o)
    0x0000031e   0x00000004   Code   RO         2723    .ARM.Collect$$rtentry$$0000000A  c_w.l(rtentry2.o)
    0x00000322   0x00000000   Code   RO         2725    .ARM.Collect$$rtentry$$0000000C  c_w.l(rtentry2.o)
    0x00000322   0x00000008   Code   RO         2726    .ARM.Collect$$rtentry$$0000000D  c_w.l(rtentry2.o)
    0x0000032a   0x00000002   Code   RO         2761    .ARM.Collect$$rtexit$$00000000  c_w.l(rtexit.o)
    0x0000032c   0x00000000   Code   RO         2771    .ARM.Collect$$rtexit$$00000002  c_w.l(rtexit2.o)
    0x0000032c   0x00000004   Code   RO         2772    .ARM.Collect$$rtexit$$00000003  c_w.l(rtexit2.o)
    0x00000330   0x00000006   Code   RO         2773    .ARM.Collect$$rtexit$$00000004  c_w.l(rtexit2.o)
    0x00000336   0x00000002   PAD
    0x00000338   0x00000006   Code   RO         1672    .emb_text           driverlib.lib(sysctl.o)
    0x0000033e   0x00000002   PAD
    0x00000340   0x00000026   Code   RO         2608    .emb_text           driverlib.lib(cpu.o)
    0x00000366   0x00000002   PAD
    0x00000368   0x00000018   Code   RO          606    .text               startup_rvmdk.o
    0x00000380   0x00000002   Code   RO         2620    .text               c_w.l(use_no_semi.o)
    0x00000382   0x00000002   PAD
    0x00000384   0x00000018   Code   RO         2624    .text               c_w.l(noretval__2printf.o)
    0x0000039c   0x00000068   Code   RO         2626    .text               c_w.l(__printf.o)
    0x00000404   0x00000052   Code   RO         2628    .text               c_w.l(_printf_str.o)
    0x00000456   0x00000002   PAD
    0x00000458   0x00000074   Code   RO         2630    .text               c_w.l(_printf_dec.o)
    0x000004cc   0x00000004   Code   RO         2655    .text               c_w.l(getc.o)
    0x000004d0   0x0000002c   Code   RO         2657    .text               c_w.l(puts.o)
    0x000004fc   0x00000006   Code   RO         2664    .text               c_w.l(heapauxi.o)
    0x00000502   0x000000b2   Code   RO         2669    .text               c_w.l(_printf_intcommon.o)
    0x000005b4   0x0000002c   Code   RO         2671    .text               c_w.l(_printf_char.o)
    0x000005e0   0x00000024   Code   RO         2673    .text               c_w.l(_printf_char_file.o)
    0x00000604   0x00000030   Code   RO         2734    .text               c_w.l(_printf_char_common.o)
    0x00000634   0x0000004a   Code   RO         2740    .text               c_w.l(sys_stackheap_outer.o)
    0x0000067e   0x0000000c   Code   RO         2744    .text               c_w.l(exit.o)
    0x0000068a   0x00000002   PAD
    0x0000068c   0x00000008   Code   RO         2758    .text               c_w.l(libspace.o)
    0x00000694   0x00000050   Code   RO          275    i.AssemblePacket    xbee.o
    0x000006e4   0x0000003c   Code   RO          343    i.BeginMessageTransmission  uart.o
    0x00000720   0x00000008   Code   RO          736    i.CPUgetPRIMASK_cpsid  es_port.o
    0x00000728   0x00000006   Code   RO          742    i.CPUsetPRIMASK     es_port.o
    0x0000072e   0x00000002   PAD
    0x00000730   0x00000038   Code   RO           89    i.Check4ButtonPress  eventcheckers.o
    0x00000768   0x00000030   Code   RO           90    i.Check4Keystroke   eventcheckers.o
    0x00000798   0x0000003e   Code   RO          276    i.CheckForErrors    xbee.o
    0x000007d6   0x0000001a   Code   RO          277    i.ComputeChecksum   xbee.o
    0x000007f0   0x00000024   Code   RO          483    i.DecryptMessage    encryption.o
    0x00000814   0x00000028   Code   RO          612    i.ES_CheckUserEvents  es_checkevents.o
    0x0000083c   0x00000054   Code   RO          764    i.ES_DeQueue        es_queue.o
    0x00000890   0x00000048   Code   RO          765    i.ES_EnQueueFIFO    es_queue.o
    0x000008d8   0x00000034   Code   RO          685    i.ES_GetMSBitSet    es_lookuptables.o
    0x0000090c   0x00000010   Code   RO          767    i.ES_InitQueue      es_queue.o
    0x0000091c   0x0000004c   Code   RO          638    i.ES_Initialize     es_framework.o
    0x00000968   0x00000038   Code   RO          640    i.ES_PostToService  es_framework.o
    0x000009a0   0x00000060   Code   RO          642    i.ES_Run            es_framework.o
    0x00000a00   0x00000004   Code   RO          807    i.ES_Timer_Init     es_timers.o
    0x00000a04   0x0000003c   Code   RO          808    i.ES_Timer_InitTimer  es_timers.o
    0x00000a40   0x00000024   Code   RO          811    i.ES_Timer_StopTimer  es_timers.o
    0x00000a64   0x0000006c   Code   RO          812    i.ES_Timer_Tick_Resp  es_timers.o
    0x00000ad0   0x000000a8   Code   RO          405    i.ExecuteControl    lobbyistsm.o
    0x00000b78   0x00000028   Code   RO         1002    i.GPIODirModeSet    driverlib.lib(gpio.o)
    0x00000ba0   0x0000013a   Code   RO         1012    i.GPIOPadConfigSet  driverlib.lib(gpio.o)
    0x00000cda   0x00000002   PAD
    0x00000cdc   0x00000048   Code   RO         1013    i.GPIOPinConfigure  driverlib.lib(gpio.o)
    0x00000d24   0x0000001c   Code   RO         1034    i.GPIOPinTypePWM    driverlib.lib(gpio.o)
    0x00000d40   0x0000001c   Code   RO         1038    i.GPIOPinTypeUART   driverlib.lib(gpio.o)
    0x00000d5c   0x0000000a   Code   RO          278    i.GetApiIdentifier  xbee.o
    0x00000d66   0x00000002   PAD
    0x00000d68   0x0000000c   Code   RO          344    i.GetMessage        uart.o
    0x00000d74   0x0000000a   Code   RO          279    i.GetMessageData    xbee.o
    0x00000d7e   0x0000000c   Code   RO          280    i.GetMessageDataSize  xbee.o
    0x00000d8a   0x00000002   PAD
    0x00000d8c   0x0000000c   Code   RO          345    i.GetMessageSize    uart.o
    0x00000d98   0x00000016   Code   RO          281    i.GetSenderAddress  xbee.o
    0x00000dae   0x00000002   PAD
    0x00000db0   0x00000080   Code   RO          213    i.InitButtonService  button.o
    0x00000e30   0x00000020   Code   RO          406    i.InitLobbyistSM    lobbyistsm.o
    0x00000e50   0x0000000c   Code   RO          454    i.InitMapKeys       mapkeys.o
    0x00000e5c   0x000000c8   Code   RO          346    i.InitUart1         uart.o
    0x00000f24   0x0000000a   Code   RO          282    i.InitXBee          xbee.o
    0x00000f2e   0x0000000e   Code   RO         1327    i.IntMasterEnable   driverlib.lib(interrupt.o)
    0x00000f3c   0x0000000c   Code   RO          347    i.LoadData          uart.o
    0x00000f48   0x0000013c   Code   RO          560    i.PWM8_TIVA_Init    pwm8tiva.o
    0x00001084   0x00000040   Code   RO          561    i.PWM8_TIVA_SetDuty  pwm8tiva.o
    0x000010c4   0x0000004c   Code   RO          563    i.PWM8_TIVA_SetPeriod  pwm8tiva.o
    0x00001110   0x0000002c   Code   RO          564    i.PWM8_TIVA_SetPulseWidth  pwm8tiva.o
    0x0000113c   0x00000026   Code   RO         1447    i.PWMGenConfigure   driverlib.lib(pwm.o)
    0x00001162   0x0000000a   Code   RO         1449    i.PWMGenEnable      driverlib.lib(pwm.o)
    0x0000116c   0x00000012   Code   RO         1462    i.PWMGenPeriodSet   driverlib.lib(pwm.o)
    0x0000117e   0x00000010   Code   RO         1469    i.PWMOutputState    driverlib.lib(pwm.o)
    0x0000118e   0x00000020   Code   RO         1472    i.PWMPulseWidthSet  driverlib.lib(pwm.o)
    0x000011ae   0x00000004   Code   RO         1474    i.PWMSyncUpdate     driverlib.lib(pwm.o)
    0x000011b2   0x00000002   PAD
    0x000011b4   0x00000010   Code   RO          214    i.PostButtonService  button.o
    0x000011c4   0x00000010   Code   RO          407    i.PostLobbyistSM    lobbyistsm.o
    0x000011d4   0x00000010   Code   RO          455    i.PostMapKeys       mapkeys.o
    0x000011e4   0x00000018   Code   RO          487    i.RotateCipher      encryption.o
    0x000011fc   0x0000005c   Code   RO          215    i.RunButtonService  button.o
    0x00001258   0x00000354   Code   RO          409    i.RunLobbyistSM     lobbyistsm.o
    0x000015ac   0x00000098   Code   RO          456    i.RunMapKeys        mapkeys.o
    0x00001644   0x00000020   Code   RO          348    i.SendMessage       uart.o
    0x00001664   0x00000018   Code   RO          488    i.SetKey            encryption.o
    0x0000167c   0x00000034   Code   RO          166    i.ShortTimerAHandler  es_shorttimer.o
    0x000016b0   0x00000038   Code   RO          167    i.ShortTimerBHandler  es_shorttimer.o
    0x000016e8   0x00000028   Code   RO          533    i.Steering_HWInit   steering.o
    0x00001710   0x0000007c   Code   RO          534    i.Steering_Write    steering.o
    0x0000178c   0x00000164   Code   RO         1675    i.SysCtlClockGet    driverlib.lib(sysctl.o)
    0x000018f0   0x00000120   Code   RO         1677    i.SysCtlClockSet    driverlib.lib(sysctl.o)
    0x00001a10   0x00000014   Code   RO         1701    i.SysCtlPWMClockSet  driverlib.lib(sysctl.o)
    0x00001a24   0x00000028   Code   RO         1706    i.SysCtlPeripheralEnable  driverlib.lib(sysctl.o)
    0x00001a4c   0x0000000e   Code   RO         2015    i.SysTickEnable     driverlib.lib(systick.o)
    0x00001a5a   0x0000000e   Code   RO         2017    i.SysTickIntEnable  driverlib.lib(systick.o)
    0x00001a68   0x00000014   Code   RO          702    i.SysTickIntHandler  es_port.o
    0x00001a7c   0x0000000a   Code   RO         2021    i.SysTickPeriodSet  driverlib.lib(systick.o)
    0x00001a86   0x00000004   Code   RO          905    i.TERMIO_GetChar    termio.o
    0x00001a8a   0x00000002   PAD
    0x00001a8c   0x00000050   Code   RO          906    i.TERMIO_Init       termio.o
    0x00001adc   0x0000000c   Code   RO          907    i.TERMIO_PutChar    termio.o
    0x00001ae8   0x00000004   Code   RO         2091    i.TimerIntClear     driverlib.lib(timer.o)
    0x00001aec   0x00000020   Code   RO          283    i.TransmitMessage   xbee.o
    0x00001b0c   0x00000014   Code   RO          410    i.TransmitStatusPacket  lobbyistsm.o
    0x00001b20   0x000000c4   Code   RO          350    i.UART1_ISR         uart.o
    0x00001be4   0x0000000c   Code   RO         2327    i.UARTCharPut       driverlib.lib(uart.o)
    0x00001bf0   0x00000006   Code   RO         2331    i.UARTClockSourceSet  driverlib.lib(uart.o)
    0x00001bf6   0x00000002   PAD
    0x00001bf8   0x0000005c   Code   RO          945    i.UARTStdioConfig   uartstdio.o
    0x00001c54   0x00000018   Code   RO          946    i.UARTgetc          uartstdio.o
    0x00001c6c   0x00000020   Code   RO          704    i._HW_Process_Pending_Ints  es_port.o
    0x00001c8c   0x00000016   Code   RO          705    i._HW_Timer_Init    es_port.o
    0x00001ca2   0x00000002   Code   RO          858    i._sys_exit         retarget.o
    0x00001ca4   0x00000006   Code   RO          860    i.ferror            retarget.o
    0x00001caa   0x00000004   Code   RO          861    i.fgetc             retarget.o
    0x00001cae   0x0000000e   Code   RO          862    i.fputc             retarget.o
    0x00001cbc   0x00000014   Code   RO          908    i.kbhit             termio.o
    0x00001cd0   0x000000f8   Code   RO            1    i.main              main.o
    0x00001dc8   0x0000000a   Code   RO         2738    x$fpl$fpinit        fz_wm.l(fpinit.o)
    0x00001dd2   0x00000002   PAD
    0x00001dd4   0x00000030   Data   RO          566    .constdata          pwm8tiva.o
    0x00001e04   0x00000008   Data   RO          613    .constdata          es_checkevents.o
    0x00001e0c   0x00000030   Data   RO          646    .constdata          es_framework.o
    0x00001e3c   0x00000020   Data   RO          686    .constdata          es_lookuptables.o
    0x00001e5c   0x0000000f   Data   RO          687    .constdata          es_lookuptables.o
    0x00001e6b   0x00000001   PAD
    0x00001e6c   0x00000040   Data   RO          814    .constdata          es_timers.o
    0x00001eac   0x0000001c   Data   RO          951    .constdata          uartstdio.o
    0x00001ec8   0x00000210   Data   RO         1045    .constdata          driverlib.lib(gpio.o)
    0x000020d8   0x000001c4   Data   RO         1727    .constdata          driverlib.lib(sysctl.o)
    0x0000229c   0x00000048   Data   RO          353    .conststring        uart.o
    0x000022e4   0x00000011   Data   RO          952    .conststring        uartstdio.o
    0x000022f5   0x00000003   PAD
    0x000022f8   0x00000020   Data   RO         2823    Region$$Table       anon$$obj.o


    Execution Region RW_IRAM1 (Base: 0x20000000, Size: 0x00000a28, Max: 0x00008000, ABSOLUTE)

    Base Addr    Size         Type   Attr      Idx    E Section Name        Object

    0x20000000   0x00000001   Data   RW           91    .data               eventcheckers.o
    0x20000001   0x00000002   Data   RW          168    .data               es_shorttimer.o
    0x20000003   0x00000002   Data   RW          216    .data               button.o
    0x20000005   0x00000003   PAD
    0x20000008   0x00000008   Data   RW          285    .data               xbee.o
    0x20000010   0x0000000c   Data   RW          354    .data               uart.o
    0x2000001c   0x00000014   Data   RW          411    .data               lobbyistsm.o
    0x20000030   0x00000008   Data   RW          412    .data               lobbyistsm.o
    0x20000038   0x00000001   Data   RW          457    .data               mapkeys.o
    0x20000039   0x00000003   PAD
    0x2000003c   0x00000010   Data   RW          492    .data               encryption.o
    0x2000004c   0x00000004   Data   RW          535    .data               steering.o
    0x20000050   0x00000008   Data   RW          567    .data               pwm8tiva.o
    0x20000058   0x00000006   Data   RW          647    .data               es_framework.o
    0x2000005e   0x00000004   Data   RW          706    .data               es_port.o
    0x20000062   0x00000002   PAD
    0x20000064   0x00000004   Data   RW          769    .data               es_queue.o
    0x20000068   0x0000000a   Data   RW          815    .data               es_timers.o
    0x20000072   0x00000002   PAD
    0x20000074   0x00000004   Data   RW          863    .data               retarget.o
    0x20000078   0x00000004   Data   RW          864    .data               retarget.o
    0x2000007c   0x00000008   Data   RW          953    .data               uartstdio.o
    0x20000084   0x00000020   Zero   RW          284    .bss                xbee.o
    0x200000a4   0x00000032   Zero   RW          351    .bss                uart.o
    0x200000d6   0x00000032   Zero   RW          352    .bss                uart.o
    0x20000108   0x00000020   Zero   RW          489    .bss                encryption.o
    0x20000128   0x00000020   Zero   RW          490    .bss                encryption.o
    0x20000148   0x00000020   Zero   RW          491    .bss                encryption.o
    0x20000168   0x00000010   Zero   RW          565    .bss                pwm8tiva.o
    0x20000178   0x0000000c   Zero   RW          643    .bss                es_framework.o
    0x20000184   0x00000010   Zero   RW          644    .bss                es_framework.o
    0x20000194   0x00000010   Zero   RW          645    .bss                es_framework.o
    0x200001a4   0x00000020   Zero   RW          813    .bss                es_timers.o
    0x200001c4   0x00000060   Zero   RW         2759    .bss                c_w.l(libspace.o)
    0x20000224   0x00000004   PAD
    0x20000228   0x00000000   Zero   RW          604    HEAP                startup_rvmdk.o
    0x20000228   0x00000800   Zero   RW          603    STACK               startup_rvmdk.o


==============================================================================

Image component sizes


      Code (inc. data)   RO Data    RW Data    ZI Data      Debug   Object Name

       236         52          0          2          0       1835   button.o
        84         12          0         16         96       2677   encryption.o
        40          6          8          0          0       1125   es_checkevents.o
       228         30         48          6         44       2840   es_framework.o
        52          4         47          0          0       1234   es_lookuptables.o
        88         10          0          4          0       3442   es_port.o
       172         10          0          4          0       2345   es_queue.o
       108         20          0          2          0       2032   es_shorttimer.o
       208         42         64         10         32       2851   es_timers.o
       104         14          0          1          0       1906   eventcheckers.o
      1088        522          0         28          0       4694   lobbyistsm.o
       248        164          0          0          0       9223   main.o
       180         68          0          1          0       1717   mapkeys.o
       500        114         48          8         16       3045   pwm8tiva.o
        26          0          0          8          0       3547   retarget.o
       672        636          0          0       2048        516   startup_rvmdk.o
       164         22          0          4          0       2059   steering.o
       116         26          0          0          0       1884   termio.o
       524         94         72         12        100       4762   uart.o
       116         14         45          8          0       2636   uartstdio.o
       264         10          0          8         32       6204   xbee.o

    ----------------------------------------------------------------------
      5228       1870        368        132       2368      62574   Object Totals
         0          0         32          0          0          0   (incl. Generated)
        10          0          4         10          0          0   (incl. Padding)

    ----------------------------------------------------------------------

      Code (inc. data)   RO Data    RW Data    ZI Data      Debug   Library Member Name

         8          0          0          0          0         68   __main.o
       104          0          0          0          0         84   __printf.o
        52          8          0          0          0          0   __scatter.o
        26          0          0          0          0          0   __scatter_copy.o
        28          0          0          0          0          0   __scatter_zi.o
        44          0          0          0          0        108   _printf_char.o
        48          6          0          0          0         96   _printf_char_common.o
        36          4          0          0          0         80   _printf_char_file.o
         6          0          0          0          0          0   _printf_d.o
       116         16          0          0          0         92   _printf_dec.o
       178          0          0          0          0         88   _printf_intcommon.o
         0          0          0          0          0          0   _printf_percent.o
         4          0          0          0          0          0   _printf_percent_end.o
         6          0          0          0          0          0   _printf_s.o
        82          0          0          0          0         80   _printf_str.o
        12          0          0          0          0         72   exit.o
         4          0          0          0          0         68   getc.o
         6          0          0          0          0        152   heapauxi.o
         2          0          0          0          0          0   libinit.o
         6          0          0          0          0          0   libinit2.o
         2          0          0          0          0          0   libshutdown.o
         2          0          0          0          0          0   libshutdown2.o
         8          4          0          0         96         68   libspace.o
        24          4          0          0          0         84   noretval__2printf.o
        44          4          0          0          0         84   puts.o
         0          0          0          0          0          0   rtentry.o
        12          0          0          0          0          0   rtentry2.o
         6          0          0          0          0          0   rtentry4.o
         2          0          0          0          0          0   rtexit.o
        10          0          0          0          0          0   rtexit2.o
        74          0          0          0          0         80   sys_stackheap_outer.o
         2          0          0          0          0         68   use_no_semi.o
        38          0          0          0          0        504   cpu.o
       482          8        528          0          0       6402   gpio.o
        14          0          0          0          0        450   interrupt.o
       118          0          0          0          0       2735   pwm.o
       710         70        452          0          0       4371   sysctl.o
        38          0          0          0          0       1218   systick.o
         4          0          0          0          0        424   timer.o
        18          0          0          0          0        867   uart.o
        10          0          0          0          0        116   fpinit.o

    ----------------------------------------------------------------------
      2408        124        980          0        100      18459   Library Totals
        22          0          0          0          4          0   (incl. Padding)

    ----------------------------------------------------------------------

      Code (inc. data)   RO Data    RW Data    ZI Data      Debug   Library Name

       954         46          0          0         96       1372   c_w.l
      1422         78        980          0          0      16971   driverlib.lib
        10          0          0          0          0        116   fz_wm.l

    ----------------------------------------------------------------------
      2408        124        980          0        100      18459   Library Totals

    ----------------------------------------------------------------------

==============================================================================


      Code (inc. data)   RO Data    RW Data    ZI Data      Debug   

      7636       1994       1348        132       2468      71909   Grand Totals
      7636       1994       1348        132       2468      71909   ELF Image Totals
      7636       1994       1348        132          0          0   ROM Totals

==============================================================================

    Total RO  Size (Code + RO Data)                 8984 (   8.77kB)
    Total RW  Size (RW Data + ZI Data)              2600 (   2.54kB)
    Total ROM Size (Code + RO Data + RW Data)       9116 (   8.90kB)

==============================================================================

